(eval):1: command not found: timeout
                                                                                                                                                                                                                                                                                                                                                                                                                                                                                                                                                                                                                                                                                                                                                                                                                                                                                                                                                                                                                                                                                                                                                                                                                                                                                                                                                                                                                                                                                                                                                                                                                                                                                                                                                                                                                                                                                                                                                                                                                                                                                                                                                                                                                                                                                                                                                                                                                                                                                                                                                                                                                                                                                                                                                                                                                                                                                                                                                                                                                                                                                                                                                                                                                                                                                                                                                                                                                                                                                                                                                                                                                                                                                                                                                                                                                                                                                                                                                                                                                                                                                                                                                                                                                                                                                                                                                                                                                                                                                                                                                                                                                                                                                                                                                                                                                                                                                                                                                                                                                                                                                                                                                                                                                                                                                                                                                                                                                                                                                                                                                                                                                                                                                                                                                                                                                                                                                                                                                                                                                                                                                                                                                                                                                                                                                                                                                                                                                                                                                                                                                                                                                                                                                                                                                                                                                                                                                                                                                                                                                                                                                                                                                                                                                                                                                                                                                                                                                                                                                                                                                                                                                                                                                                                                                                                                                                                                                                                                                                                                                                                                                                                                                                                                                                                                                                                                                                                                                                                                                                                                                                                                                                                                                                                                                                                                                                                                                                                                                                                                                                                                                                                                                                                                                                                                                                                                                                                                                                                                                                                                                                                                                                                                                                                                                                                                                                                                                                                                                                                                                                                                                                                                                                                                                                                                                                                                                                                                                                                                                                                                                                                                                                                                                                                                                                                                                                                                                                                                                                                                                                                                                                                                                                                                                                                                                                                                                                                                                                                                                                                                                                                                                                                                                                                                                                                                                                                                                                                                                                                                                                                                                                                                                                                                                                                                                                                                                                                                                                                                                                                                                                                                                                                                                                                                                                                                                                                                                                                                                                                                                                                                                                                                                                                                                                                                                                                                                                                                                                                                                                                                                                                                                                                                                                                                                                                                                                                                                                                                                                                                                                                                                                                                                                                                                                                                                                                                                                                                                                                                                                                                                                                                                                                                                                                                                                                                                                                                                                                                                                                                                                                                                                                                                                                                                                                                                                                                                                                                                                                                                                                                                                                                                                                                                                                                                                                                                                                                                                                                                                                                                                                                                                                                                                                                                                                                                                                                                                                                                                                                                                                                                                                                                                                                                                                                                                                                                                                                                                                                                                                                                                                                                                                                                                                                                                                                                                                                                                                                                                                                                                                                                                                                                                                                                                                                                                                                                                                                                                                                                                                                                                                                                                                                                                                                                                                                                                                                                                                                                                                                                                                                                                                                                                                                                                                                                                                                                                                                                                                                                                                                                                                                                                                                                                                                                                                                                                                                                                                                                                                                                                                                                                                                                                                                                                                                                                                                                                                                                                                                                                                                                                                                                                                                                                                                                                                                                                                                                                                                                                                                                                                                                                                                                                                                                                                                                                                                                                                                                                                                                                                                                                                                                                                                                                                                                                                                                                                                                                                                                                                                                                                                                                                                                                                                                                                                                                                                                                                                                                                                                                                                                                                                                                                                                                                                                                                                                                                                                                                                                                                                                                                                                                                                                                                                                                                                                                                                                                                                                                                                                                                                                                                                                                                                                                                                                                                                                                                                                                                                                                                                                                                                                                                                                                                                                                                                                                                                                                                                                                                                                                                                                                                                                                                                                                                                                                                                                                                                                                                                                                                                                                                                                                                                                                                                                                                                                                                                                                                                                                                                                                                                                                                                                                                                                                                                                                                                                                                                                                                                                                                                                                                                                                                                                                                                                                                                                                                                                                                                                                                                                                                                                                                                                                                                                                                                                                                                                                                                                                                                                                                                                                                                                                                                                                                                                                                                                                                                                                                                                                                                                                                                                                                                                                                                                                                                                                                                                                                                                                                                                                                                                                                                                                                                                                                                                                                                                                                                                                                                                                                                                                                                                                                                                                                                                                                                                                                                                                                                                                                                                                                                                                                                                                                                                                                                                                                                                                                                                                                                                                                                                                                                                                                                                                                                                                                                                                                                                                                                                                                                                                                                                                                                                                                                                                                                                                                                                                                                                                                                                                                                                                                                                                                                                                                                                                                                                                                                                                                                                                                                                                                                                                                                                                                                                                                                                                                                                                                                                                                                                                                                                                                                                                                                                                                                                                                                                                                                                                                                                                                                                                                                                                                                                                                                                                                                                                                                                                                                                                                                                                                                                                                                                                                                                                                                                                                                                                                                                                                                                                                                                                                                                                                                                                                                                                                                                                                                                                                                                                                                                                                                                                                                                                                                                                                                                                                                                                                                                                                                                                                                                                                                                                                                                                                                                                                                                                                                                                                                                                                                                                                                                                                                                                                                                                                                                                                                                                                                                                                                                                                                                                                                                                                                                                                                                                                                                                                                                                                                                                                                                                                                                                                                                                                                                                                                                                                                                                                                                                                                                                                                                                                                                                                                                                                                                                                                                                                                                                                                                                                                                                                                                                                                                                                                                                                                                                                                                                                                                                                                                                                                                                                                                                                                                                                                                                                                                                                                                                                                                                                                                                                                                                                                                                                                                                                                                                                                                                                                                                                                                                                                                                                                                                                                                                                                                                                                                                                                                                                                                                                                                                                                                                                                                                                                                                                                                                                                                                                                                                                                                                                                                                                                                                                                                                                                                                                                                                                                                                                                                                                                                                                                                                                                                                                                                                                                                                                                                                                                                                                                                                                                                                                                                                                                                                                                                                                                                                                                                                                                                                                                                                                                                                                                                                                                                                                                                                                                                                                                                                                                                                                                                                                                                                                                                                                                                                                                                                                                                                                                                                                                                                                                                                                                                                                                                                                                                                                                                                                                                                                                                                                                                                                                                                                                                                                                                                                                                                                                                                                                                                                                                                                                                                                                                                                                                                                                                                                                                                                                                                                                                                                                                                                                                                                                                                                                                                                                                                                                                                                                                                                                                                                                                                                                                                                                                                                                                                                                                                                                                                                                                                                                                                                                                                                                                                                                                                                                                                                                                                                                                                                                                                                                                                                                                                                                                                                                                                                                                                                                                                                                                                                                                                                                                                                                                                                                                                                                                                                                                                                                                                                                                                                                                                                                                                                                                                                                                                                                                                                                                                                                                                                                                                                                                                                                                                                                                                                                                                                                                                                                                                                                                                                                                                                                                                                                                                                                                                                                                                                                                                                                                                                                                                                                                                                                                                                                                                                                                                                                                                                                                                                                                                                                                                                                                                                                                                                                                                                                                                                                                                                                                                                                                                                                                                                                                                                                                                                                                                                                                                                                                                                                                                                                                                                                                                                                                                                                                                                                                                                                                                                                                                                                                                                                                                                                                                                                                                                                                                                                                                                                                                                                                                                                                                                                                                                                                                                                                                                                                                                                                                                                                                                                                                                                                                                                                                                                                                                                                                                                                                                                                                                                                                                                                                                                                                                                                                                                                                                                                                                                                                                                                                                                                                                                                                                                                                                                                                                                                                                                                                                                                                                                                                                                                                                                                                                                                                                                                                                                                                                                                                                                                                                                                                                                                                                                                                                                                                                                                                                                                                                                                                                                                                                                                                                                                                                                                                                                                                                                                                                                                                                                                                                                                                                                                                                                                                                                                                                                                                                                                                                                                                                                                                                                                                                                                                                                                                                                                                                                                                                                                                                                                                                                                                                                                                                                                                                                                                                                                                                                                                                                                                                                                                                                                                                                                                                                                                                                                                                                                                                                                                                                                                                                                                                                                                                                                                                                                                                                                                                                                                                                                                                                                                                                                                                                                                                                                                                                                                                                                                                                                                                                                                                                                                                                                                                                                                                                                                                                                                                                                                                                                                                                                                                                                                                                                                                                                                                                                                                                                                                                                                                                                                                                                                                                                                                                                                                                                                                                                                                                                                                                                                                                                                                                                                                                                                                                                                                                                                                                                                                                                                                                                                                                                                                                                                                                                                                                                                                                                                                                                                                                                                                                                                                                                                                                                                                                                                                                                                                                                                                                                                                                                                                                                                                                                                                                                                                                                                                                                                                                                                                                                                                                                                                                                                                                                                                                                                                                                                                                                                                                                                                                                                                                                                                                                                                                                                                                                                                                                                                                                                                                                                                                                                                                                                                                                                                                                                                                                                                                                                                                                                                                                                                                                                                                                                                                                                                                                                                                                                                                                                                                                                                                                                                                                                                                                                                                                                                                                                                                                                                                                                                                                                                                                                                                                                                                                                                                                                                                                                                                                                                                                                                                                                                                                                                                                                                                                                                                                                                                                                                                                                                                                                                                                                                                                                                                                                                                                                                                                                                                                                                                                                                                                                                                                                                                                                                                                                                                                                                                                                                                                                                                                                                                                                                                                                                                                                                                                                                                                                                                                                                                                                                                                                                                                                                                                                                                                                                                                                                                                                                                                                                                                                                                                                                                                                                                                                                                                                                                                                                                                                                                                                                                                                                                                                                                                                                                                                                                                                                                                                                                                                                                                                                                                                                                                                                                                                                                                                                                                                                                                                                                                                                                                                                                                                                                                                                                                                                                                                                                                                                                                                                                                                                                                                                                                                                                                                                                                                                                                                                                                                                                                                                                                                                                                                                                                                                                                                                                                                                                                                                                                                                                                                                                                                                                                                                                                                                                                                                                                                                                                                                                                                                                                                                                                                                                                                                                                                                                                                                                                                                                                                                                                                                                                                                                                                                                                                                                                                                                                                                                                                                                                                                                                                                                                                                                                                                                                                                                                                                                                                                                                                                                                                                                                                                                                                                                                                                                                                                                                                                                                                                                                                                                                                                                                                                                                                                                                                                                                                                                                                                                                                                                                                                                                                                                                                                                                                                                                                                                                                                                                                                                                                                                                                                                                                                                                                                                                                                                                                                                                                                                                                                                                                                                                                                                                                                                                                                                                                                                                                                                                                                                                                                                                                                                                                                                                                                                                                                                                                                                                                                                                                                                                                                                                                                                                                                                                                                                                                                                                                                                                                                                                                                                                                                                                                                                                                                                                                                                                                                                                                                                                                                                                                                                                                                                                                                                                                                                                                                                                                                                                                                                                                                                                                                                                                                                                                                                                                                                                                                                                                                                                                                                                                                                                                                                                                                                                                                                                                                                                                                                                                                                                                                                                                                                                                                                                                                                                                                                                                                                                                                                                                                                                                                                                                                                                                                                                                                                                                                                                                                                                                                                                                                                                                                                                                                                                                                                                                                                                                                                                                                                                                                                                                                                                                                                                                                                                                                                                                                                                                                                                                                                                                                                                                                                                                                                                                                                                                                                                                                                                                                                                                                                                                                                                                                                                                                                                                                                                                                                                                                                                                                                                                                                                                                                                                                                                                                                                                                                                                                                                                                                                                                                                                                                                                                                                                                                                                                                                                                                                                                                                                                                                                                                                                                                                                                                                                                                                                                                                                                                                                                                                                                                                                                                                                                                                                                                                                                                                                                                                                                                                                                                                                                                                                                                                                                                                                                                                                                                                                                                                                                                                                                                                                                                                                                                                                                                                                                                                                                                                                                                                                                                                                                                                                                                                                                                                                                                                                                                                                                                                                                                                                                                                                                                                                                                                                                                                                                                                                                                                                                                                                                                                                                                                                                                                                                                                                                                                                                                                                                                                                                                                                                                                                                                                                                                                                                                                                                                                                                                                                                                                                                                                                                                                                                                                                                                                                                                                                                                                                                                                                                                                                                                                                                                                                                                                                                                                                                                                                                                                                                                                                                                                                                                                                                                                                                                                                                                                                                                                                                                                                                                                                                                                                                                                                                                                                                                                                                                                                                                                                                                                                                                                                                                                                                                                                                                                                                                                                                                                                                                                                                                                                                                                                                                                                                                                                                                                                                                                                                                                                                                                                                                                                                                                                                                                                                                                                                                                                                                                                                                                                                                                                                                                                                                                                                                                                                                                                                                                                                                                                                                                                                                                                                                                                                                                                                                                                                                                                                                                                                                                                                                                                                                                                                                                                                                                                                                                                                                                                                                                                                                                                                                                                                                                                                                                                                                                                                                                                                                                                                                                                                                                                                                                                                                                                                                                                                                                                                                                                                                                                                                                                                                                                                                                                                                                                                                                                                                                                                                                                                                                                                                                                                                                                                                                                                                                                                                                                                                                                                                                                                                                                                                                                                                                                                                                                                                                                                                                                                                                                                                                                                                                                                                                                                                                                                                                                                                                                                                                                                                                                                                                                                                                                                                                                                                                                                                                                                                                                                                                                                                                                                                                                                                                                                                                                                                                                                                                                                                                                                                                                                                                                                                                                                                                                                                                                                                                                                                                                                                                                                                                                                                                                                                                                                                                                                                                                                                                                                                                                                                                                                                                                                                                                                                                                                                                                                                                                                                                                                                                                                                                                                                                                                                                                                                                                                                                                                                                                                                                                                                                                                                                                                                                                                                                                                                                                                                                                                                                                                                                                                                                                                                                                                                                                                                                                                                                                                                                                                                                                                                                                                                                                                                                                                                                                                                                                                                                                                                                                                                                                                                                                                                                                                                                                                                                                                                                                                                                                                                                                                                                                                                                                                                                                                                                                                                                                                                                                                                                                                                                                                                                                                                                                                                                                                                                                                                                                                                                                                                                                                                                                                                                                                                                                                                                                                                                                                                                                                                                                                                                                                                                                                                                                                                                                                                                                                                                                                                                                                                                                                                                                                                                                                                                                                                                                                                                                                                                                                                                                                                                                                                                                                                                                                                                                                                                                                                                                                                                                                                                                                                                                                                                                                                                                                                                                                                                                                                                                                                                                                                                                                                                                                                                                                                                                                                                                                                                                                                                                                                                                                                                                                                                                                                                                                                                                                                                                                                                                                                                                                                                                                                                                                                                                                                                                                                                                                                                                                                                                                                                                                                                                                                                                                                                                                                                                                                                                                                                                                                                                                                                                                                                                                                                                                                                                                                                                                                                                                                                                                                                                                                                                                                                                                                                                                                                                                                                                                                                                                                                                                                                                                                                                                                                                                                                                                                                                                                                                                                                                                                                                                                                                                                                                                                                                                                                                                                                                                                                                                                                                                                                                                                                                                                                                                                                                                                                                                                                                                                                                                                                                                                                                                                                                                                                                                                                                                                                                                                                                                                                                                                                                                                                                                                                                                                                                                                                                                                                                                                                                                                                                                                                                                                                                                                                                                                                                                                                                                                                                                                                                                                                                                                                                                                                                                                                                                                                                                                                                                                                                                                                                                                                                                                                                                                                                                                                                                                                                                                                                                                                                                                                                                                                                                                                                                                                                                                                                                                                                                                                                                                                                                                                                                                                                                                                                                                                                                                                                                                                                                                                                                                                                                                                                                                                                                                                                                                                                                                                                                                                                                                                                                                                                                                                                                                                                                                                                                                                                                                                                                                                                                                                                                                                                                                                                                                                                                                                                                                                                                                                                                                                                                                                                                                                                                                                                                                                                                                                                                                                                                                                                                                                                                                                                                                                                                                                                                                                                                                                                                                                                                                                                                                                                                                                                                                                                                                                                                                                                                                                                                                                                                                                                                                                                                                                                                                                                                                                                                                                                                                                                                                                                                                                                                                                                                                                                                                                                                                                                                                                                                                                                                                                                                                                                                                                                                                                                                                                                                                                                                                                                                                                                                                                                                                                                                                                                                                                                                                                                                                                                                                                                                                                                                                                                                                                                                                                                                                                                                                                                                                                                                                                                                                                                                                                                                                                                                                                                                                                                                                                                                                                                                                                                                                                                                                                                                                                                                                                                                                                                                                                                                                                                                                                                                                                                                                                                                                                                                                                                                                                                                                                                                                                                                                                                                                                                                                                                                                                                                                                                                                                                                                                                                                                                                                                                                                                                                                                                                                                                                                                                                                                                                                                                                                                                                                                                                                                                                                                                                                                                                                                                                                                                                                                                                                                                                                                                                                                                                                                                                                                                                                                                                                                                                                                                                                                                                                                                                                                                                                                                                                                                                                                                                                                                                                                                                                                                                                                                                                                                                                                                                                                                                                                                                                                                                                                                                                                                                                                                                                                                                                                                                                                                                                                                                                                                                                                                                                                                                                                                                                                                                                                                                                                                                                                                                                                                                                                                                                                                                                                                                                                                                                                                                                                                                                                                                                                                                                                                                                                                                                                                                                                                                                                                                                                                                                                                                                                                                                                                                                                                                                                                                                                                                                                                                                                                                                                                                                                                                                                                                                                                                                                                                                                                                                                                                                                                                                                                                                                                                                                                                                                                                                                                                                                                                                                                                                                                                                                                                                                                                                                                                                                                                                                                                                                                                                                                                                                                                                                                                                                                                                                                                                                                                                                                                                                                                                                                                                                                                                                                                                                                                                                                                                                                                                                                                                                                                                                                                                                                                                                                                                                                                                                                                                                                                                                                                                                                                                                                                                                                                                                                                                                                                                                                                                                                                                                                                                                                                                                                                                                                                                                                                                                                                                                                                                                                                                                                                                                                                                                                                                                                                                                                                                                                                                                                                                                                                                                                                                                                                                                                                                                                                                                                                                                                                                                                                                                                                                                                                                                                                                                                                                                                                                                                                                                                                                                                                                                                                                                                                                                                                                                                                                                                                                                                                                                                                                                                                                                                                                                                                                                                                                                                                                                                                                                                                                                                                                                                                                                                                                                                                                                                                                                                                                                                                                                                                                                                                                                                                                                                                                                                                                                                                                                                                                                                                                                                                                                                                                                                                                                                                                                                                                                                                                                                                                                                                                                                                                                                                                                                                                                                                                                                                                                                                                                                                                                                                                                                                                                                                                                                                                                                                                                                                                                                                                                                                                                                                                                                                                                                                                                                                                                                                                                                                                                                                                                                                                                                                                                                                                                                                                                                                                                                                                                                                                                                                                                                                                                                                                                                                                                                                                                                                                                                                                                                                                                                                                                                                                                                                                                                                                                                                                                                                                                                                                                                                                                                                                                                                                                                                                                                                                                                                                                                                                                                                                                                                                                                                                                                                                                                                                                                                                                                                                                                                                                                                                                                                                                                                                                                                                                                                                                                                                                                                                                                                                                                                                                                                                                                                                                                                                                                                                                                                                                                                                                                                                                                                                                                                                                                                                                                                                                                                                                                                                                                                                                                                                                                                                                                                                                                                                                                                                                                                                                                                                                                                                                                                                                                                                                                                                                                                                                                                                                                                                                                                                                                                                                                                                                                                                                                                                                                                                                                                                                                                                                                                                                                                                                                                                                                                                                                                                                                                                                                                                                                                                                                                                                                                                                                                                                                                                                                                                                                                                                                                                                                                                                                                                                                                                                                                                                                                                                                                                                                                                                                                                                                                                                                                                                                                                                                                                                                                                                                                                                                                                                                                                                                                                                                                                                                                                                                                                                                                                                                                                                                                                                                                                                                                                                                                                                                                                                                                                                                                                                                                                                                                                                                                                                                                                                                                                                                                                                                                                                                                                                                                                                                                                                                                                                                                                                                                                                                                                                                                                                                                                                                                                                                                                                                                                                                                                                                                                                                                                                                                                                                                                                                                                                                                                                                                                                                                                                                                                                                                                                                                                                                                                                                                                                                                                                                                                                                                                                                                                                                                                                                                                                                                                                                                                                                                                                                                                                                                                                                                                                                                                                                                                                                                                                                                                                                                                                                                                                                                                                                                                                                                                                                                                                                                                                                                                                                                                                                                                                                                                                                                                                                                                                                                                                                                                                                                                                                                                                                                                                                                                                                                                                                                                                                                                                                                                                                                                                                                                                                                                                                                                                                                                                                                                                                                                                                                                                                                                                                                                                                                                                                                                                                                                                                                                                                                                                                                                                                                                                                                                                                                                                                                                                                                                                                                                                                                                                                                                                                                                                                                                                                                                                                                                                                                                                                                                                                                                                                                                                                                                                                                                                                                                                                                                                                                                                                                                                                                                                                                                                                                                                                                                                                                                                                                                                                                                                                                                                                                                                                                                                                                                                                                                                                                                                                                                                                                                                                                                                                                                                                                                                                                                                                                                                                                                                                                                                                                                                                                                                                                                                                                                                                                                                                                                                                                                                                                                                                                                                                                                                                                                                                                                                                                                                                                                                                                                                                                                                                                                                                                                                                                                                                                                                                                                                                                                                                                                                                                                                                                                                                                                                                                                                                                                                                                                                                                                                                                                                                                                                                                                                                                                                                                                                                                                                                                                                                                                                                                                                                                                                                                                                                                                                                                                                                                                                                                                                                                                                                                                                                                                                                                                                                                                                                                                                                                                                                                                                                                                                                                                                                                                                                                                                                                                                                                                                                                                                                                                                                                                                                                                                                                                                                                                                                                                                                                                                                                                                                                                                                                                                                                                                                                                                                                                                                                                                                                                                                                                                                                                                                                                                                                                                                                                                                                                                                                                                                                                                                                                                                                                                                                                                                                                                                                                                                                                                                                                                                                                                                                                                                                                                                                                                                                                                                                                                                                                                                                                                                                                                                                                                                                                                                                                                                                                                                                                                                                                                                                                                                                                                                                                                                                                                                                                                                                                                                                                                                                                                                                                                                                                                                                                                                                                                                                                                                                                                                                                                                                                                                                                                                                                                                                                                                                                                                                                                                                                                                                                                                                                                                                                                                                                                                                                                                                                                                                                                                                                                                                                                                                                                                                                                                                                                                                                                                                                                                                                                                                                                                                                                                                                                                                                                                                                                                                                                                                                                                                                                                                                                                                                                                                                                                                                                                                                                                                                                                                                                                                                                                                                                                                                                                                                                                                                                                                                                                                                                                                                                                                                                                                                                                                                                                                                                                                                                                                                                                                                                                                                                                                                                                                                                                                                                                                                                                                                                                                                                                                                                                                                                                                                                                                                                                                                                                                                                                                                                                                                                                                                                                                                                                                                                                                                                                                                                                                                                                                                                                                                                                                                                                                                                                                                                                                                                                                                                                                                                                                                                                                                                                                                                                                                                                                                                                                                                                                                                                                                                                                                                                                                                                                                                                                                                                                                                                                                                                                                                                                                                                                                                                                                                                                                                                                                                                                                                                                                                                                                                                                                                                                                                                                                                                                                                                                                                                                                                                                                                                                                                                                                                                                                                                                                                                                                                                                                                                                                                                                                                                                                                                                                                                                                                                                                                                                                                                                                                                                                                                                                                                                                                                                                                                                                                                                                                                                                                                                                                                                                                                                                                                                                                                                                                                                                                                                                                                                                                                                                                                                                                                                                                                                                                                                                                                                                                                                                                                                                                                                                                                                                                                                                                                                                                                                                                                                                                                                                                                                                                                                                                                                                                                                                                                                                                                                                                                                                                                                                                                                                                                                                                                                                                                                                                                                                                                                                                                                                                                                                                                                                                                                                                                                                                                                                                                                                                                                                                                                                                                                                                                                                                                                                                                                                                                                                                                                                                                                                                                                                                                                                                                                                                                                                                                                                                                                                                                                                                                                                                                                                                                                                                                                                                                                                                                                                                                                                                                                                                                                                                                                                                                                                                                                                                                                                                                                                                                                                                                                                                                                                                                                                                                                                                                                                                                                                                                                                                                                                                                                                                                                                                                                                                                                                                                                                                                                                                                                                                                                                                                                                                                                                                                                                                                                                                                                                                                                                                                                                                                                                                                                                                                                                                                                                                                                                                                                                                                                                                                                                                                                                                                                                                                                                                                                                                                                                                                                                                                                                                                                                                                                                                                                                                                                                                                                                                                                                                                                                                                                                                                                                                                                                                                                                                                                                                                                                                                                                                                                                                                                                                                                                                                                                                                                                                                                                                                                                                                                                                                                                                                                                                                                                                                                                                                                                                                                                                                                                                                                                                                                                                                                                                                                                                                                                                                                                                                                                                                                                                                                                                                                                                                                                                                                                                                                                                                                                                                                                                                                                                                                                                                                                                                                                                                                                                                                                                                                                                                                                                                                                                                                                                                                                                                                                                                                                                                                                                                                                                                                                                                                                                                                                                                                                                                                                                                                                                                                                                                                                                                                                                                                                                                                                                                                                                                                                                                                                                                                                                                                                                                                                                                                                                                                                                                                                                                                                                                                                                                                                                                                                                                                                                                                                                                                                                                                                                                                                                                                                                                                                                                                                                                                                                                                                                                                                                                                                                                                                                                                                                                                                                                                                                                                                                                                                                                                                                                                                                                                                                                                                                                                                                                                                                                                                                                                                                                                                                                                                                                                                                                                                                                                                                                                                                                                                                                                                                                                                                                                                                                                                                                                                                                                                                                                                                                                                                                                                                                                                                                                                                                                                                                                                                                                                                                                                                                                                                                                                                                                                                                                                                                                                                                                                                                                                                                                                                                                                                                                                                                                                                                                                                                                                                                                                                                                                                                                                                                                                                                                                                                                                                                                                                                                                                                                                                                                                                                                                                                                                                                                                                                                                                                                                                                                                                                                                                                                                                                                                                                                                                                                                                                                                                                                                                                                                                                                                                                                                                                                                                                                                                                                                                                                                                                                                                                                                                                                                                                                                                                                                                                                                                                                                                                                                                                                                                                                                                                                                                                                                                                                                                                                                                                                                                                                                                                                                                                                                                                                                                                                                                                                                                                                                                                                                                                                                                                                                                                                                                                                                                                                                                                                                                                                                                                                                                                                                                                                                                                                                                                                                                                                                                                                                                                                                                                                                                                                                                                                                                                                                                                                                                                                                                                                                                                                                                                                                                                                                                                                                                                                                                                                                                                                                                                                                                                                                                                                                                                                                                                                                                                                                                                                                                                                                                                                                                                                                                                                                                                                                                                                                                                                                                                                                                                                                                                                                                                                                                                                                                                                                                                                                                                                                                                                                                                                                                                                                                                                                                                                                                                                                                                                                                                                                                                                                                                                                                                                                                                                                                                                                                                                                                                                                                                                                                                                                                                                                                                                                                                                                                                                                                                                                                                                                                                                                                                                                                                                                                                                                                                                                                                                                                                                                                                                                                                                                                                                                                                                                                                                                                                                                                                                                                                                                                                                                                                                                                                                                                                                                                                                                                                                                                                                                                                                                                                                                                                                                                                                                                                                                                                                                                                                                                                                                                                                                                                                                                                                                                                                                                                                                                                                                                                                                                                                                                                                                                                                                                                                                                                                                                                                                                                                                                                                                                                                                                                                                                                                                                                                                                                                                                                                                                                                                                                                                                                                                                                                                                                                                                                                                                                                                                                                                                                                                                                                                                                                                                                                                                                                                                                                                                                                                                                                                                                                                                                                                                                                                                                                                                                                                                                                                                                                                                                                                                                                                                                                                                                                                                                                                                                                                                                                                                                                                                                                                                                                                                                                                                                                                                                                                                                                                                                                                                                                                                                                                                                                                                                                                                                                                                                                                                                                                                                                                                                                                                                                                                                                                                                                                                                                                                                                                                                                                                                                                                                                                                                                                                                                                                                                                                                                                                                                                                                                                                                                                                                                                                                                                                                                                                                                                                                                                                                                                                                                                                                                                                                                                                                                                                                                                                                                                                                                                                                                                                                                                                                                                                                                                                                                                                                                                                                                                                                                                                                                                                                                                                                                                                                                                                                                                                                                                                                                                                                                                                                                                                                                                                                                                                                                                                                                                                                                                                                                                                                                                                                                                                                                                                                                                                                                                                                                                                                                                                                                                                                                                                                                                                                                                                                                                                                                                                                                                                                                                                                                                                                                                                                                                                                                                                                                                                                                                                                                                                                                                                                                                                                                                                                                                                                                                                                                                                                                                                                                                                                                                                                                                                                                                                                                                                                                                                                                                                                                                                                                                                                                                                                                                                                                                                                                                                                                                                                                                                                                                                                                                                                                                                                                                                                                                                                                                                                                                                                                                                                                                                                                                                                                                                                                                                                                                                                                                                                                                                                                                                                                                                                                                                                                                                                                                                                                                                                                                                                                                                                                                                                                                                                                                                                                                                                                                                                                                                                                                                                                                                                                                                                                                                                                                                                                                                                                                                                                                                                                                                                                                                                                                                                                                                                                                                                                                                                                                                                                                                                                                                                                                                                                                                                                                                                                                                                                                                                                                                                                                                                                                                                                                                                                                                                                                                                                                                                                                                                                                                                                                                                                                                                                                                                                                                                                                                                                                                                                                                                                                                                                                                                                                                                                                                                                                                                                                                                                                                                                                                                                                                                                                                                                                                                                                                                                                                                                                                                                                                                                                                                                                                                                                                                                                                                                                                                                                                                                                                                                                                                                                                                                                                                                                                                                                                                                                                                                                                                                                                                                                                                                                                                                                                                                                                                                                                                                                                                                                                                                                                                                                                                                                                                                                                                                                                                                                                                                                                                                                                                                                                                                                                                                                                                                                                                                                                                                                                                                                                                                                                                                                                                                                                                                                                                                                                                                                                                                                                                                                                                                                                                                                                                                                                                                                                                                                                                                                                                                                                                                                                                                                                                                                                                                                                                                                                                                                                                                                                                                                                                                                                                                                                                                                                                                                                                                                                                                                                                                                                                                                                                                                                                                                                                                                                                                                                                                                                                                                                                                                                                                                                                                                                                                                                                                                                                                                                                                                                                                                                                                                                                                                                                                                                                                                                                                                                                                                                                                                                                                                                                                                                                                                                                                                                                                                                                                                                                                                                                                                                                                                                                                                                                                                                                                                                                                                                                                                                                                                                                                                                                                                                                                                                                                                                                                                                                                                                                                                                                                                                                                                                                                                                                                                                                                                                                                                                                                                                                                                                                                                                                                                                                                                                                                                                                                                                                                                                                                                                                                                                                                                                                                                                                                                                                                                                                                                                                                                                                                                                                                                                                                                                                                                                                                                                                                                                                                                                                                                                                                                                                                                                                                                                                                                                                                                                                                                                                                                                                                                                                                                                                                                                                                                                                                                                                                                                                                                                                                                                                                                                                                                                                                                                                                                                                                                                                                                                                                                                                                                                                                                                                                                                                                                                                                                                                                                                                                                                                                                                                                                                                                                                                                                                                                                                                                                                                                                                                                                                                                                                                                                                                                                                                                                                                                                                                                                                                                                                                                                                                                                                                                                                                                                                                                                                                                                                                                                                                                                                                                                                                                                                                                                                                                                                                                                                                                                                                                                                                                                                                                                                                                                                                                                                                                                                                                                                                                                                                                                                                                                                                                                                                                                                                                                                                                                                                                                                                                                                                                                                                                                                                                                                                                                                                                                                                                                                                                                                                                                                                                                                                                                                                                                                                                                                                                                                                                                                                                                                                                                                                                                                                                                                                                                                                                                                                                                                                                                                                                                                                                                                                                                                                                                                                                                                                                                                                                                                                                                                                                                                                                                                                                                                                                                                                                                                                                                                                                                                                                                                                                                                                                                                                                                                                                                                                                                                                                                                                                                                                                                                                                                                                                                                                                                                                                                                                                                                                                                                                                                                                                                                                                                                                                                                                                                                                                                                                                                                                                                                                                                                                                                                                                                                                                                                                                                                                                                                                                                                                                                                                                                                                                                                                                                                                                                                                                                                                                                                                                                                                                                                                                                                                                                                                                                                                                                                                                                                                                                                                                                                                                                                                                                                                                                                                                                                                                                                                                                                                                                                                                                                                                                                                                                                                                                                                                                                                                                                                                                                                                                                                                                                                                                                                                                                                                                                                                                                                                                                                                                                                                                                                                                                                                                                                                                                                                                                                                                                                                                                                                                                                                                                                                                                                                                                                                                                                                                                                                                                                                                                                                                                                                                                                                                                                                                                                                                                                                                                                                                                                                                                                                                                                                                                                                                                                                                                                                                                                                                                                                                                                                                                                                                                                                                                                                                                                                                                                                                                                                                                                                                                                                                                                                                                                                                                                                                                                                                                                                                                                                                                                                                                                                                                                                                                                                                                                                                                                                                                                                                                                                                                                                                                                                                                                                                                                                                                                                                                                                                                                                                                                                                                                                                                                                                                                                                                                                                                                                                                                                                                                                                                                                                                                                                                                                                                                                                                                                                                                                                                                                                                                                                                                                                                                                                                                                                                                                                                                                                                                                                                                                                                                                                                                                                                                                                                                                                                                                                                                                                                                                                                                                                                                                                                                                                                                                                                                                                                                                                                                                                                                                                                                                                                                                                                                                                                                                                                                                                                                                                                                                                                                                                                                                                                                                                                                                                                                                                                                                                                                                                                                                                                                                                                                                                                                                                                                                                                                                                                                                                                                                                                                                                                                                                                                                                                                                                                                                                                                                                                                                                                                                                                                                                                                                                                                                                                                                                                                                                                                                                                                                                                                                                                                                                                                                                                                                                                                                                                                                                                                                                                                                                                                                                                                                                                                                                                                                                                                                                                                                                                                                                                                                                                                                                                                                                                                                                                                                                                                                                                                                                                                                                                                                                                                                                                                                                                                                                                                                                                                                                                                                                                                                                                                                                                                                                                                                                                                                                                                                                                                                                                                                                                                                                                                                                                                                                                                                                                                                                                                                                                                                                                                                                                                                                                                                                                                                                                                                                                                                                                                                                                                                                                                                                                                                                                                                                                                                                                                                                                                                                                                                                                                                                                                                                                                                                                                                                                                                                                                                                                                                                                                                                                                                                                                                                                                                                                                                                                                                                                                                                                                                                                                                                                                                                                                                                                                                                                                                                                                                                                                                                                                                                                                                                                                                                                                                                                                                                                                                                                                                                                                                                                                                                                                                                                                                                                                                                                                                                                                                                                                                                                                                                                                                                                                                                                                                                                                                                                                                                                                                                                                                                                                                                                                                                                                                                                                                                                                                                                                                                                                                                                                                                                                                                                                                                                                                                                                                                                                                                                                                                                                                                                                                                                                                                                                                                                                                                                                                                                                                                                                                                                                                                                                                                                                                                                                                                                                                                                                                                                                                                                                                                                                                                                                                                                                                                                                                                                                                                                                                                                                                                                                                                                                                                                                                                                                                                                                                                                                                                                                                                                                                                                                                                                                                                                                                                                                                                                                                                                                                                                                                                                                                                                                                                                                                                                                                                                                                                                                                                                                                                                                                                                                                                                                                                                                                                                                                                                                                                                                                                                                                                                                                                                                                                                                                                                                                                                                                                                                                                                                                                                                                                                                                                                                                                                                                                                                                                                                                                                                                                                                                                                                                                                                                                                                                                                                                                                                                                                                                                                                                                                                                                                                                                                                                                                                                                                                                                                                                                                                                                                                                                                                                                                                                                                                                                                                                                                                                                                                                                                                                                                                                                                                                                                                                                                                                                                                                                                                                                                                                                                                                                                                                                                                                                                                                                                                                                                                                                                                                                                                                                       [3Jc
 RERUN  package.json

 ❯ src/components/BerryvolutionCard.test.tsx  (26 tests | 26 failed) 32ms
   ❯ src/components/BerryvolutionCard.test.tsx > BerryvolutionCard > renders member name in full mode
     → document is not defined
     → Cannot read properties of undefined (reading 'unmount')
   ❯ src/components/BerryvolutionCard.test.tsx > BerryvolutionCard > renders member name in compact mode
     → document is not defined
     → Cannot read properties of undefined (reading 'unmount')
   ❯ src/components/BerryvolutionCard.test.tsx > BerryvolutionCard > renders member level in full mode
     → document is not defined
     → Cannot read properties of undefined (reading 'unmount')
   ❯ src/components/BerryvolutionCard.test.tsx > BerryvolutionCard > renders member level in compact mode
     → document is not defined
     → Cannot read properties of undefined (reading 'unmount')
   ❯ src/components/BerryvolutionCard.test.tsx > BerryvolutionCard > renders type badge in full mode
     → document is not defined
     → Cannot read properties of undefined (reading 'unmount')
   ❯ src/components/BerryvolutionCard.test.tsx > BerryvolutionCard > renders type badge in compact mode
     → document is not defined
     → Cannot read properties of undefined (reading 'unmount')
   ❯ src/components/BerryvolutionCard.test.tsx > BerryvolutionCard > renders HP stat bar in full mode
     → document is not defined
     → Cannot read properties of undefined (reading 'unmount')
   ❯ src/components/BerryvolutionCard.test.tsx > BerryvolutionCard > renders all stat bars in full mode
     → document is not defined
     → Cannot read properties of undefined (reading 'unmount')
   ❯ src/components/BerryvolutionCard.test.tsx > BerryvolutionCard > renders only HP stat bar in compact mode
     → document is not defined
     → Cannot read properties of undefined (reading 'unmount')
   ❯ src/components/BerryvolutionCard.test.tsx > BerryvolutionCard > renders XP info in full mode
     → document is not defined
     → Cannot read properties of undefined (reading 'unmount')
   ❯ src/components/BerryvolutionCard.test.tsx > BerryvolutionCard > does not render XP info in compact mode
     → document is not defined
     → Cannot read properties of undefined (reading 'unmount')
   ❯ src/components/BerryvolutionCard.test.tsx > BerryvolutionCard > renders move count in full mode
     → document is not defined
     → Cannot read properties of undefined (reading 'unmount')
   ❯ src/components/BerryvolutionCard.test.tsx > BerryvolutionCard > does not render move count in full mode when no moves unlocked
     → document is not defined
     → Cannot read properties of undefined (reading 'unmount')
   ❯ src/components/BerryvolutionCard.test.tsx > BerryvolutionCard > applies selected styling when selected is true
     → document is not defined
     → Cannot read properties of undefined (reading 'unmount')
   ❯ src/components/BerryvolutionCard.test.tsx > BerryvolutionCard > applies default styling when selected is false
     → document is not defined
     → Cannot read properties of undefined (reading 'unmount')
   ❯ src/components/BerryvolutionCard.test.tsx > BerryvolutionCard > has pointer cursor when onClick is provided
     → document is not defined
     → Cannot read properties of undefined (reading 'unmount')
   ❯ src/components/BerryvolutionCard.test.tsx > BerryvolutionCard > calls onClick handler when clicked
     → document is not defined
     → Cannot read properties of undefined (reading 'unmount')
   ❯ src/components/BerryvolutionCard.test.tsx > BerryvolutionCard > renders berryvolution member with correct type
     → document is not defined
     → Cannot read properties of undefined (reading 'unmount')
   ❯ src/components/BerryvolutionCard.test.tsx > BerryvolutionCard > renders berryvolution with correct stats
     → document is not defined
     → Cannot read properties of undefined (reading 'unmount')
   ❯ src/components/BerryvolutionCard.test.tsx > BerryvolutionCard > shows correct move count for multiple moves
     → document is not defined
     → Cannot read properties of undefined (reading 'unmount')
   ❯ src/components/BerryvolutionCard.test.tsx > BerryvolutionCard > renders compact card with proper layout
     → document is not defined
     → Cannot read properties of undefined (reading 'unmount')
   ❯ src/components/BerryvolutionCard.test.tsx > BerryvolutionCard > full mode card is larger than compact mode
     → document is not defined
     → Cannot read properties of undefined (reading 'unmount')
   ❯ src/components/BerryvolutionCard.test.tsx > BerryvolutionCard > renders member with high level
     → document is not defined
     → Cannot read properties of undefined (reading 'unmount')
   ❯ src/components/BerryvolutionCard.test.tsx > BerryvolutionCard > renders member with zero HP
     → document is not defined
     → Cannot read properties of undefined (reading 'unmount')
   ❯ src/components/BerryvolutionCard.test.tsx > BerryvolutionCard > renders HP bar with correct values
     → document is not defined
     → Cannot read properties of undefined (reading 'unmount')
   ❯ src/components/BerryvolutionCard.test.tsx > BerryvolutionCard > responds to selection state changes
     → document is not defined
     → Cannot read properties of undefined (reading 'unmount')
 ❯ src/components/MoveCard.test.tsx  (27 tests | 27 failed) 50ms
   ❯ src/components/MoveCard.test.tsx > MoveCard > renders move name
     → document is not defined
     → Cannot read properties of undefined (reading 'unmount')
   ❯ src/components/MoveCard.test.tsx > MoveCard > renders move power
     → document is not defined
     → Cannot read properties of undefined (reading 'unmount')
   ❯ src/components/MoveCard.test.tsx > MoveCard > renders move NRG cost
     → document is not defined
     → Cannot read properties of undefined (reading 'unmount')
   ❯ src/components/MoveCard.test.tsx > MoveCard > renders move category
     → document is not defined
     → Cannot read properties of undefined (reading 'unmount')
   ❯ src/components/MoveCard.test.tsx > MoveCard > renders move accuracy
     → document is not defined
     → Cannot read properties of undefined (reading 'unmount')
   ❯ src/components/MoveCard.test.tsx > MoveCard > renders type badge
     → document is not defined
     → Cannot read properties of undefined (reading 'unmount')
   ❯ src/components/MoveCard.test.tsx > MoveCard > shows "Not enough NRG!" when current NRG is less than cost
     → document is not defined
     → Cannot read properties of undefined (reading 'unmount')
   ❯ src/components/MoveCard.test.tsx > MoveCard > does not show "Not enough NRG!" when current NRG is enough
     → document is not defined
     → Cannot read properties of undefined (reading 'unmount')
   ❯ src/components/MoveCard.test.tsx > MoveCard > shows "Not enough NRG!" when current NRG equals cost minus one
     → document is not defined
     → Cannot read properties of undefined (reading 'unmount')
   ❯ src/components/MoveCard.test.tsx > MoveCard > does not show "Not enough NRG!" when current NRG equals cost
     → document is not defined
     → Cannot read properties of undefined (reading 'unmount')
   ❯ src/components/MoveCard.test.tsx > MoveCard > applies selected styling when selected is true
     → document is not defined
     → Cannot read properties of undefined (reading 'unmount')
   ❯ src/components/MoveCard.test.tsx > MoveCard > applies default styling when selected is false
     → document is not defined
     → Cannot read properties of undefined (reading 'unmount')
   ❯ src/components/MoveCard.test.tsx > MoveCard > applies disabled styling when disabled is true
     → document is not defined
     → Cannot read properties of undefined (reading 'unmount')
   ❯ src/components/MoveCard.test.tsx > MoveCard > has pointer cursor when move is affordable and not disabled
     → document is not defined
     → Cannot read properties of undefined (reading 'unmount')
   ❯ src/components/MoveCard.test.tsx > MoveCard > has not-allowed cursor when NRG is insufficient
     → document is not defined
     → Cannot read properties of undefined (reading 'unmount')
   ❯ src/components/MoveCard.test.tsx > MoveCard > has not-allowed cursor when disabled
     → document is not defined
     → Cannot read properties of undefined (reading 'unmount')
   ❯ src/components/MoveCard.test.tsx > MoveCard > calls onClick when clicked and affordable
     → document is not defined
     → Cannot read properties of undefined (reading 'unmount')
   ❯ src/components/MoveCard.test.tsx > MoveCard > does not call onClick when clicked but NRG insufficient
     → document is not defined
     → Cannot read properties of undefined (reading 'unmount')
   ❯ src/components/MoveCard.test.tsx > MoveCard > does not call onClick when clicked but disabled
     → document is not defined
     → Cannot read properties of undefined (reading 'unmount')
   ❯ src/components/MoveCard.test.tsx > MoveCard > renders move with status effect
     → document is not defined
     → Cannot read properties of undefined (reading 'unmount')
   ❯ src/components/MoveCard.test.tsx > MoveCard > renders move with stat modifier effect
     → document is not defined
     → Cannot read properties of undefined (reading 'unmount')
   ❯ src/components/MoveCard.test.tsx > MoveCard > renders move with negative stat modifier
     → document is not defined
     → Cannot read properties of undefined (reading 'unmount')
   ❯ src/components/MoveCard.test.tsx > MoveCard > renders move with both status and stat modifier
     → document is not defined
     → Cannot read properties of undefined (reading 'unmount')
   ❯ src/components/MoveCard.test.tsx > MoveCard > does not render effect section when no effect
     → document is not defined
     → Cannot read properties of undefined (reading 'unmount')
   ❯ src/components/MoveCard.test.tsx > MoveCard > uses default currentNrg of Infinity
     → document is not defined
     → Cannot read properties of undefined (reading 'unmount')
   ❯ src/components/MoveCard.test.tsx > MoveCard > renders with various accuracy values
     → document is not defined
     → Cannot read properties of undefined (reading 'unmount')
   ❯ src/components/MoveCard.test.tsx > MoveCard > renders with zero power move
     → document is not defined
     → Cannot read properties of undefined (reading 'unmount')
 ❯ src/components/Button.test.tsx  (14 tests | 14 failed) 260ms
   ❯ src/components/Button.test.tsx > Button > renders with default props
     → document is not defined
     → Cannot read properties of undefined (reading 'unmount')
   ❯ src/components/Button.test.tsx > Button > renders with primary variant (default)
     → document is not defined
     → Cannot read properties of undefined (reading 'unmount')
   ❯ src/components/Button.test.tsx > Button > renders with secondary variant
     → document is not defined
     → Cannot read properties of undefined (reading 'unmount')
   ❯ src/components/Button.test.tsx > Button > renders with danger variant
     → document is not defined
     → Cannot read properties of undefined (reading 'unmount')
   ❯ src/components/Button.test.tsx > Button > renders with small size
     → document is not defined
     → Cannot read properties of undefined (reading 'unmount')
   ❯ src/components/Button.test.tsx > Button > renders with medium size (default)
     → document is not defined
     → Cannot read properties of undefined (reading 'unmount')
   ❯ src/components/Button.test.tsx > Button > renders with large size
     → document is not defined
     → Cannot read properties of undefined (reading 'unmount')
   ❯ src/components/Button.test.tsx > Button > applies disabled state styling
     → document is not defined
     → Cannot read properties of undefined (reading 'unmount')
   ❯ src/components/Button.test.tsx > Button > handles click events
     → document is not defined
     → Cannot read properties of undefined (reading 'unmount')
   ❯ src/components/Button.test.tsx > Button > does not call onClick when disabled
     → document is not defined
     → Cannot read properties of undefined (reading 'unmount')
   ❯ src/components/Button.test.tsx > Button > applies hover effects on mouseenter
     → document is not defined
     → Cannot read properties of undefined (reading 'unmount')
   ❯ src/components/Button.test.tsx > Button > removes hover effects on mouseleave
     → document is not defined
     → Cannot read properties of undefined (reading 'unmount')
   ❯ src/components/Button.test.tsx > Button > does not apply hover effects when disabled
     → document is not defined
     → Cannot read properties of undefined (reading 'unmount')
   ❯ src/components/Button.test.tsx > Button > renders with custom HTML attributes
     → document is not defined
     → Cannot read properties of undefined (reading 'unmount')
 ❯ src/components/ConfirmDialog.test.tsx  (18 tests | 18 failed) 438ms
   ❯ src/components/ConfirmDialog.test.tsx > ConfirmDialog > renders title
     → document is not defined
     → Cannot read properties of undefined (reading 'unmount')
   ❯ src/components/ConfirmDialog.test.tsx > ConfirmDialog > renders message
     → document is not defined
     → Cannot read properties of undefined (reading 'unmount')
   ❯ src/components/ConfirmDialog.test.tsx > ConfirmDialog > renders default confirm button text
     → document is not defined
     → Cannot read properties of undefined (reading 'unmount')
   ❯ src/components/ConfirmDialog.test.tsx > ConfirmDialog > renders default cancel button text
     → document is not defined
     → Cannot read properties of undefined (reading 'unmount')
   ❯ src/components/ConfirmDialog.test.tsx > ConfirmDialog > renders custom confirm button text
     → document is not defined
     → Cannot read properties of undefined (reading 'unmount')
   ❯ src/components/ConfirmDialog.test.tsx > ConfirmDialog > renders custom cancel button text
     → document is not defined
     → Cannot read properties of undefined (reading 'unmount')
   ❯ src/components/ConfirmDialog.test.tsx > ConfirmDialog > calls onConfirm when confirm button is clicked
     → document is not defined
     → Cannot read properties of undefined (reading 'unmount')
   ❯ src/components/ConfirmDialog.test.tsx > ConfirmDialog > calls onCancel when cancel button is clicked
     → document is not defined
     → Cannot read properties of undefined (reading 'unmount')
   ❯ src/components/ConfirmDialog.test.tsx > ConfirmDialog > calls onCancel when backdrop is clicked
     → document is not defined
     → Cannot read properties of undefined (reading 'unmount')
   ❯ src/components/ConfirmDialog.test.tsx > ConfirmDialog > does not call onCancel when dialog content is clicked
     → document is not defined
     → Cannot read properties of undefined (reading 'unmount')
   ❯ src/components/ConfirmDialog.test.tsx > ConfirmDialog > applies normal variant styling to confirm button by default
     → document is not defined
     → Cannot read properties of undefined (reading 'unmount')
   ❯ src/components/ConfirmDialog.test.tsx > ConfirmDialog > applies dangerous variant styling to confirm button when isDangerous is true
     → document is not defined
     → Cannot read properties of undefined (reading 'unmount')
   ❯ src/components/ConfirmDialog.test.tsx > ConfirmDialog > has backdrop overlay with semi-transparent background
     → document is not defined
     → Cannot read properties of undefined (reading 'unmount')
   ❯ src/components/ConfirmDialog.test.tsx > ConfirmDialog > centers dialog on screen
     → document is not defined
     → Cannot read properties of undefined (reading 'unmount')
   ❯ src/components/ConfirmDialog.test.tsx > ConfirmDialog > applies dialog styling
     → document is not defined
     → Cannot read properties of undefined (reading 'unmount')
   ❯ src/components/ConfirmDialog.test.tsx > ConfirmDialog > renders cancel button with correct styling
     → document is not defined
     → Cannot read properties of undefined (reading 'unmount')
   ❯ src/components/ConfirmDialog.test.tsx > ConfirmDialog > renders confirm button with white text
     → document is not defined
     → Cannot read properties of undefined (reading 'unmount')
   ❯ src/components/ConfirmDialog.test.tsx > ConfirmDialog > handles long title and message
     → document is not defined
     → Cannot read properties of undefined (reading 'unmount')
 ❯ src/components/StatBar.test.tsx  (19 tests | 19 failed) 530ms
   ❯ src/components/StatBar.test.tsx > StatBar > renders label
     → document is not defined
     → Cannot read properties of undefined (reading 'unmount')
   ❯ src/components/StatBar.test.tsx > StatBar > displays current and max values by default
     → document is not defined
     → Cannot read properties of undefined (reading 'unmount')
   ❯ src/components/StatBar.test.tsx > StatBar > hides values when showValues is false
     → document is not defined
     → Cannot read properties of undefined (reading 'unmount')
   ❯ src/components/StatBar.test.tsx > StatBar > calculates percentage correctly at 50%
     → document is not defined
     → Cannot read properties of undefined (reading 'unmount')
   ❯ src/components/StatBar.test.tsx > StatBar > calculates percentage correctly at 100%
     → document is not defined
     → Cannot read properties of undefined (reading 'unmount')
   ❯ src/components/StatBar.test.tsx > StatBar > calculates percentage correctly at 0%
     → document is not defined
     → Cannot read properties of undefined (reading 'unmount')
   ❯ src/components/StatBar.test.tsx > StatBar > handles partial percentages
     → document is not defined
     → Cannot read properties of undefined (reading 'unmount')
   ❯ src/components/StatBar.test.tsx > StatBar > clamps percentage to 100% when current exceeds max
     → document is not defined
     → Cannot read properties of undefined (reading 'unmount')
   ❯ src/components/StatBar.test.tsx > StatBar > clamps percentage to 0% when current is negative
     → document is not defined
     → Cannot read properties of undefined (reading 'unmount')
   ❯ src/components/StatBar.test.tsx > StatBar > applies default color
     → document is not defined
     → Cannot read properties of undefined (reading 'unmount')
   ❯ src/components/StatBar.test.tsx > StatBar > applies custom color
     → document is not defined
     → Cannot read properties of undefined (reading 'unmount')
   ❯ src/components/StatBar.test.tsx > StatBar > shows percentage text when bar width > 20%
     → document is not defined
     → Cannot read properties of undefined (reading 'unmount')
   ❯ src/components/StatBar.test.tsx > StatBar > does not show percentage text when bar width <= 20%
     → document is not defined
     → Cannot read properties of undefined (reading 'unmount')
   ❯ src/components/StatBar.test.tsx > StatBar > shows percentage text at exactly 21% (> 20%)
     → document is not defined
     → Cannot read properties of undefined (reading 'unmount')
   ❯ src/components/StatBar.test.tsx > StatBar > has transition effect on fill bar
     → document is not defined
     → Cannot read properties of undefined (reading 'unmount')
   ❯ src/components/StatBar.test.tsx > StatBar > floors current value in display
     → document is not defined
     → Cannot read properties of undefined (reading 'unmount')
   ❯ src/components/StatBar.test.tsx > StatBar > floors max value in display
     → document is not defined
     → Cannot read properties of undefined (reading 'unmount')
   ❯ src/components/StatBar.test.tsx > StatBar > floors percentage in text display
     → document is not defined
     → Cannot read properties of undefined (reading 'unmount')
   ❯ src/components/StatBar.test.tsx > StatBar > renders with large stats
     → document is not defined
     → Cannot read properties of undefined (reading 'unmount')
 ❯ src/components/TypeBadge.test.tsx  (13 tests | 13 failed) 309ms
   ❯ src/components/TypeBadge.test.tsx > TypeBadge > renders with Fire type
     → document is not defined
     → Cannot read properties of undefined (reading 'unmount')
   ❯ src/components/TypeBadge.test.tsx > TypeBadge > renders with Water type
     → document is not defined
     → Cannot read properties of undefined (reading 'unmount')
   ❯ src/components/TypeBadge.test.tsx > TypeBadge > renders with Grass type
     → document is not defined
     → Cannot read properties of undefined (reading 'unmount')
   ❯ src/components/TypeBadge.test.tsx > TypeBadge > renders with Electric type
     → document is not defined
     → Cannot read properties of undefined (reading 'unmount')
   ❯ src/components/TypeBadge.test.tsx > TypeBadge > renders with Rock type
     → document is not defined
     → Cannot read properties of undefined (reading 'unmount')
   ❯ src/components/TypeBadge.test.tsx > TypeBadge > renders with Ice type
     → document is not defined
     → Cannot read properties of undefined (reading 'unmount')
   ❯ src/components/TypeBadge.test.tsx > TypeBadge > renders with Psychic type
     → document is not defined
     → Cannot read properties of undefined (reading 'unmount')
   ❯ src/components/TypeBadge.test.tsx > TypeBadge > applies small size
     → document is not defined
     → Cannot read properties of undefined (reading 'unmount')
   ❯ src/components/TypeBadge.test.tsx > TypeBadge > applies medium size (default)
     → document is not defined
     → Cannot read properties of undefined (reading 'unmount')
   ❯ src/components/TypeBadge.test.tsx > TypeBadge > applies large size
     → document is not defined
     → Cannot read properties of undefined (reading 'unmount')
   ❯ src/components/TypeBadge.test.tsx > TypeBadge > applies default medium size when size is not provided
     → document is not defined
     → Cannot read properties of undefined (reading 'unmount')
   ❯ src/components/TypeBadge.test.tsx > TypeBadge > applies badge styling
     → document is not defined
     → Cannot read properties of undefined (reading 'unmount')
   ❯ src/components/TypeBadge.test.tsx > TypeBadge > displays type in uppercase
     → document is not defined
     → Cannot read properties of undefined (reading 'unmount')
 ❯ src/components/Grid.test.tsx  (16 tests | 16 failed) 414ms
   ❯ src/components/Grid.test.tsx > Grid > renders children
     → document is not defined
     → Cannot read properties of undefined (reading 'unmount')
   ❯ src/components/Grid.test.tsx > Grid > applies display: grid
     → document is not defined
     → Cannot read properties of undefined (reading 'unmount')
   ❯ src/components/Grid.test.tsx > Grid > applies default column (auto)
     → document is not defined
     → Cannot read properties of undefined (reading 'unmount')
   ❯ src/components/Grid.test.tsx > Grid > applies numeric columns as repeat pattern
     → document is not defined
     → Cannot read properties of undefined (reading 'unmount')
   ❯ src/components/Grid.test.tsx > Grid > applies string columns directly
     → document is not defined
     → Cannot read properties of undefined (reading 'unmount')
   ❯ src/components/Grid.test.tsx > Grid > applies default gap (1rem)
     → document is not defined
     → Cannot read properties of undefined (reading 'unmount')
   ❯ src/components/Grid.test.tsx > Grid > applies custom gap
     → document is not defined
     → Cannot read properties of undefined (reading 'unmount')
   ❯ src/components/Grid.test.tsx > Grid > combines columns and gap
     → document is not defined
     → Cannot read properties of undefined (reading 'unmount')
   ❯ src/components/Grid.test.tsx > Grid > handles numeric column 1
     → document is not defined
     → Cannot read properties of undefined (reading 'unmount')
   ❯ src/components/Grid.test.tsx > Grid > handles numeric column 4
     → document is not defined
     → Cannot read properties of undefined (reading 'unmount')
   ❯ src/components/Grid.test.tsx > Grid > handles auto-fit pattern
     → document is not defined
     → Cannot read properties of undefined (reading 'unmount')
   ❯ src/components/Grid.test.tsx > Grid > handles minmax pattern
     → document is not defined
     → Cannot read properties of undefined (reading 'unmount')
   ❯ src/components/Grid.test.tsx > Grid > renders multiple children in grid
     → document is not defined
     → Cannot read properties of undefined (reading 'unmount')
   ❯ src/components/Grid.test.tsx > Grid > applies gap with numeric value
     → document is not defined
     → Cannot read properties of undefined (reading 'unmount')
   ❯ src/components/Grid.test.tsx > Grid > applies gap with pixel value
     → document is not defined
     → Cannot read properties of undefined (reading 'unmount')
   ❯ src/components/Grid.test.tsx > Grid > applies columns with custom CSS values
     → document is not defined
     → Cannot read properties of undefined (reading 'unmount')
 ❯ src/components/Card.test.tsx  (13 tests | 13 failed) 274ms
   ❯ src/components/Card.test.tsx > Card > renders children content
     → document is not defined
     → Cannot read properties of undefined (reading 'unmount')
   ❯ src/components/Card.test.tsx > Card > renders with title when provided
     → document is not defined
     → Cannot read properties of undefined (reading 'unmount')
   ❯ src/components/Card.test.tsx > Card > does not render title when not provided
     → document is not defined
     → Cannot read properties of undefined (reading 'unmount')
   ❯ src/components/Card.test.tsx > Card > applies default card styling
     → document is not defined
     → Cannot read properties of undefined (reading 'unmount')
   ❯ src/components/Card.test.tsx > Card > applies selected styling when selected is true
     → document is not defined
     → Cannot read properties of undefined (reading 'unmount')
   ❯ src/components/Card.test.tsx > Card > applies disabled styling when disabled is true
     → document is not defined
     → Cannot read properties of undefined (reading 'unmount')
   ❯ src/components/Card.test.tsx > Card > applies pointer cursor when onClick is provided
     → document is not defined
     → Cannot read properties of undefined (reading 'unmount')
   ❯ src/components/Card.test.tsx > Card > does not apply pointer cursor when onClick is provided but disabled is true
     → document is not defined
     → Cannot read properties of undefined (reading 'unmount')
   ❯ src/components/Card.test.tsx > Card > calls onClick handler when clicked
     → document is not defined
     → Cannot read properties of undefined (reading 'unmount')
   ❯ src/components/Card.test.tsx > Card > calls onClick handler even when disabled (HTML click behavior)
     → document is not defined
     → Cannot read properties of undefined (reading 'unmount')
   ❯ src/components/Card.test.tsx > Card > has transition effect
     → document is not defined
     → Cannot read properties of undefined (reading 'unmount')
   ❯ src/components/Card.test.tsx > Card > renders title with correct styling
     → document is not defined
     → Cannot read properties of undefined (reading 'unmount')
   ❯ src/components/Card.test.tsx > Card > renders children inside a wrapper div
     → document is not defined
     → Cannot read properties of undefined (reading 'unmount')
 ✓ src/engine/save.test.ts  (20 tests) 354ms
stderr | src/engine/save.test.ts > Save & Load Engine > load > should handle corrupted JSON gracefully
Failed to load save state: SyntaxError: Unexpected token 'o', "not valid json {" is not valid JSON
    at JSON.parse (<anonymous>)
    at Module.load (/Users/zhenyanzhu/src/popo/src/engine/save.ts:41:25)
    at /Users/zhenyanzhu/src/popo/src/engine/save.test.ts:155:27
    at file:///Users/zhenyanzhu/src/popo/node_modules/@vitest/runner/dist/index.js:135:14
    at file:///Users/zhenyanzhu/src/popo/node_modules/@vitest/runner/dist/index.js:60:26
    at runTest (file:///Users/zhenyanzhu/src/popo/node_modules/@vitest/runner/dist/index.js:781:17)
    at runSuite (file:///Users/zhenyanzhu/src/popo/node_modules/@vitest/runner/dist/index.js:909:15)
    at runSuite (file:///Users/zhenyanzhu/src/popo/node_modules/@vitest/runner/dist/index.js:909:15)
    at runSuite (file:///Users/zhenyanzhu/src/popo/node_modules/@vitest/runner/dist/index.js:909:15)
    at runFiles (file:///Users/zhenyanzhu/src/popo/node_modules/@vitest/runner/dist/index.js:958:5)

stderr | src/engine/save.test.ts > Save & Load Engine > load > should detect missing version field
Failed to load save state: Error: Invalid save file: missing version
    at Module.load (/Users/zhenyanzhu/src/popo/src/engine/save.ts:44:13)
    at /Users/zhenyanzhu/src/popo/src/engine/save.test.ts:164:27
    at file:///Users/zhenyanzhu/src/popo/node_modules/@vitest/runner/dist/index.js:135:14
    at file:///Users/zhenyanzhu/src/popo/node_modules/@vitest/runner/dist/index.js:60:26
    at runTest (file:///Users/zhenyanzhu/src/popo/node_modules/@vitest/runner/dist/index.js:781:17)
    at runSuite (file:///Users/zhenyanzhu/src/popo/node_modules/@vitest/runner/dist/index.js:909:15)
    at runSuite (file:///Users/zhenyanzhu/src/popo/node_modules/@vitest/runner/dist/index.js:909:15)
    at runSuite (file:///Users/zhenyanzhu/src/popo/node_modules/@vitest/runner/dist/index.js:909:15)
    at runFiles (file:///Users/zhenyanzhu/src/popo/node_modules/@vitest/runner/dist/index.js:958:5)
    at startTests (file:///Users/zhenyanzhu/src/popo/node_modules/@vitest/runner/dist/index.js:967:3)

 ✓ src/engine/battle.test.ts  (67 tests) 496ms
 ✓ src/engine/ai.test.ts  (19 tests) 259ms
 ✓ src/store/gameStore.test.ts  (25 tests) 142ms

⎯⎯⎯⎯⎯⎯ Failed Tests 146 ⎯⎯⎯⎯⎯⎯

 FAIL  src/components/Button.test.tsx > Button > renders with default props
 FAIL  src/components/Button.test.tsx > Button > renders with primary variant (default)
 FAIL  src/components/Button.test.tsx > Button > renders with secondary variant
 FAIL  src/components/Button.test.tsx > Button > renders with danger variant
 FAIL  src/components/Button.test.tsx > Button > renders with small size
 FAIL  src/components/Button.test.tsx > Button > renders with medium size (default)
 FAIL  src/components/Button.test.tsx > Button > renders with large size
 FAIL  src/components/Button.test.tsx > Button > applies disabled state styling
 FAIL  src/components/Button.test.tsx > Button > handles click events
 FAIL  src/components/Button.test.tsx > Button > does not call onClick when disabled
 FAIL  src/components/Button.test.tsx > Button > applies hover effects on mouseenter
 FAIL  src/components/Button.test.tsx > Button > removes hover effects on mouseleave
 FAIL  src/components/Button.test.tsx > Button > does not apply hover effects when disabled
 FAIL  src/components/Button.test.tsx > Button > renders with custom HTML attributes
ReferenceError: document is not defined
 ❯ src/components/Button.test.tsx:11:5
      9| 
     10|   beforeEach(() => {
     11|     container = document.createElement('div')
       |     ^
     12|     document.body.appendChild(container)
     13|     root = createRoot(container)

⎯⎯⎯⎯⎯⎯⎯⎯⎯⎯⎯⎯⎯⎯⎯⎯⎯⎯⎯⎯⎯⎯[1/292]⎯

 FAIL  src/components/Button.test.tsx > Button > renders with default props
 FAIL  src/components/Button.test.tsx > Button > renders with primary variant (default)
 FAIL  src/components/Button.test.tsx > Button > renders with secondary variant
 FAIL  src/components/Button.test.tsx > Button > renders with danger variant
 FAIL  src/components/Button.test.tsx > Button > renders with small size
 FAIL  src/components/Button.test.tsx > Button > renders with medium size (default)
 FAIL  src/components/Button.test.tsx > Button > renders with large size
 FAIL  src/components/Button.test.tsx > Button > applies disabled state styling
 FAIL  src/components/Button.test.tsx > Button > handles click events
 FAIL  src/components/Button.test.tsx > Button > does not call onClick when disabled
 FAIL  src/components/Button.test.tsx > Button > applies hover effects on mouseenter
 FAIL  src/components/Button.test.tsx > Button > removes hover effects on mouseleave
 FAIL  src/components/Button.test.tsx > Button > does not apply hover effects when disabled
 FAIL  src/components/Button.test.tsx > Button > renders with custom HTML attributes
TypeError: Cannot read properties of undefined (reading 'unmount')
 ❯ src/components/Button.test.tsx:17:10
     15| 
     16|   afterEach(() => {
     17|     root.unmount()
       |          ^
     18|     document.body.removeChild(container)
     19|   })

⎯⎯⎯⎯⎯⎯⎯⎯⎯⎯⎯⎯⎯⎯⎯⎯⎯⎯⎯⎯⎯⎯[2/292]⎯

 FAIL  src/components/Card.test.tsx > Card > renders children content
 FAIL  src/components/Card.test.tsx > Card > renders with title when provided
 FAIL  src/components/Card.test.tsx > Card > does not render title when not provided
 FAIL  src/components/Card.test.tsx > Card > applies default card styling
 FAIL  src/components/Card.test.tsx > Card > applies selected styling when selected is true
 FAIL  src/components/Card.test.tsx > Card > applies disabled styling when disabled is true
 FAIL  src/components/Card.test.tsx > Card > applies pointer cursor when onClick is provided
 FAIL  src/components/Card.test.tsx > Card > does not apply pointer cursor when onClick is provided but disabled is true
 FAIL  src/components/Card.test.tsx > Card > calls onClick handler when clicked
 FAIL  src/components/Card.test.tsx > Card > calls onClick handler even when disabled (HTML click behavior)
 FAIL  src/components/Card.test.tsx > Card > has transition effect
 FAIL  src/components/Card.test.tsx > Card > renders title with correct styling
 FAIL  src/components/Card.test.tsx > Card > renders children inside a wrapper div
ReferenceError: document is not defined
 ❯ src/components/Card.test.tsx:11:5
      9| 
     10|   beforeEach(() => {
     11|     container = document.createElement('div')
       |     ^
     12|     document.body.appendChild(container)
     13|     root = createRoot(container)

⎯⎯⎯⎯⎯⎯⎯⎯⎯⎯⎯⎯⎯⎯⎯⎯⎯⎯⎯⎯⎯⎯[3/292]⎯

 FAIL  src/components/Card.test.tsx > Card > renders children content
 FAIL  src/components/Card.test.tsx > Card > renders with title when provided
 FAIL  src/components/Card.test.tsx > Card > does not render title when not provided
 FAIL  src/components/Card.test.tsx > Card > applies default card styling
 FAIL  src/components/Card.test.tsx > Card > applies selected styling when selected is true
 FAIL  src/components/Card.test.tsx > Card > applies disabled styling when disabled is true
 FAIL  src/components/Card.test.tsx > Card > applies pointer cursor when onClick is provided
 FAIL  src/components/Card.test.tsx > Card > does not apply pointer cursor when onClick is provided but disabled is true
 FAIL  src/components/Card.test.tsx > Card > calls onClick handler when clicked
 FAIL  src/components/Card.test.tsx > Card > calls onClick handler even when disabled (HTML click behavior)
 FAIL  src/components/Card.test.tsx > Card > has transition effect
 FAIL  src/components/Card.test.tsx > Card > renders title with correct styling
 FAIL  src/components/Card.test.tsx > Card > renders children inside a wrapper div
TypeError: Cannot read properties of undefined (reading 'unmount')
 ❯ src/components/Card.test.tsx:17:10
     15| 
     16|   afterEach(() => {
     17|     root.unmount()
       |          ^
     18|     document.body.removeChild(container)
     19|   })

⎯⎯⎯⎯⎯⎯⎯⎯⎯⎯⎯⎯⎯⎯⎯⎯⎯⎯⎯⎯⎯⎯[4/292]⎯

 FAIL  src/components/TypeBadge.test.tsx > TypeBadge > renders with Fire type
 FAIL  src/components/TypeBadge.test.tsx > TypeBadge > renders with Water type
 FAIL  src/components/TypeBadge.test.tsx > TypeBadge > renders with Grass type
 FAIL  src/components/TypeBadge.test.tsx > TypeBadge > renders with Electric type
 FAIL  src/components/TypeBadge.test.tsx > TypeBadge > renders with Rock type
 FAIL  src/components/TypeBadge.test.tsx > TypeBadge > renders with Ice type
 FAIL  src/components/TypeBadge.test.tsx > TypeBadge > renders with Psychic type
 FAIL  src/components/TypeBadge.test.tsx > TypeBadge > applies small size
 FAIL  src/components/TypeBadge.test.tsx > TypeBadge > applies medium size (default)
 FAIL  src/components/TypeBadge.test.tsx > TypeBadge > applies large size
 FAIL  src/components/TypeBadge.test.tsx > TypeBadge > applies default medium size when size is not provided
 FAIL  src/components/TypeBadge.test.tsx > TypeBadge > applies badge styling
 FAIL  src/components/TypeBadge.test.tsx > TypeBadge > displays type in uppercase
ReferenceError: document is not defined
 ❯ src/components/TypeBadge.test.tsx:12:5
     10| 
     11|   beforeEach(() => {
     12|     container = document.createElement('div')
       |     ^
     13|     document.body.appendChild(container)
     14|     root = createRoot(container)

⎯⎯⎯⎯⎯⎯⎯⎯⎯⎯⎯⎯⎯⎯⎯⎯⎯⎯⎯⎯⎯⎯[5/292]⎯

 FAIL  src/components/TypeBadge.test.tsx > TypeBadge > renders with Fire type
 FAIL  src/components/TypeBadge.test.tsx > TypeBadge > renders with Water type
 FAIL  src/components/TypeBadge.test.tsx > TypeBadge > renders with Grass type
 FAIL  src/components/TypeBadge.test.tsx > TypeBadge > renders with Electric type
 FAIL  src/components/TypeBadge.test.tsx > TypeBadge > renders with Rock type
 FAIL  src/components/TypeBadge.test.tsx > TypeBadge > renders with Ice type
 FAIL  src/components/TypeBadge.test.tsx > TypeBadge > renders with Psychic type
 FAIL  src/components/TypeBadge.test.tsx > TypeBadge > applies small size
 FAIL  src/components/TypeBadge.test.tsx > TypeBadge > applies medium size (default)
 FAIL  src/components/TypeBadge.test.tsx > TypeBadge > applies large size
 FAIL  src/components/TypeBadge.test.tsx > TypeBadge > applies default medium size when size is not provided
 FAIL  src/components/TypeBadge.test.tsx > TypeBadge > applies badge styling
 FAIL  src/components/TypeBadge.test.tsx > TypeBadge > displays type in uppercase
TypeError: Cannot read properties of undefined (reading 'unmount')
 ❯ src/components/TypeBadge.test.tsx:18:10
     16| 
     17|   afterEach(() => {
     18|     root.unmount()
       |          ^
     19|     document.body.removeChild(container)
     20|   })

⎯⎯⎯⎯⎯⎯⎯⎯⎯⎯⎯⎯⎯⎯⎯⎯⎯⎯⎯⎯⎯⎯[6/292]⎯

 FAIL  src/components/StatBar.test.tsx > StatBar > renders label
 FAIL  src/components/StatBar.test.tsx > StatBar > displays current and max values by default
 FAIL  src/components/StatBar.test.tsx > StatBar > hides values when showValues is false
 FAIL  src/components/StatBar.test.tsx > StatBar > calculates percentage correctly at 50%
 FAIL  src/components/StatBar.test.tsx > StatBar > calculates percentage correctly at 100%
 FAIL  src/components/StatBar.test.tsx > StatBar > calculates percentage correctly at 0%
 FAIL  src/components/StatBar.test.tsx > StatBar > handles partial percentages
 FAIL  src/components/StatBar.test.tsx > StatBar > clamps percentage to 100% when current exceeds max
 FAIL  src/components/StatBar.test.tsx > StatBar > clamps percentage to 0% when current is negative
 FAIL  src/components/StatBar.test.tsx > StatBar > applies default color
 FAIL  src/components/StatBar.test.tsx > StatBar > applies custom color
 FAIL  src/components/StatBar.test.tsx > StatBar > shows percentage text when bar width > 20%
 FAIL  src/components/StatBar.test.tsx > StatBar > does not show percentage text when bar width <= 20%
 FAIL  src/components/StatBar.test.tsx > StatBar > shows percentage text at exactly 21% (> 20%)
 FAIL  src/components/StatBar.test.tsx > StatBar > has transition effect on fill bar
 FAIL  src/components/StatBar.test.tsx > StatBar > floors current value in display
 FAIL  src/components/StatBar.test.tsx > StatBar > floors max value in display
 FAIL  src/components/StatBar.test.tsx > StatBar > floors percentage in text display
 FAIL  src/components/StatBar.test.tsx > StatBar > renders with large stats
ReferenceError: document is not defined
 ❯ src/components/StatBar.test.tsx:11:5
      9| 
     10|   beforeEach(() => {
     11|     container = document.createElement('div')
       |     ^
     12|     document.body.appendChild(container)
     13|     root = createRoot(container)

⎯⎯⎯⎯⎯⎯⎯⎯⎯⎯⎯⎯⎯⎯⎯⎯⎯⎯⎯⎯⎯⎯[7/292]⎯

 FAIL  src/components/StatBar.test.tsx > StatBar > renders label
 FAIL  src/components/StatBar.test.tsx > StatBar > displays current and max values by default
 FAIL  src/components/StatBar.test.tsx > StatBar > hides values when showValues is false
 FAIL  src/components/StatBar.test.tsx > StatBar > calculates percentage correctly at 50%
 FAIL  src/components/StatBar.test.tsx > StatBar > calculates percentage correctly at 100%
 FAIL  src/components/StatBar.test.tsx > StatBar > calculates percentage correctly at 0%
 FAIL  src/components/StatBar.test.tsx > StatBar > handles partial percentages
 FAIL  src/components/StatBar.test.tsx > StatBar > clamps percentage to 100% when current exceeds max
 FAIL  src/components/StatBar.test.tsx > StatBar > clamps percentage to 0% when current is negative
 FAIL  src/components/StatBar.test.tsx > StatBar > applies default color
 FAIL  src/components/StatBar.test.tsx > StatBar > applies custom color
 FAIL  src/components/StatBar.test.tsx > StatBar > shows percentage text when bar width > 20%
 FAIL  src/components/StatBar.test.tsx > StatBar > does not show percentage text when bar width <= 20%
 FAIL  src/components/StatBar.test.tsx > StatBar > shows percentage text at exactly 21% (> 20%)
 FAIL  src/components/StatBar.test.tsx > StatBar > has transition effect on fill bar
 FAIL  src/components/StatBar.test.tsx > StatBar > floors current value in display
 FAIL  src/components/StatBar.test.tsx > StatBar > floors max value in display
 FAIL  src/components/StatBar.test.tsx > StatBar > floors percentage in text display
 FAIL  src/components/StatBar.test.tsx > StatBar > renders with large stats
TypeError: Cannot read properties of undefined (reading 'unmount')
 ❯ src/components/StatBar.test.tsx:17:10
     15| 
     16|   afterEach(() => {
     17|     root.unmount()
       |          ^
     18|     document.body.removeChild(container)
     19|   })

⎯⎯⎯⎯⎯⎯⎯⎯⎯⎯⎯⎯⎯⎯⎯⎯⎯⎯⎯⎯⎯⎯[8/292]⎯

 FAIL  src/components/Grid.test.tsx > Grid > renders children
 FAIL  src/components/Grid.test.tsx > Grid > applies display: grid
 FAIL  src/components/Grid.test.tsx > Grid > applies default column (auto)
 FAIL  src/components/Grid.test.tsx > Grid > applies numeric columns as repeat pattern
 FAIL  src/components/Grid.test.tsx > Grid > applies string columns directly
 FAIL  src/components/Grid.test.tsx > Grid > applies default gap (1rem)
 FAIL  src/components/Grid.test.tsx > Grid > applies custom gap
 FAIL  src/components/Grid.test.tsx > Grid > combines columns and gap
 FAIL  src/components/Grid.test.tsx > Grid > handles numeric column 1
 FAIL  src/components/Grid.test.tsx > Grid > handles numeric column 4
 FAIL  src/components/Grid.test.tsx > Grid > handles auto-fit pattern
 FAIL  src/components/Grid.test.tsx > Grid > handles minmax pattern
 FAIL  src/components/Grid.test.tsx > Grid > renders multiple children in grid
 FAIL  src/components/Grid.test.tsx > Grid > applies gap with numeric value
 FAIL  src/components/Grid.test.tsx > Grid > applies gap with pixel value
 FAIL  src/components/Grid.test.tsx > Grid > applies columns with custom CSS values
ReferenceError: document is not defined
 ❯ src/components/Grid.test.tsx:11:5
      9| 
     10|   beforeEach(() => {
     11|     container = document.createElement('div')
       |     ^
     12|     document.body.appendChild(container)
     13|     root = createRoot(container)

⎯⎯⎯⎯⎯⎯⎯⎯⎯⎯⎯⎯⎯⎯⎯⎯⎯⎯⎯⎯⎯⎯[9/292]⎯

 FAIL  src/components/Grid.test.tsx > Grid > renders children
 FAIL  src/components/Grid.test.tsx > Grid > applies display: grid
 FAIL  src/components/Grid.test.tsx > Grid > applies default column (auto)
 FAIL  src/components/Grid.test.tsx > Grid > applies numeric columns as repeat pattern
 FAIL  src/components/Grid.test.tsx > Grid > applies string columns directly
 FAIL  src/components/Grid.test.tsx > Grid > applies default gap (1rem)
 FAIL  src/components/Grid.test.tsx > Grid > applies custom gap
 FAIL  src/components/Grid.test.tsx > Grid > combines columns and gap
 FAIL  src/components/Grid.test.tsx > Grid > handles numeric column 1
 FAIL  src/components/Grid.test.tsx > Grid > handles numeric column 4
 FAIL  src/components/Grid.test.tsx > Grid > handles auto-fit pattern
 FAIL  src/components/Grid.test.tsx > Grid > handles minmax pattern
 FAIL  src/components/Grid.test.tsx > Grid > renders multiple children in grid
 FAIL  src/components/Grid.test.tsx > Grid > applies gap with numeric value
 FAIL  src/components/Grid.test.tsx > Grid > applies gap with pixel value
 FAIL  src/components/Grid.test.tsx > Grid > applies columns with custom CSS values
TypeError: Cannot read properties of undefined (reading 'unmount')
 ❯ src/components/Grid.test.tsx:17:10
     15| 
     16|   afterEach(() => {
     17|     root.unmount()
       |          ^
     18|     document.body.removeChild(container)
     19|   })

⎯⎯⎯⎯⎯⎯⎯⎯⎯⎯⎯⎯⎯⎯⎯⎯⎯⎯⎯⎯⎯[10/292]⎯

 FAIL  src/components/MoveCard.test.tsx > MoveCard > renders move name
 FAIL  src/components/MoveCard.test.tsx > MoveCard > renders move power
 FAIL  src/components/MoveCard.test.tsx > MoveCard > renders move NRG cost
 FAIL  src/components/MoveCard.test.tsx > MoveCard > renders move category
 FAIL  src/components/MoveCard.test.tsx > MoveCard > renders move accuracy
 FAIL  src/components/MoveCard.test.tsx > MoveCard > renders type badge
 FAIL  src/components/MoveCard.test.tsx > MoveCard > shows "Not enough NRG!" when current NRG is less than cost
 FAIL  src/components/MoveCard.test.tsx > MoveCard > does not show "Not enough NRG!" when current NRG is enough
 FAIL  src/components/MoveCard.test.tsx > MoveCard > shows "Not enough NRG!" when current NRG equals cost minus one
 FAIL  src/components/MoveCard.test.tsx > MoveCard > does not show "Not enough NRG!" when current NRG equals cost
 FAIL  src/components/MoveCard.test.tsx > MoveCard > applies selected styling when selected is true
 FAIL  src/components/MoveCard.test.tsx > MoveCard > applies default styling when selected is false
 FAIL  src/components/MoveCard.test.tsx > MoveCard > applies disabled styling when disabled is true
 FAIL  src/components/MoveCard.test.tsx > MoveCard > has pointer cursor when move is affordable and not disabled
 FAIL  src/components/MoveCard.test.tsx > MoveCard > has not-allowed cursor when NRG is insufficient
 FAIL  src/components/MoveCard.test.tsx > MoveCard > has not-allowed cursor when disabled
 FAIL  src/components/MoveCard.test.tsx > MoveCard > calls onClick when clicked and affordable
 FAIL  src/components/MoveCard.test.tsx > MoveCard > does not call onClick when clicked but NRG insufficient
 FAIL  src/components/MoveCard.test.tsx > MoveCard > does not call onClick when clicked but disabled
 FAIL  src/components/MoveCard.test.tsx > MoveCard > renders move with status effect
 FAIL  src/components/MoveCard.test.tsx > MoveCard > renders move with stat modifier effect
 FAIL  src/components/MoveCard.test.tsx > MoveCard > renders move with negative stat modifier
 FAIL  src/components/MoveCard.test.tsx > MoveCard > renders move with both status and stat modifier
 FAIL  src/components/MoveCard.test.tsx > MoveCard > does not render effect section when no effect
 FAIL  src/components/MoveCard.test.tsx > MoveCard > uses default currentNrg of Infinity
 FAIL  src/components/MoveCard.test.tsx > MoveCard > renders with various accuracy values
 FAIL  src/components/MoveCard.test.tsx > MoveCard > renders with zero power move
ReferenceError: document is not defined
 ❯ src/components/MoveCard.test.tsx:23:5
     21| 
     22|   beforeEach(() => {
     23|     container = document.createElement('div')
       |     ^
     24|     document.body.appendChild(container)
     25|     root = createRoot(container)

⎯⎯⎯⎯⎯⎯⎯⎯⎯⎯⎯⎯⎯⎯⎯⎯⎯⎯⎯⎯⎯[11/292]⎯

 FAIL  src/components/MoveCard.test.tsx > MoveCard > renders move name
 FAIL  src/components/MoveCard.test.tsx > MoveCard > renders move power
 FAIL  src/components/MoveCard.test.tsx > MoveCard > renders move NRG cost
 FAIL  src/components/MoveCard.test.tsx > MoveCard > renders move category
 FAIL  src/components/MoveCard.test.tsx > MoveCard > renders move accuracy
 FAIL  src/components/MoveCard.test.tsx > MoveCard > renders type badge
 FAIL  src/components/MoveCard.test.tsx > MoveCard > shows "Not enough NRG!" when current NRG is less than cost
 FAIL  src/components/MoveCard.test.tsx > MoveCard > does not show "Not enough NRG!" when current NRG is enough
 FAIL  src/components/MoveCard.test.tsx > MoveCard > shows "Not enough NRG!" when current NRG equals cost minus one
 FAIL  src/components/MoveCard.test.tsx > MoveCard > does not show "Not enough NRG!" when current NRG equals cost
 FAIL  src/components/MoveCard.test.tsx > MoveCard > applies selected styling when selected is true
 FAIL  src/components/MoveCard.test.tsx > MoveCard > applies default styling when selected is false
 FAIL  src/components/MoveCard.test.tsx > MoveCard > applies disabled styling when disabled is true
 FAIL  src/components/MoveCard.test.tsx > MoveCard > has pointer cursor when move is affordable and not disabled
 FAIL  src/components/MoveCard.test.tsx > MoveCard > has not-allowed cursor when NRG is insufficient
 FAIL  src/components/MoveCard.test.tsx > MoveCard > has not-allowed cursor when disabled
 FAIL  src/components/MoveCard.test.tsx > MoveCard > calls onClick when clicked and affordable
 FAIL  src/components/MoveCard.test.tsx > MoveCard > does not call onClick when clicked but NRG insufficient
 FAIL  src/components/MoveCard.test.tsx > MoveCard > does not call onClick when clicked but disabled
 FAIL  src/components/MoveCard.test.tsx > MoveCard > renders move with status effect
 FAIL  src/components/MoveCard.test.tsx > MoveCard > renders move with stat modifier effect
 FAIL  src/components/MoveCard.test.tsx > MoveCard > renders move with negative stat modifier
 FAIL  src/components/MoveCard.test.tsx > MoveCard > renders move with both status and stat modifier
 FAIL  src/components/MoveCard.test.tsx > MoveCard > does not render effect section when no effect
 FAIL  src/components/MoveCard.test.tsx > MoveCard > uses default currentNrg of Infinity
 FAIL  src/components/MoveCard.test.tsx > MoveCard > renders with various accuracy values
 FAIL  src/components/MoveCard.test.tsx > MoveCard > renders with zero power move
TypeError: Cannot read properties of undefined (reading 'unmount')
 ❯ src/components/MoveCard.test.tsx:29:10
     27| 
     28|   afterEach(() => {
     29|     root.unmount()
       |          ^
     30|     document.body.removeChild(container)
     31|   })

⎯⎯⎯⎯⎯⎯⎯⎯⎯⎯⎯⎯⎯⎯⎯⎯⎯⎯⎯⎯⎯[12/292]⎯

 FAIL  src/components/ConfirmDialog.test.tsx > ConfirmDialog > renders title
 FAIL  src/components/ConfirmDialog.test.tsx > ConfirmDialog > renders message
 FAIL  src/components/ConfirmDialog.test.tsx > ConfirmDialog > renders default confirm button text
 FAIL  src/components/ConfirmDialog.test.tsx > ConfirmDialog > renders default cancel button text
 FAIL  src/components/ConfirmDialog.test.tsx > ConfirmDialog > renders custom confirm button text
 FAIL  src/components/ConfirmDialog.test.tsx > ConfirmDialog > renders custom cancel button text
 FAIL  src/components/ConfirmDialog.test.tsx > ConfirmDialog > calls onConfirm when confirm button is clicked
 FAIL  src/components/ConfirmDialog.test.tsx > ConfirmDialog > calls onCancel when cancel button is clicked
 FAIL  src/components/ConfirmDialog.test.tsx > ConfirmDialog > calls onCancel when backdrop is clicked
 FAIL  src/components/ConfirmDialog.test.tsx > ConfirmDialog > does not call onCancel when dialog content is clicked
 FAIL  src/components/ConfirmDialog.test.tsx > ConfirmDialog > applies normal variant styling to confirm button by default
 FAIL  src/components/ConfirmDialog.test.tsx > ConfirmDialog > applies dangerous variant styling to confirm button when isDangerous is true
 FAIL  src/components/ConfirmDialog.test.tsx > ConfirmDialog > has backdrop overlay with semi-transparent background
 FAIL  src/components/ConfirmDialog.test.tsx > ConfirmDialog > centers dialog on screen
 FAIL  src/components/ConfirmDialog.test.tsx > ConfirmDialog > applies dialog styling
 FAIL  src/components/ConfirmDialog.test.tsx > ConfirmDialog > renders cancel button with correct styling
 FAIL  src/components/ConfirmDialog.test.tsx > ConfirmDialog > renders confirm button with white text
 FAIL  src/components/ConfirmDialog.test.tsx > ConfirmDialog > handles long title and message
ReferenceError: document is not defined
 ❯ src/components/ConfirmDialog.test.tsx:11:5
      9| 
     10|   beforeEach(() => {
     11|     container = document.createElement('div')
       |     ^
     12|     document.body.appendChild(container)
     13|     root = createRoot(container)

⎯⎯⎯⎯⎯⎯⎯⎯⎯⎯⎯⎯⎯⎯⎯⎯⎯⎯⎯⎯⎯[13/292]⎯

 FAIL  src/components/ConfirmDialog.test.tsx > ConfirmDialog > renders title
 FAIL  src/components/ConfirmDialog.test.tsx > ConfirmDialog > renders message
 FAIL  src/components/ConfirmDialog.test.tsx > ConfirmDialog > renders default confirm button text
 FAIL  src/components/ConfirmDialog.test.tsx > ConfirmDialog > renders default cancel button text
 FAIL  src/components/ConfirmDialog.test.tsx > ConfirmDialog > renders custom confirm button text
 FAIL  src/components/ConfirmDialog.test.tsx > ConfirmDialog > renders custom cancel button text
 FAIL  src/components/ConfirmDialog.test.tsx > ConfirmDialog > calls onConfirm when confirm button is clicked
 FAIL  src/components/ConfirmDialog.test.tsx > ConfirmDialog > calls onCancel when cancel button is clicked
 FAIL  src/components/ConfirmDialog.test.tsx > ConfirmDialog > calls onCancel when backdrop is clicked
 FAIL  src/components/ConfirmDialog.test.tsx > ConfirmDialog > does not call onCancel when dialog content is clicked
 FAIL  src/components/ConfirmDialog.test.tsx > ConfirmDialog > applies normal variant styling to confirm button by default
 FAIL  src/components/ConfirmDialog.test.tsx > ConfirmDialog > applies dangerous variant styling to confirm button when isDangerous is true
 FAIL  src/components/ConfirmDialog.test.tsx > ConfirmDialog > has backdrop overlay with semi-transparent background
 FAIL  src/components/ConfirmDialog.test.tsx > ConfirmDialog > centers dialog on screen
 FAIL  src/components/ConfirmDialog.test.tsx > ConfirmDialog > applies dialog styling
 FAIL  src/components/ConfirmDialog.test.tsx > ConfirmDialog > renders cancel button with correct styling
 FAIL  src/components/ConfirmDialog.test.tsx > ConfirmDialog > renders confirm button with white text
 FAIL  src/components/ConfirmDialog.test.tsx > ConfirmDialog > handles long title and message
TypeError: Cannot read properties of undefined (reading 'unmount')
 ❯ src/components/ConfirmDialog.test.tsx:17:10
     15| 
     16|   afterEach(() => {
     17|     root.unmount()
       |          ^
     18|     document.body.removeChild(container)
     19|   })

⎯⎯⎯⎯⎯⎯⎯⎯⎯⎯⎯⎯⎯⎯⎯⎯⎯⎯⎯⎯⎯[14/292]⎯

 FAIL  src/components/BerryvolutionCard.test.tsx > BerryvolutionCard > renders member name in full mode
 FAIL  src/components/BerryvolutionCard.test.tsx > BerryvolutionCard > renders member name in compact mode
 FAIL  src/components/BerryvolutionCard.test.tsx > BerryvolutionCard > renders member level in full mode
 FAIL  src/components/BerryvolutionCard.test.tsx > BerryvolutionCard > renders member level in compact mode
 FAIL  src/components/BerryvolutionCard.test.tsx > BerryvolutionCard > renders type badge in full mode
 FAIL  src/components/BerryvolutionCard.test.tsx > BerryvolutionCard > renders type badge in compact mode
 FAIL  src/components/BerryvolutionCard.test.tsx > BerryvolutionCard > renders HP stat bar in full mode
 FAIL  src/components/BerryvolutionCard.test.tsx > BerryvolutionCard > renders all stat bars in full mode
 FAIL  src/components/BerryvolutionCard.test.tsx > BerryvolutionCard > renders only HP stat bar in compact mode
 FAIL  src/components/BerryvolutionCard.test.tsx > BerryvolutionCard > renders XP info in full mode
 FAIL  src/components/BerryvolutionCard.test.tsx > BerryvolutionCard > does not render XP info in compact mode
 FAIL  src/components/BerryvolutionCard.test.tsx > BerryvolutionCard > renders move count in full mode
 FAIL  src/components/BerryvolutionCard.test.tsx > BerryvolutionCard > does not render move count in full mode when no moves unlocked
 FAIL  src/components/BerryvolutionCard.test.tsx > BerryvolutionCard > applies selected styling when selected is true
 FAIL  src/components/BerryvolutionCard.test.tsx > BerryvolutionCard > applies default styling when selected is false
 FAIL  src/components/BerryvolutionCard.test.tsx > BerryvolutionCard > has pointer cursor when onClick is provided
 FAIL  src/components/BerryvolutionCard.test.tsx > BerryvolutionCard > calls onClick handler when clicked
 FAIL  src/components/BerryvolutionCard.test.tsx > BerryvolutionCard > renders berryvolution member with correct type
 FAIL  src/components/BerryvolutionCard.test.tsx > BerryvolutionCard > renders berryvolution with correct stats
 FAIL  src/components/BerryvolutionCard.test.tsx > BerryvolutionCard > shows correct move count for multiple moves
 FAIL  src/components/BerryvolutionCard.test.tsx > BerryvolutionCard > renders compact card with proper layout
 FAIL  src/components/BerryvolutionCard.test.tsx > BerryvolutionCard > full mode card is larger than compact mode
 FAIL  src/components/BerryvolutionCard.test.tsx > BerryvolutionCard > renders member with high level
 FAIL  src/components/BerryvolutionCard.test.tsx > BerryvolutionCard > renders member with zero HP
 FAIL  src/components/BerryvolutionCard.test.tsx > BerryvolutionCard > renders HP bar with correct values
 FAIL  src/components/BerryvolutionCard.test.tsx > BerryvolutionCard > responds to selection state changes
ReferenceError: document is not defined
 ❯ src/components/BerryvolutionCard.test.tsx:44:5
     42| 
     43|   beforeEach(() => {
     44|     container = document.createElement('div')
       |     ^
     45|     document.body.appendChild(container)
     46|     root = createRoot(container)

⎯⎯⎯⎯⎯⎯⎯⎯⎯⎯⎯⎯⎯⎯⎯⎯⎯⎯⎯⎯⎯[15/292]⎯

 FAIL  src/components/BerryvolutionCard.test.tsx > BerryvolutionCard > renders member name in full mode
 FAIL  src/components/BerryvolutionCard.test.tsx > BerryvolutionCard > renders member name in compact mode
 FAIL  src/components/BerryvolutionCard.test.tsx > BerryvolutionCard > renders member level in full mode
 FAIL  src/components/BerryvolutionCard.test.tsx > BerryvolutionCard > renders member level in compact mode
 FAIL  src/components/BerryvolutionCard.test.tsx > BerryvolutionCard > renders type badge in full mode
 FAIL  src/components/BerryvolutionCard.test.tsx > BerryvolutionCard > renders type badge in compact mode
 FAIL  src/components/BerryvolutionCard.test.tsx > BerryvolutionCard > renders HP stat bar in full mode
 FAIL  src/components/BerryvolutionCard.test.tsx > BerryvolutionCard > renders all stat bars in full mode
 FAIL  src/components/BerryvolutionCard.test.tsx > BerryvolutionCard > renders only HP stat bar in compact mode
 FAIL  src/components/BerryvolutionCard.test.tsx > BerryvolutionCard > renders XP info in full mode
 FAIL  src/components/BerryvolutionCard.test.tsx > BerryvolutionCard > does not render XP info in compact mode
 FAIL  src/components/BerryvolutionCard.test.tsx > BerryvolutionCard > renders move count in full mode
 FAIL  src/components/BerryvolutionCard.test.tsx > BerryvolutionCard > does not render move count in full mode when no moves unlocked
 FAIL  src/components/BerryvolutionCard.test.tsx > BerryvolutionCard > applies selected styling when selected is true
 FAIL  src/components/BerryvolutionCard.test.tsx > BerryvolutionCard > applies default styling when selected is false
 FAIL  src/components/BerryvolutionCard.test.tsx > BerryvolutionCard > has pointer cursor when onClick is provided
 FAIL  src/components/BerryvolutionCard.test.tsx > BerryvolutionCard > calls onClick handler when clicked
 FAIL  src/components/BerryvolutionCard.test.tsx > BerryvolutionCard > renders berryvolution member with correct type
 FAIL  src/components/BerryvolutionCard.test.tsx > BerryvolutionCard > renders berryvolution with correct stats
 FAIL  src/components/BerryvolutionCard.test.tsx > BerryvolutionCard > shows correct move count for multiple moves
 FAIL  src/components/BerryvolutionCard.test.tsx > BerryvolutionCard > renders compact card with proper layout
 FAIL  src/components/BerryvolutionCard.test.tsx > BerryvolutionCard > full mode card is larger than compact mode
 FAIL  src/components/BerryvolutionCard.test.tsx > BerryvolutionCard > renders member with high level
 FAIL  src/components/BerryvolutionCard.test.tsx > BerryvolutionCard > renders member with zero HP
 FAIL  src/components/BerryvolutionCard.test.tsx > BerryvolutionCard > renders HP bar with correct values
 FAIL  src/components/BerryvolutionCard.test.tsx > BerryvolutionCard > responds to selection state changes
TypeError: Cannot read properties of undefined (reading 'unmount')
 ❯ src/components/BerryvolutionCard.test.tsx:50:10
     48| 
     49|   afterEach(() => {
     50|     root.unmount()
       |          ^
     51|     document.body.removeChild(container)
     52|   })

⎯⎯⎯⎯⎯⎯⎯⎯⎯⎯⎯⎯⎯⎯⎯⎯⎯⎯⎯⎯⎯[16/292]⎯

 Test Files  8 failed | 4 passed (12)
      Tests  146 failed | 131 passed (277)
   Start at  17:00:03
   Duration  7.97s


 FAIL  Tests failed. Watching for file changes...
       press h to show help, press q to quit
[3Jc
 RERUN  src/components/Button.test.tsx x4

 ❯ src/components/Button.test.tsx  (14 tests | 14 failed) 52ms
   ❯ src/components/Button.test.tsx > Button > renders with default props
     → document is not defined
     → flushSync is not a function
   ❯ src/components/Button.test.tsx > Button > renders with primary variant (default)
     → document is not defined
     → flushSync is not a function
   ❯ src/components/Button.test.tsx > Button > renders with secondary variant
     → document is not defined
     → flushSync is not a function
   ❯ src/components/Button.test.tsx > Button > renders with danger variant
     → document is not defined
     → flushSync is not a function
   ❯ src/components/Button.test.tsx > Button > renders with small size
     → document is not defined
     → flushSync is not a function
   ❯ src/components/Button.test.tsx > Button > renders with medium size (default)
     → document is not defined
     → flushSync is not a function
   ❯ src/components/Button.test.tsx > Button > renders with large size
     → document is not defined
     → flushSync is not a function
   ❯ src/components/Button.test.tsx > Button > applies disabled state styling
     → document is not defined
     → flushSync is not a function
   ❯ src/components/Button.test.tsx > Button > handles click events
     → document is not defined
     → flushSync is not a function
   ❯ src/components/Button.test.tsx > Button > does not call onClick when disabled
     → document is not defined
     → flushSync is not a function
   ❯ src/components/Button.test.tsx > Button > applies hover effects on mouseenter
     → document is not defined
     → flushSync is not a function
   ❯ src/components/Button.test.tsx > Button > removes hover effects on mouseleave
     → document is not defined
     → flushSync is not a function
   ❯ src/components/Button.test.tsx > Button > does not apply hover effects when disabled
     → document is not defined
     → flushSync is not a function
   ❯ src/components/Button.test.tsx > Button > renders with custom HTML attributes
     → document is not defined
     → flushSync is not a function

⎯⎯⎯⎯⎯⎯ Failed Tests 14 ⎯⎯⎯⎯⎯⎯⎯

 FAIL  src/components/Button.test.tsx > Button > renders with default props
 FAIL  src/components/Button.test.tsx > Button > renders with primary variant (default)
 FAIL  src/components/Button.test.tsx > Button > renders with secondary variant
 FAIL  src/components/Button.test.tsx > Button > renders with danger variant
 FAIL  src/components/Button.test.tsx > Button > renders with small size
 FAIL  src/components/Button.test.tsx > Button > renders with medium size (default)
 FAIL  src/components/Button.test.tsx > Button > renders with large size
 FAIL  src/components/Button.test.tsx > Button > applies disabled state styling
 FAIL  src/components/Button.test.tsx > Button > handles click events
 FAIL  src/components/Button.test.tsx > Button > does not call onClick when disabled
 FAIL  src/components/Button.test.tsx > Button > applies hover effects on mouseenter
 FAIL  src/components/Button.test.tsx > Button > removes hover effects on mouseleave
 FAIL  src/components/Button.test.tsx > Button > does not apply hover effects when disabled
 FAIL  src/components/Button.test.tsx > Button > renders with custom HTML attributes
ReferenceError: document is not defined
 ❯ src/components/Button.test.tsx:11:5
      9| 
     10|   beforeEach(() => {
     11|     container = document.createElement('div')
       |     ^
     12|     document.body.appendChild(container)
     13|     root = createRoot(container)

⎯⎯⎯⎯⎯⎯⎯⎯⎯⎯⎯⎯⎯⎯⎯⎯⎯⎯⎯⎯⎯⎯⎯[1/28]⎯

 FAIL  src/components/Button.test.tsx > Button > renders with default props
 FAIL  src/components/Button.test.tsx > Button > renders with primary variant (default)
 FAIL  src/components/Button.test.tsx > Button > renders with secondary variant
 FAIL  src/components/Button.test.tsx > Button > renders with danger variant
 FAIL  src/components/Button.test.tsx > Button > renders with small size
 FAIL  src/components/Button.test.tsx > Button > renders with medium size (default)
 FAIL  src/components/Button.test.tsx > Button > renders with large size
 FAIL  src/components/Button.test.tsx > Button > applies disabled state styling
 FAIL  src/components/Button.test.tsx > Button > handles click events
 FAIL  src/components/Button.test.tsx > Button > does not call onClick when disabled
 FAIL  src/components/Button.test.tsx > Button > applies hover effects on mouseenter
 FAIL  src/components/Button.test.tsx > Button > removes hover effects on mouseleave
 FAIL  src/components/Button.test.tsx > Button > does not apply hover effects when disabled
 FAIL  src/components/Button.test.tsx > Button > renders with custom HTML attributes
TypeError: flushSync is not a function
 ❯ src/components/Button.test.tsx:17:5
     15| 
     16|   afterEach(() => {
     17|     flushSync(() => {
       |     ^
     18|       root.unmount()
     19|     })

⎯⎯⎯⎯⎯⎯⎯⎯⎯⎯⎯⎯⎯⎯⎯⎯⎯⎯⎯⎯⎯⎯⎯[2/28]⎯

 Test Files  1 failed (1)
      Tests  14 failed (14)
   Start at  17:07:12
   Duration  134ms


 FAIL  Tests failed. Watching for file changes...
       press h to show help, press q to quit
       rerun x4
[2K[1A[2K[G[3Jc
 RERUN  src/components/Button.test.tsx x5

 ❯ src/components/Button.test.tsx  (14 tests | 14 failed) 52ms
   ❯ src/components/Button.test.tsx > Button > renders with default props
     → document is not defined
     → unmountComponentAtNode(...): Target container is not a DOM element.
   ❯ src/components/Button.test.tsx > Button > renders with primary variant (default)
     → document is not defined
     → unmountComponentAtNode(...): Target container is not a DOM element.
   ❯ src/components/Button.test.tsx > Button > renders with secondary variant
     → document is not defined
     → unmountComponentAtNode(...): Target container is not a DOM element.
   ❯ src/components/Button.test.tsx > Button > renders with danger variant
     → document is not defined
     → unmountComponentAtNode(...): Target container is not a DOM element.
   ❯ src/components/Button.test.tsx > Button > renders with small size
     → document is not defined
     → unmountComponentAtNode(...): Target container is not a DOM element.
   ❯ src/components/Button.test.tsx > Button > renders with medium size (default)
     → document is not defined
     → unmountComponentAtNode(...): Target container is not a DOM element.
   ❯ src/components/Button.test.tsx > Button > renders with large size
     → document is not defined
     → unmountComponentAtNode(...): Target container is not a DOM element.
   ❯ src/components/Button.test.tsx > Button > applies disabled state styling
     → document is not defined
     → unmountComponentAtNode(...): Target container is not a DOM element.
   ❯ src/components/Button.test.tsx > Button > handles click events
     → document is not defined
     → unmountComponentAtNode(...): Target container is not a DOM element.
   ❯ src/components/Button.test.tsx > Button > does not call onClick when disabled
     → document is not defined
     → unmountComponentAtNode(...): Target container is not a DOM element.
   ❯ src/components/Button.test.tsx > Button > applies hover effects on mouseenter
     → document is not defined
     → unmountComponentAtNode(...): Target container is not a DOM element.
   ❯ src/components/Button.test.tsx > Button > removes hover effects on mouseleave
     → document is not defined
     → unmountComponentAtNode(...): Target container is not a DOM element.
   ❯ src/components/Button.test.tsx > Button > does not apply hover effects when disabled
     → document is not defined
     → unmountComponentAtNode(...): Target container is not a DOM element.
   ❯ src/components/Button.test.tsx > Button > renders with custom HTML attributes
     → document is not defined
     → unmountComponentAtNode(...): Target container is not a DOM element.
stderr | src/components/Button.test.tsx > Button > renders with default props
Warning: unmountComponentAtNode is deprecated and will be removed in the next major release. Switch to the createRoot API. Learn more: https://reactjs.org/link/switch-to-createroot


⎯⎯⎯⎯⎯⎯ Failed Tests 14 ⎯⎯⎯⎯⎯⎯⎯

 FAIL  src/components/Button.test.tsx > Button > renders with default props
 FAIL  src/components/Button.test.tsx > Button > renders with primary variant (default)
 FAIL  src/components/Button.test.tsx > Button > renders with secondary variant
 FAIL  src/components/Button.test.tsx > Button > renders with danger variant
 FAIL  src/components/Button.test.tsx > Button > renders with small size
 FAIL  src/components/Button.test.tsx > Button > renders with medium size (default)
 FAIL  src/components/Button.test.tsx > Button > renders with large size
 FAIL  src/components/Button.test.tsx > Button > applies disabled state styling
 FAIL  src/components/Button.test.tsx > Button > handles click events
 FAIL  src/components/Button.test.tsx > Button > does not call onClick when disabled
 FAIL  src/components/Button.test.tsx > Button > applies hover effects on mouseenter
 FAIL  src/components/Button.test.tsx > Button > removes hover effects on mouseleave
 FAIL  src/components/Button.test.tsx > Button > does not apply hover effects when disabled
 FAIL  src/components/Button.test.tsx > Button > renders with custom HTML attributes
ReferenceError: document is not defined
 ❯ src/components/Button.test.tsx:10:5
      8| 
      9|   beforeEach(() => {
     10|     container = document.createElement('div')
       |     ^
     11|     document.body.appendChild(container)
     12|   })

⎯⎯⎯⎯⎯⎯⎯⎯⎯⎯⎯⎯⎯⎯⎯⎯⎯⎯⎯⎯⎯⎯⎯[1/28]⎯

 FAIL  src/components/Button.test.tsx > Button > renders with default props
 FAIL  src/components/Button.test.tsx > Button > renders with primary variant (default)
 FAIL  src/components/Button.test.tsx > Button > renders with secondary variant
 FAIL  src/components/Button.test.tsx > Button > renders with danger variant
 FAIL  src/components/Button.test.tsx > Button > renders with small size
 FAIL  src/components/Button.test.tsx > Button > renders with medium size (default)
 FAIL  src/components/Button.test.tsx > Button > renders with large size
 FAIL  src/components/Button.test.tsx > Button > applies disabled state styling
 FAIL  src/components/Button.test.tsx > Button > handles click events
 FAIL  src/components/Button.test.tsx > Button > does not call onClick when disabled
 FAIL  src/components/Button.test.tsx > Button > applies hover effects on mouseenter
 FAIL  src/components/Button.test.tsx > Button > removes hover effects on mouseleave
 FAIL  src/components/Button.test.tsx > Button > does not apply hover effects when disabled
 FAIL  src/components/Button.test.tsx > Button > renders with custom HTML attributes
Error: unmountComponentAtNode(...): Target container is not a DOM element.
 ❯ Object.unmountComponentAtNode node_modules/react-dom/cjs/react-dom.development.js:29759:11
 ❯ src/components/Button.test.tsx:15:14
     13| 
     14|   afterEach(() => {
     15|     ReactDOM.unmountComponentAtNode(container)
       |              ^
     16|     document.body.removeChild(container)
     17|   })

⎯⎯⎯⎯⎯⎯⎯⎯⎯⎯⎯⎯⎯⎯⎯⎯⎯⎯⎯⎯⎯⎯⎯[2/28]⎯

 Test Files  1 failed (1)
      Tests  14 failed (14)
   Start at  17:08:49
   Duration  167ms


 FAIL  Tests failed. Watching for file changes...
       press h to show help, press q to quit
       rerun x5
[2K[1A[2K[G[3Jc
 RERUN  src/components/Button.test.tsx x6

 ❯ src/components/Button.test.tsx  (14 tests | 14 failed) 32ms
   ❯ src/components/Button.test.tsx > Button > renders with default props
     → document is not defined
     → unmountComponentAtNode(...): Target container is not a DOM element.
   ❯ src/components/Button.test.tsx > Button > renders with primary variant (default)
     → document is not defined
     → unmountComponentAtNode(...): Target container is not a DOM element.
   ❯ src/components/Button.test.tsx > Button > renders with secondary variant
     → document is not defined
     → unmountComponentAtNode(...): Target container is not a DOM element.
   ❯ src/components/Button.test.tsx > Button > renders with danger variant
     → document is not defined
     → unmountComponentAtNode(...): Target container is not a DOM element.
   ❯ src/components/Button.test.tsx > Button > renders with small size
     → document is not defined
     → unmountComponentAtNode(...): Target container is not a DOM element.
   ❯ src/components/Button.test.tsx > Button > renders with medium size (default)
     → document is not defined
     → unmountComponentAtNode(...): Target container is not a DOM element.
   ❯ src/components/Button.test.tsx > Button > renders with large size
     → document is not defined
     → unmountComponentAtNode(...): Target container is not a DOM element.
   ❯ src/components/Button.test.tsx > Button > applies disabled state styling
     → document is not defined
     → unmountComponentAtNode(...): Target container is not a DOM element.
   ❯ src/components/Button.test.tsx > Button > handles click events
     → document is not defined
     → unmountComponentAtNode(...): Target container is not a DOM element.
   ❯ src/components/Button.test.tsx > Button > does not call onClick when disabled
     → document is not defined
     → unmountComponentAtNode(...): Target container is not a DOM element.
   ❯ src/components/Button.test.tsx > Button > applies hover effects on mouseenter
     → document is not defined
     → unmountComponentAtNode(...): Target container is not a DOM element.
   ❯ src/components/Button.test.tsx > Button > removes hover effects on mouseleave
     → document is not defined
     → unmountComponentAtNode(...): Target container is not a DOM element.
   ❯ src/components/Button.test.tsx > Button > does not apply hover effects when disabled
     → document is not defined
     → unmountComponentAtNode(...): Target container is not a DOM element.
   ❯ src/components/Button.test.tsx > Button > renders with custom HTML attributes
     → document is not defined
     → unmountComponentAtNode(...): Target container is not a DOM element.
stderr | src/components/Button.test.tsx > Button > renders with default props
Warning: unmountComponentAtNode is deprecated and will be removed in the next major release. Switch to the createRoot API. Learn more: https://reactjs.org/link/switch-to-createroot


⎯⎯⎯⎯⎯⎯ Failed Tests 14 ⎯⎯⎯⎯⎯⎯⎯

 FAIL  src/components/Button.test.tsx > Button > renders with default props
 FAIL  src/components/Button.test.tsx > Button > renders with primary variant (default)
 FAIL  src/components/Button.test.tsx > Button > renders with secondary variant
 FAIL  src/components/Button.test.tsx > Button > renders with danger variant
 FAIL  src/components/Button.test.tsx > Button > renders with small size
 FAIL  src/components/Button.test.tsx > Button > renders with medium size (default)
 FAIL  src/components/Button.test.tsx > Button > renders with large size
 FAIL  src/components/Button.test.tsx > Button > applies disabled state styling
 FAIL  src/components/Button.test.tsx > Button > handles click events
 FAIL  src/components/Button.test.tsx > Button > does not call onClick when disabled
 FAIL  src/components/Button.test.tsx > Button > applies hover effects on mouseenter
 FAIL  src/components/Button.test.tsx > Button > removes hover effects on mouseleave
 FAIL  src/components/Button.test.tsx > Button > does not apply hover effects when disabled
 FAIL  src/components/Button.test.tsx > Button > renders with custom HTML attributes
ReferenceError: document is not defined
 ❯ src/components/Button.test.tsx:10:5
      8| 
      9|   beforeEach(() => {
     10|     container = document.createElement('div')
       |     ^
     11|     document.body.appendChild(container)
     12|   })

⎯⎯⎯⎯⎯⎯⎯⎯⎯⎯⎯⎯⎯⎯⎯⎯⎯⎯⎯⎯⎯⎯⎯[1/28]⎯

 FAIL  src/components/Button.test.tsx > Button > renders with default props
 FAIL  src/components/Button.test.tsx > Button > renders with primary variant (default)
 FAIL  src/components/Button.test.tsx > Button > renders with secondary variant
 FAIL  src/components/Button.test.tsx > Button > renders with danger variant
 FAIL  src/components/Button.test.tsx > Button > renders with small size
 FAIL  src/components/Button.test.tsx > Button > renders with medium size (default)
 FAIL  src/components/Button.test.tsx > Button > renders with large size
 FAIL  src/components/Button.test.tsx > Button > applies disabled state styling
 FAIL  src/components/Button.test.tsx > Button > handles click events
 FAIL  src/components/Button.test.tsx > Button > does not call onClick when disabled
 FAIL  src/components/Button.test.tsx > Button > applies hover effects on mouseenter
 FAIL  src/components/Button.test.tsx > Button > removes hover effects on mouseleave
 FAIL  src/components/Button.test.tsx > Button > does not apply hover effects when disabled
 FAIL  src/components/Button.test.tsx > Button > renders with custom HTML attributes
Error: unmountComponentAtNode(...): Target container is not a DOM element.
 ❯ Object.unmountComponentAtNode node_modules/react-dom/cjs/react-dom.development.js:29759:11
 ❯ src/components/Button.test.tsx:15:14
     13| 
     14|   afterEach(() => {
     15|     ReactDOM.unmountComponentAtNode(container)
       |              ^
     16|     document.body.removeChild(container)
     17|   })

⎯⎯⎯⎯⎯⎯⎯⎯⎯⎯⎯⎯⎯⎯⎯⎯⎯⎯⎯⎯⎯⎯⎯[2/28]⎯

 Test Files  1 failed (1)
      Tests  14 failed (14)
   Start at  17:08:50
   Duration  105ms


 FAIL  Tests failed. Watching for file changes...
       press h to show help, press q to quit
       rerun x6
[2K[1A[2K[G[3Jc
 RERUN  src/components/Button.test.tsx x7

 ❯ src/components/Button.test.tsx  (14 tests | 14 failed) 51ms
   ❯ src/components/Button.test.tsx > Button > renders with default props
     → document is not defined
     → unmountComponentAtNode(...): Target container is not a DOM element.
   ❯ src/components/Button.test.tsx > Button > renders with primary variant (default)
     → document is not defined
     → unmountComponentAtNode(...): Target container is not a DOM element.
   ❯ src/components/Button.test.tsx > Button > renders with secondary variant
     → document is not defined
     → unmountComponentAtNode(...): Target container is not a DOM element.
   ❯ src/components/Button.test.tsx > Button > renders with danger variant
     → document is not defined
     → unmountComponentAtNode(...): Target container is not a DOM element.
   ❯ src/components/Button.test.tsx > Button > renders with small size
     → document is not defined
     → unmountComponentAtNode(...): Target container is not a DOM element.
   ❯ src/components/Button.test.tsx > Button > renders with medium size (default)
     → document is not defined
     → unmountComponentAtNode(...): Target container is not a DOM element.
   ❯ src/components/Button.test.tsx > Button > renders with large size
     → document is not defined
     → unmountComponentAtNode(...): Target container is not a DOM element.
   ❯ src/components/Button.test.tsx > Button > applies disabled state styling
     → document is not defined
     → unmountComponentAtNode(...): Target container is not a DOM element.
   ❯ src/components/Button.test.tsx > Button > handles click events
     → document is not defined
     → unmountComponentAtNode(...): Target container is not a DOM element.
   ❯ src/components/Button.test.tsx > Button > does not call onClick when disabled
     → document is not defined
     → unmountComponentAtNode(...): Target container is not a DOM element.
   ❯ src/components/Button.test.tsx > Button > applies hover effects on mouseenter
     → document is not defined
     → unmountComponentAtNode(...): Target container is not a DOM element.
   ❯ src/components/Button.test.tsx > Button > removes hover effects on mouseleave
     → document is not defined
     → unmountComponentAtNode(...): Target container is not a DOM element.
   ❯ src/components/Button.test.tsx > Button > does not apply hover effects when disabled
     → document is not defined
     → unmountComponentAtNode(...): Target container is not a DOM element.
   ❯ src/components/Button.test.tsx > Button > renders with custom HTML attributes
     → document is not defined
     → unmountComponentAtNode(...): Target container is not a DOM element.
stderr | src/components/Button.test.tsx > Button > renders with default props
Warning: unmountComponentAtNode is deprecated and will be removed in the next major release. Switch to the createRoot API. Learn more: https://reactjs.org/link/switch-to-createroot


⎯⎯⎯⎯⎯⎯ Failed Tests 14 ⎯⎯⎯⎯⎯⎯⎯

 FAIL  src/components/Button.test.tsx > Button > renders with default props
 FAIL  src/components/Button.test.tsx > Button > renders with primary variant (default)
 FAIL  src/components/Button.test.tsx > Button > renders with secondary variant
 FAIL  src/components/Button.test.tsx > Button > renders with danger variant
 FAIL  src/components/Button.test.tsx > Button > renders with small size
 FAIL  src/components/Button.test.tsx > Button > renders with medium size (default)
 FAIL  src/components/Button.test.tsx > Button > renders with large size
 FAIL  src/components/Button.test.tsx > Button > applies disabled state styling
 FAIL  src/components/Button.test.tsx > Button > handles click events
 FAIL  src/components/Button.test.tsx > Button > does not call onClick when disabled
 FAIL  src/components/Button.test.tsx > Button > applies hover effects on mouseenter
 FAIL  src/components/Button.test.tsx > Button > removes hover effects on mouseleave
 FAIL  src/components/Button.test.tsx > Button > does not apply hover effects when disabled
 FAIL  src/components/Button.test.tsx > Button > renders with custom HTML attributes
ReferenceError: document is not defined
 ❯ src/components/Button.test.tsx:10:5
      8| 
      9|   beforeEach(() => {
     10|     container = document.createElement('div')
       |     ^
     11|     document.body.appendChild(container)
     12|   })

⎯⎯⎯⎯⎯⎯⎯⎯⎯⎯⎯⎯⎯⎯⎯⎯⎯⎯⎯⎯⎯⎯⎯[1/28]⎯

 FAIL  src/components/Button.test.tsx > Button > renders with default props
 FAIL  src/components/Button.test.tsx > Button > renders with primary variant (default)
 FAIL  src/components/Button.test.tsx > Button > renders with secondary variant
 FAIL  src/components/Button.test.tsx > Button > renders with danger variant
 FAIL  src/components/Button.test.tsx > Button > renders with small size
 FAIL  src/components/Button.test.tsx > Button > renders with medium size (default)
 FAIL  src/components/Button.test.tsx > Button > renders with large size
 FAIL  src/components/Button.test.tsx > Button > applies disabled state styling
 FAIL  src/components/Button.test.tsx > Button > handles click events
 FAIL  src/components/Button.test.tsx > Button > does not call onClick when disabled
 FAIL  src/components/Button.test.tsx > Button > applies hover effects on mouseenter
 FAIL  src/components/Button.test.tsx > Button > removes hover effects on mouseleave
 FAIL  src/components/Button.test.tsx > Button > does not apply hover effects when disabled
 FAIL  src/components/Button.test.tsx > Button > renders with custom HTML attributes
Error: unmountComponentAtNode(...): Target container is not a DOM element.
 ❯ Object.unmountComponentAtNode node_modules/react-dom/cjs/react-dom.development.js:29759:11
 ❯ src/components/Button.test.tsx:15:14
     13| 
     14|   afterEach(() => {
     15|     ReactDOM.unmountComponentAtNode(container)
       |              ^
     16|     document.body.removeChild(container)
     17|   })

⎯⎯⎯⎯⎯⎯⎯⎯⎯⎯⎯⎯⎯⎯⎯⎯⎯⎯⎯⎯⎯⎯⎯[2/28]⎯

 Test Files  1 failed (1)
      Tests  14 failed (14)
   Start at  17:08:55
   Duration  142ms


 FAIL  Tests failed. Watching for file changes...
       press h to show help, press q to quit
       rerun x7
[2K[1A[2K[G[3Jc
 RERUN  src/components/Grid.test.tsx

 ❯ src/components/Grid.test.tsx  (16 tests | 16 failed) 258ms
   ❯ src/components/Grid.test.tsx > Grid > renders children
     → document is not defined
     → Cannot read properties of undefined (reading 'unmount')
   ❯ src/components/Grid.test.tsx > Grid > applies display: grid
     → document is not defined
     → Cannot read properties of undefined (reading 'unmount')
   ❯ src/components/Grid.test.tsx > Grid > applies default column (auto)
     → document is not defined
     → Cannot read properties of undefined (reading 'unmount')
   ❯ src/components/Grid.test.tsx > Grid > applies numeric columns as repeat pattern
     → document is not defined
     → Cannot read properties of undefined (reading 'unmount')
   ❯ src/components/Grid.test.tsx > Grid > applies string columns directly
     → document is not defined
     → Cannot read properties of undefined (reading 'unmount')
   ❯ src/components/Grid.test.tsx > Grid > applies default gap (1rem)
     → document is not defined
     → Cannot read properties of undefined (reading 'unmount')
   ❯ src/components/Grid.test.tsx > Grid > applies custom gap
     → document is not defined
     → Cannot read properties of undefined (reading 'unmount')
   ❯ src/components/Grid.test.tsx > Grid > combines columns and gap
     → document is not defined
     → Cannot read properties of undefined (reading 'unmount')
   ❯ src/components/Grid.test.tsx > Grid > handles numeric column 1
     → document is not defined
     → Cannot read properties of undefined (reading 'unmount')
   ❯ src/components/Grid.test.tsx > Grid > handles numeric column 4
     → document is not defined
     → Cannot read properties of undefined (reading 'unmount')
   ❯ src/components/Grid.test.tsx > Grid > handles auto-fit pattern
     → document is not defined
     → Cannot read properties of undefined (reading 'unmount')
   ❯ src/components/Grid.test.tsx > Grid > handles minmax pattern
     → document is not defined
     → Cannot read properties of undefined (reading 'unmount')
   ❯ src/components/Grid.test.tsx > Grid > renders multiple children in grid
     → document is not defined
     → Cannot read properties of undefined (reading 'unmount')
   ❯ src/components/Grid.test.tsx > Grid > applies gap with numeric value
     → document is not defined
     → Cannot read properties of undefined (reading 'unmount')
   ❯ src/components/Grid.test.tsx > Grid > applies gap with pixel value
     → document is not defined
     → Cannot read properties of undefined (reading 'unmount')
   ❯ src/components/Grid.test.tsx > Grid > applies columns with custom CSS values
     → document is not defined
     → Cannot read properties of undefined (reading 'unmount')
 ❯ src/components/StatBar.test.tsx  (19 tests | 19 failed) 345ms
   ❯ src/components/StatBar.test.tsx > StatBar > renders label
     → document is not defined
     → Cannot read properties of undefined (reading 'unmount')
   ❯ src/components/StatBar.test.tsx > StatBar > displays current and max values by default
     → document is not defined
     → Cannot read properties of undefined (reading 'unmount')
   ❯ src/components/StatBar.test.tsx > StatBar > hides values when showValues is false
     → document is not defined
     → Cannot read properties of undefined (reading 'unmount')
   ❯ src/components/StatBar.test.tsx > StatBar > calculates percentage correctly at 50%
     → document is not defined
     → Cannot read properties of undefined (reading 'unmount')
   ❯ src/components/StatBar.test.tsx > StatBar > calculates percentage correctly at 100%
     → document is not defined
     → Cannot read properties of undefined (reading 'unmount')
   ❯ src/components/StatBar.test.tsx > StatBar > calculates percentage correctly at 0%
     → document is not defined
     → Cannot read properties of undefined (reading 'unmount')
   ❯ src/components/StatBar.test.tsx > StatBar > handles partial percentages
     → document is not defined
     → Cannot read properties of undefined (reading 'unmount')
   ❯ src/components/StatBar.test.tsx > StatBar > clamps percentage to 100% when current exceeds max
     → document is not defined
     → Cannot read properties of undefined (reading 'unmount')
   ❯ src/components/StatBar.test.tsx > StatBar > clamps percentage to 0% when current is negative
     → document is not defined
     → Cannot read properties of undefined (reading 'unmount')
   ❯ src/components/StatBar.test.tsx > StatBar > applies default color
     → document is not defined
     → Cannot read properties of undefined (reading 'unmount')
   ❯ src/components/StatBar.test.tsx > StatBar > applies custom color
     → document is not defined
     → Cannot read properties of undefined (reading 'unmount')
   ❯ src/components/StatBar.test.tsx > StatBar > shows percentage text when bar width > 20%
     → document is not defined
     → Cannot read properties of undefined (reading 'unmount')
   ❯ src/components/StatBar.test.tsx > StatBar > does not show percentage text when bar width <= 20%
     → document is not defined
     → Cannot read properties of undefined (reading 'unmount')
   ❯ src/components/StatBar.test.tsx > StatBar > shows percentage text at exactly 21% (> 20%)
     → document is not defined
     → Cannot read properties of undefined (reading 'unmount')
   ❯ src/components/StatBar.test.tsx > StatBar > has transition effect on fill bar
     → document is not defined
     → Cannot read properties of undefined (reading 'unmount')
   ❯ src/components/StatBar.test.tsx > StatBar > floors current value in display
     → document is not defined
     → Cannot read properties of undefined (reading 'unmount')
   ❯ src/components/StatBar.test.tsx > StatBar > floors max value in display
     → document is not defined
     → Cannot read properties of undefined (reading 'unmount')
   ❯ src/components/StatBar.test.tsx > StatBar > floors percentage in text display
     → document is not defined
     → Cannot read properties of undefined (reading 'unmount')
   ❯ src/components/StatBar.test.tsx > StatBar > renders with large stats
     → document is not defined
     → Cannot read properties of undefined (reading 'unmount')
 ❯ src/components/Card.test.tsx  (13 tests | 13 failed) 336ms
   ❯ src/components/Card.test.tsx > Card > renders children content
     → document is not defined
     → Cannot read properties of undefined (reading 'unmount')
   ❯ src/components/Card.test.tsx > Card > renders with title when provided
     → document is not defined
     → Cannot read properties of undefined (reading 'unmount')
   ❯ src/components/Card.test.tsx > Card > does not render title when not provided
     → document is not defined
     → Cannot read properties of undefined (reading 'unmount')
   ❯ src/components/Card.test.tsx > Card > applies default card styling
     → document is not defined
     → Cannot read properties of undefined (reading 'unmount')
   ❯ src/components/Card.test.tsx > Card > applies selected styling when selected is true
     → document is not defined
     → Cannot read properties of undefined (reading 'unmount')
   ❯ src/components/Card.test.tsx > Card > applies disabled styling when disabled is true
     → document is not defined
     → Cannot read properties of undefined (reading 'unmount')
   ❯ src/components/Card.test.tsx > Card > applies pointer cursor when onClick is provided
     → document is not defined
     → Cannot read properties of undefined (reading 'unmount')
   ❯ src/components/Card.test.tsx > Card > does not apply pointer cursor when onClick is provided but disabled is true
     → document is not defined
     → Cannot read properties of undefined (reading 'unmount')
   ❯ src/components/Card.test.tsx > Card > calls onClick handler when clicked
     → document is not defined
     → Cannot read properties of undefined (reading 'unmount')
   ❯ src/components/Card.test.tsx > Card > calls onClick handler even when disabled (HTML click behavior)
     → document is not defined
     → Cannot read properties of undefined (reading 'unmount')
   ❯ src/components/Card.test.tsx > Card > has transition effect
     → document is not defined
     → Cannot read properties of undefined (reading 'unmount')
   ❯ src/components/Card.test.tsx > Card > renders title with correct styling
     → document is not defined
     → Cannot read properties of undefined (reading 'unmount')
   ❯ src/components/Card.test.tsx > Card > renders children inside a wrapper div
     → document is not defined
     → Cannot read properties of undefined (reading 'unmount')
 ❯ src/components/BerryvolutionCard.test.tsx  (26 tests | 26 failed) 400ms
   ❯ src/components/BerryvolutionCard.test.tsx > BerryvolutionCard > renders member name in full mode
     → document is not defined
     → Cannot read properties of undefined (reading 'unmount')
   ❯ src/components/BerryvolutionCard.test.tsx > BerryvolutionCard > renders member name in compact mode
     → document is not defined
     → Cannot read properties of undefined (reading 'unmount')
   ❯ src/components/BerryvolutionCard.test.tsx > BerryvolutionCard > renders member level in full mode
     → document is not defined
     → Cannot read properties of undefined (reading 'unmount')
   ❯ src/components/BerryvolutionCard.test.tsx > BerryvolutionCard > renders member level in compact mode
     → document is not defined
     → Cannot read properties of undefined (reading 'unmount')
   ❯ src/components/BerryvolutionCard.test.tsx > BerryvolutionCard > renders type badge in full mode
     → document is not defined
     → Cannot read properties of undefined (reading 'unmount')
   ❯ src/components/BerryvolutionCard.test.tsx > BerryvolutionCard > renders type badge in compact mode
     → document is not defined
     → Cannot read properties of undefined (reading 'unmount')
   ❯ src/components/BerryvolutionCard.test.tsx > BerryvolutionCard > renders HP stat bar in full mode
     → document is not defined
     → Cannot read properties of undefined (reading 'unmount')
   ❯ src/components/BerryvolutionCard.test.tsx > BerryvolutionCard > renders all stat bars in full mode
     → document is not defined
     → Cannot read properties of undefined (reading 'unmount')
   ❯ src/components/BerryvolutionCard.test.tsx > BerryvolutionCard > renders only HP stat bar in compact mode
     → document is not defined
     → Cannot read properties of undefined (reading 'unmount')
   ❯ src/components/BerryvolutionCard.test.tsx > BerryvolutionCard > renders XP info in full mode
     → document is not defined
     → Cannot read properties of undefined (reading 'unmount')
   ❯ src/components/BerryvolutionCard.test.tsx > BerryvolutionCard > does not render XP info in compact mode
     → document is not defined
     → Cannot read properties of undefined (reading 'unmount')
   ❯ src/components/BerryvolutionCard.test.tsx > BerryvolutionCard > renders move count in full mode
     → document is not defined
     → Cannot read properties of undefined (reading 'unmount')
   ❯ src/components/BerryvolutionCard.test.tsx > BerryvolutionCard > does not render move count in full mode when no moves unlocked
     → document is not defined
     → Cannot read properties of undefined (reading 'unmount')
   ❯ src/components/BerryvolutionCard.test.tsx > BerryvolutionCard > applies selected styling when selected is true
     → document is not defined
     → Cannot read properties of undefined (reading 'unmount')
   ❯ src/components/BerryvolutionCard.test.tsx > BerryvolutionCard > applies default styling when selected is false
     → document is not defined
     → Cannot read properties of undefined (reading 'unmount')
   ❯ src/components/BerryvolutionCard.test.tsx > BerryvolutionCard > has pointer cursor when onClick is provided
     → document is not defined
     → Cannot read properties of undefined (reading 'unmount')
   ❯ src/components/BerryvolutionCard.test.tsx > BerryvolutionCard > calls onClick handler when clicked
     → document is not defined
     → Cannot read properties of undefined (reading 'unmount')
   ❯ src/components/BerryvolutionCard.test.tsx > BerryvolutionCard > renders berryvolution member with correct type
     → document is not defined
     → Cannot read properties of undefined (reading 'unmount')
   ❯ src/components/BerryvolutionCard.test.tsx > BerryvolutionCard > renders berryvolution with correct stats
     → document is not defined
     → Cannot read properties of undefined (reading 'unmount')
   ❯ src/components/BerryvolutionCard.test.tsx > BerryvolutionCard > shows correct move count for multiple moves
     → document is not defined
     → Cannot read properties of undefined (reading 'unmount')
   ❯ src/components/BerryvolutionCard.test.tsx > BerryvolutionCard > renders compact card with proper layout
     → document is not defined
     → Cannot read properties of undefined (reading 'unmount')
   ❯ src/components/BerryvolutionCard.test.tsx > BerryvolutionCard > full mode card is larger than compact mode
     → document is not defined
     → Cannot read properties of undefined (reading 'unmount')
   ❯ src/components/BerryvolutionCard.test.tsx > BerryvolutionCard > renders member with high level
     → document is not defined
     → Cannot read properties of undefined (reading 'unmount')
   ❯ src/components/BerryvolutionCard.test.tsx > BerryvolutionCard > renders member with zero HP
     → document is not defined
     → Cannot read properties of undefined (reading 'unmount')
   ❯ src/components/BerryvolutionCard.test.tsx > BerryvolutionCard > renders HP bar with correct values
     → document is not defined
     → Cannot read properties of undefined (reading 'unmount')
   ❯ src/components/BerryvolutionCard.test.tsx > BerryvolutionCard > responds to selection state changes
     → document is not defined
     → Cannot read properties of undefined (reading 'unmount')
 ❯ src/components/Button.test.tsx  (14 tests | 14 failed) 436ms
   ❯ src/components/Button.test.tsx > Button > renders with default props
     → document is not defined
     → unmountComponentAtNode(...): Target container is not a DOM element.
   ❯ src/components/Button.test.tsx > Button > renders with primary variant (default)
     → document is not defined
     → unmountComponentAtNode(...): Target container is not a DOM element.
   ❯ src/components/Button.test.tsx > Button > renders with secondary variant
     → document is not defined
     → unmountComponentAtNode(...): Target container is not a DOM element.
   ❯ src/components/Button.test.tsx > Button > renders with danger variant
     → document is not defined
     → unmountComponentAtNode(...): Target container is not a DOM element.
   ❯ src/components/Button.test.tsx > Button > renders with small size
     → document is not defined
     → unmountComponentAtNode(...): Target container is not a DOM element.
   ❯ src/components/Button.test.tsx > Button > renders with medium size (default)
     → document is not defined
     → unmountComponentAtNode(...): Target container is not a DOM element.
   ❯ src/components/Button.test.tsx > Button > renders with large size
     → document is not defined
     → unmountComponentAtNode(...): Target container is not a DOM element.
   ❯ src/components/Button.test.tsx > Button > applies disabled state styling
     → document is not defined
     → unmountComponentAtNode(...): Target container is not a DOM element.
   ❯ src/components/Button.test.tsx > Button > handles click events
     → document is not defined
     → unmountComponentAtNode(...): Target container is not a DOM element.
   ❯ src/components/Button.test.tsx > Button > does not call onClick when disabled
     → document is not defined
     → unmountComponentAtNode(...): Target container is not a DOM element.
   ❯ src/components/Button.test.tsx > Button > applies hover effects on mouseenter
     → document is not defined
     → unmountComponentAtNode(...): Target container is not a DOM element.
   ❯ src/components/Button.test.tsx > Button > removes hover effects on mouseleave
     → document is not defined
     → unmountComponentAtNode(...): Target container is not a DOM element.
   ❯ src/components/Button.test.tsx > Button > does not apply hover effects when disabled
     → document is not defined
     → unmountComponentAtNode(...): Target container is not a DOM element.
   ❯ src/components/Button.test.tsx > Button > renders with custom HTML attributes
     → document is not defined
     → unmountComponentAtNode(...): Target container is not a DOM element.
stderr | src/components/Button.test.tsx > Button > renders with default props
Warning: unmountComponentAtNode is deprecated and will be removed in the next major release. Switch to the createRoot API. Learn more: https://reactjs.org/link/switch-to-createroot

 ❯ src/components/ConfirmDialog.test.tsx  (18 tests | 18 failed) 461ms
   ❯ src/components/ConfirmDialog.test.tsx > ConfirmDialog > renders title
     → document is not defined
     → Cannot read properties of undefined (reading 'unmount')
   ❯ src/components/ConfirmDialog.test.tsx > ConfirmDialog > renders message
     → document is not defined
     → Cannot read properties of undefined (reading 'unmount')
   ❯ src/components/ConfirmDialog.test.tsx > ConfirmDialog > renders default confirm button text
     → document is not defined
     → Cannot read properties of undefined (reading 'unmount')
   ❯ src/components/ConfirmDialog.test.tsx > ConfirmDialog > renders default cancel button text
     → document is not defined
     → Cannot read properties of undefined (reading 'unmount')
   ❯ src/components/ConfirmDialog.test.tsx > ConfirmDialog > renders custom confirm button text
     → document is not defined
     → Cannot read properties of undefined (reading 'unmount')
   ❯ src/components/ConfirmDialog.test.tsx > ConfirmDialog > renders custom cancel button text
     → document is not defined
     → Cannot read properties of undefined (reading 'unmount')
   ❯ src/components/ConfirmDialog.test.tsx > ConfirmDialog > calls onConfirm when confirm button is clicked
     → document is not defined
     → Cannot read properties of undefined (reading 'unmount')
   ❯ src/components/ConfirmDialog.test.tsx > ConfirmDialog > calls onCancel when cancel button is clicked
     → document is not defined
     → Cannot read properties of undefined (reading 'unmount')
   ❯ src/components/ConfirmDialog.test.tsx > ConfirmDialog > calls onCancel when backdrop is clicked
     → document is not defined
     → Cannot read properties of undefined (reading 'unmount')
   ❯ src/components/ConfirmDialog.test.tsx > ConfirmDialog > does not call onCancel when dialog content is clicked
     → document is not defined
     → Cannot read properties of undefined (reading 'unmount')
   ❯ src/components/ConfirmDialog.test.tsx > ConfirmDialog > applies normal variant styling to confirm button by default
     → document is not defined
     → Cannot read properties of undefined (reading 'unmount')
   ❯ src/components/ConfirmDialog.test.tsx > ConfirmDialog > applies dangerous variant styling to confirm button when isDangerous is true
     → document is not defined
     → Cannot read properties of undefined (reading 'unmount')
   ❯ src/components/ConfirmDialog.test.tsx > ConfirmDialog > has backdrop overlay with semi-transparent background
     → document is not defined
     → Cannot read properties of undefined (reading 'unmount')
   ❯ src/components/ConfirmDialog.test.tsx > ConfirmDialog > centers dialog on screen
     → document is not defined
     → Cannot read properties of undefined (reading 'unmount')
   ❯ src/components/ConfirmDialog.test.tsx > ConfirmDialog > applies dialog styling
     → document is not defined
     → Cannot read properties of undefined (reading 'unmount')
   ❯ src/components/ConfirmDialog.test.tsx > ConfirmDialog > renders cancel button with correct styling
     → document is not defined
     → Cannot read properties of undefined (reading 'unmount')
   ❯ src/components/ConfirmDialog.test.tsx > ConfirmDialog > renders confirm button with white text
     → document is not defined
     → Cannot read properties of undefined (reading 'unmount')
   ❯ src/components/ConfirmDialog.test.tsx > ConfirmDialog > handles long title and message
     → document is not defined
     → Cannot read properties of undefined (reading 'unmount')
 ❯ src/components/MoveCard.test.tsx  (27 tests | 27 failed) 434ms
   ❯ src/components/MoveCard.test.tsx > MoveCard > renders move name
     → document is not defined
     → Cannot read properties of undefined (reading 'unmount')
   ❯ src/components/MoveCard.test.tsx > MoveCard > renders move power
     → document is not defined
     → Cannot read properties of undefined (reading 'unmount')
   ❯ src/components/MoveCard.test.tsx > MoveCard > renders move NRG cost
     → document is not defined
     → Cannot read properties of undefined (reading 'unmount')
   ❯ src/components/MoveCard.test.tsx > MoveCard > renders move category
     → document is not defined
     → Cannot read properties of undefined (reading 'unmount')
   ❯ src/components/MoveCard.test.tsx > MoveCard > renders move accuracy
     → document is not defined
     → Cannot read properties of undefined (reading 'unmount')
   ❯ src/components/MoveCard.test.tsx > MoveCard > renders type badge
     → document is not defined
     → Cannot read properties of undefined (reading 'unmount')
   ❯ src/components/MoveCard.test.tsx > MoveCard > shows "Not enough NRG!" when current NRG is less than cost
     → document is not defined
     → Cannot read properties of undefined (reading 'unmount')
   ❯ src/components/MoveCard.test.tsx > MoveCard > does not show "Not enough NRG!" when current NRG is enough
     → document is not defined
     → Cannot read properties of undefined (reading 'unmount')
   ❯ src/components/MoveCard.test.tsx > MoveCard > shows "Not enough NRG!" when current NRG equals cost minus one
     → document is not defined
     → Cannot read properties of undefined (reading 'unmount')
   ❯ src/components/MoveCard.test.tsx > MoveCard > does not show "Not enough NRG!" when current NRG equals cost
     → document is not defined
     → Cannot read properties of undefined (reading 'unmount')
   ❯ src/components/MoveCard.test.tsx > MoveCard > applies selected styling when selected is true
     → document is not defined
     → Cannot read properties of undefined (reading 'unmount')
   ❯ src/components/MoveCard.test.tsx > MoveCard > applies default styling when selected is false
     → document is not defined
     → Cannot read properties of undefined (reading 'unmount')
   ❯ src/components/MoveCard.test.tsx > MoveCard > applies disabled styling when disabled is true
     → document is not defined
     → Cannot read properties of undefined (reading 'unmount')
   ❯ src/components/MoveCard.test.tsx > MoveCard > has pointer cursor when move is affordable and not disabled
     → document is not defined
     → Cannot read properties of undefined (reading 'unmount')
   ❯ src/components/MoveCard.test.tsx > MoveCard > has not-allowed cursor when NRG is insufficient
     → document is not defined
     → Cannot read properties of undefined (reading 'unmount')
   ❯ src/components/MoveCard.test.tsx > MoveCard > has not-allowed cursor when disabled
     → document is not defined
     → Cannot read properties of undefined (reading 'unmount')
   ❯ src/components/MoveCard.test.tsx > MoveCard > calls onClick when clicked and affordable
     → document is not defined
     → Cannot read properties of undefined (reading 'unmount')
   ❯ src/components/MoveCard.test.tsx > MoveCard > does not call onClick when clicked but NRG insufficient
     → document is not defined
     → Cannot read properties of undefined (reading 'unmount')
   ❯ src/components/MoveCard.test.tsx > MoveCard > does not call onClick when clicked but disabled
     → document is not defined
     → Cannot read properties of undefined (reading 'unmount')
   ❯ src/components/MoveCard.test.tsx > MoveCard > renders move with status effect
     → document is not defined
     → Cannot read properties of undefined (reading 'unmount')
   ❯ src/components/MoveCard.test.tsx > MoveCard > renders move with stat modifier effect
     → document is not defined
     → Cannot read properties of undefined (reading 'unmount')
   ❯ src/components/MoveCard.test.tsx > MoveCard > renders move with negative stat modifier
     → document is not defined
     → Cannot read properties of undefined (reading 'unmount')
   ❯ src/components/MoveCard.test.tsx > MoveCard > renders move with both status and stat modifier
     → document is not defined
     → Cannot read properties of undefined (reading 'unmount')
   ❯ src/components/MoveCard.test.tsx > MoveCard > does not render effect section when no effect
     → document is not defined
     → Cannot read properties of undefined (reading 'unmount')
   ❯ src/components/MoveCard.test.tsx > MoveCard > uses default currentNrg of Infinity
     → document is not defined
     → Cannot read properties of undefined (reading 'unmount')
   ❯ src/components/MoveCard.test.tsx > MoveCard > renders with various accuracy values
     → document is not defined
     → Cannot read properties of undefined (reading 'unmount')
   ❯ src/components/MoveCard.test.tsx > MoveCard > renders with zero power move
     → document is not defined
     → Cannot read properties of undefined (reading 'unmount')

⎯⎯⎯⎯⎯⎯ Failed Tests 133 ⎯⎯⎯⎯⎯⎯

 FAIL  src/components/MoveCard.test.tsx > MoveCard > renders move name
 FAIL  src/components/MoveCard.test.tsx > MoveCard > renders move power
 FAIL  src/components/MoveCard.test.tsx > MoveCard > renders move NRG cost
 FAIL  src/components/MoveCard.test.tsx > MoveCard > renders move category
 FAIL  src/components/MoveCard.test.tsx > MoveCard > renders move accuracy
 FAIL  src/components/MoveCard.test.tsx > MoveCard > renders type badge
 FAIL  src/components/MoveCard.test.tsx > MoveCard > shows "Not enough NRG!" when current NRG is less than cost
 FAIL  src/components/MoveCard.test.tsx > MoveCard > does not show "Not enough NRG!" when current NRG is enough
 FAIL  src/components/MoveCard.test.tsx > MoveCard > shows "Not enough NRG!" when current NRG equals cost minus one
 FAIL  src/components/MoveCard.test.tsx > MoveCard > does not show "Not enough NRG!" when current NRG equals cost
 FAIL  src/components/MoveCard.test.tsx > MoveCard > applies selected styling when selected is true
 FAIL  src/components/MoveCard.test.tsx > MoveCard > applies default styling when selected is false
 FAIL  src/components/MoveCard.test.tsx > MoveCard > applies disabled styling when disabled is true
 FAIL  src/components/MoveCard.test.tsx > MoveCard > has pointer cursor when move is affordable and not disabled
 FAIL  src/components/MoveCard.test.tsx > MoveCard > has not-allowed cursor when NRG is insufficient
 FAIL  src/components/MoveCard.test.tsx > MoveCard > has not-allowed cursor when disabled
 FAIL  src/components/MoveCard.test.tsx > MoveCard > calls onClick when clicked and affordable
 FAIL  src/components/MoveCard.test.tsx > MoveCard > does not call onClick when clicked but NRG insufficient
 FAIL  src/components/MoveCard.test.tsx > MoveCard > does not call onClick when clicked but disabled
 FAIL  src/components/MoveCard.test.tsx > MoveCard > renders move with status effect
 FAIL  src/components/MoveCard.test.tsx > MoveCard > renders move with stat modifier effect
 FAIL  src/components/MoveCard.test.tsx > MoveCard > renders move with negative stat modifier
 FAIL  src/components/MoveCard.test.tsx > MoveCard > renders move with both status and stat modifier
 FAIL  src/components/MoveCard.test.tsx > MoveCard > does not render effect section when no effect
 FAIL  src/components/MoveCard.test.tsx > MoveCard > uses default currentNrg of Infinity
 FAIL  src/components/MoveCard.test.tsx > MoveCard > renders with various accuracy values
 FAIL  src/components/MoveCard.test.tsx > MoveCard > renders with zero power move
ReferenceError: document is not defined
 ❯ src/components/MoveCard.test.tsx:23:5
     21| 
     22|   beforeEach(() => {
     23|     container = document.createElement('div')
       |     ^
     24|     document.body.appendChild(container)
     25|     root = createRoot(container)

⎯⎯⎯⎯⎯⎯⎯⎯⎯⎯⎯⎯⎯⎯⎯⎯⎯⎯⎯⎯⎯⎯[1/266]⎯

 FAIL  src/components/MoveCard.test.tsx > MoveCard > renders move name
 FAIL  src/components/MoveCard.test.tsx > MoveCard > renders move power
 FAIL  src/components/MoveCard.test.tsx > MoveCard > renders move NRG cost
 FAIL  src/components/MoveCard.test.tsx > MoveCard > renders move category
 FAIL  src/components/MoveCard.test.tsx > MoveCard > renders move accuracy
 FAIL  src/components/MoveCard.test.tsx > MoveCard > renders type badge
 FAIL  src/components/MoveCard.test.tsx > MoveCard > shows "Not enough NRG!" when current NRG is less than cost
 FAIL  src/components/MoveCard.test.tsx > MoveCard > does not show "Not enough NRG!" when current NRG is enough
 FAIL  src/components/MoveCard.test.tsx > MoveCard > shows "Not enough NRG!" when current NRG equals cost minus one
 FAIL  src/components/MoveCard.test.tsx > MoveCard > does not show "Not enough NRG!" when current NRG equals cost
 FAIL  src/components/MoveCard.test.tsx > MoveCard > applies selected styling when selected is true
 FAIL  src/components/MoveCard.test.tsx > MoveCard > applies default styling when selected is false
 FAIL  src/components/MoveCard.test.tsx > MoveCard > applies disabled styling when disabled is true
 FAIL  src/components/MoveCard.test.tsx > MoveCard > has pointer cursor when move is affordable and not disabled
 FAIL  src/components/MoveCard.test.tsx > MoveCard > has not-allowed cursor when NRG is insufficient
 FAIL  src/components/MoveCard.test.tsx > MoveCard > has not-allowed cursor when disabled
 FAIL  src/components/MoveCard.test.tsx > MoveCard > calls onClick when clicked and affordable
 FAIL  src/components/MoveCard.test.tsx > MoveCard > does not call onClick when clicked but NRG insufficient
 FAIL  src/components/MoveCard.test.tsx > MoveCard > does not call onClick when clicked but disabled
 FAIL  src/components/MoveCard.test.tsx > MoveCard > renders move with status effect
 FAIL  src/components/MoveCard.test.tsx > MoveCard > renders move with stat modifier effect
 FAIL  src/components/MoveCard.test.tsx > MoveCard > renders move with negative stat modifier
 FAIL  src/components/MoveCard.test.tsx > MoveCard > renders move with both status and stat modifier
 FAIL  src/components/MoveCard.test.tsx > MoveCard > does not render effect section when no effect
 FAIL  src/components/MoveCard.test.tsx > MoveCard > uses default currentNrg of Infinity
 FAIL  src/components/MoveCard.test.tsx > MoveCard > renders with various accuracy values
 FAIL  src/components/MoveCard.test.tsx > MoveCard > renders with zero power move
TypeError: Cannot read properties of undefined (reading 'unmount')
 ❯ src/components/MoveCard.test.tsx:29:10
     27| 
     28|   afterEach(() => {
     29|     root.unmount()
       |          ^
     30|     document.body.removeChild(container)
     31|   })

⎯⎯⎯⎯⎯⎯⎯⎯⎯⎯⎯⎯⎯⎯⎯⎯⎯⎯⎯⎯⎯⎯[2/266]⎯

 FAIL  src/components/Button.test.tsx > Button > renders with default props
 FAIL  src/components/Button.test.tsx > Button > renders with primary variant (default)
 FAIL  src/components/Button.test.tsx > Button > renders with secondary variant
 FAIL  src/components/Button.test.tsx > Button > renders with danger variant
 FAIL  src/components/Button.test.tsx > Button > renders with small size
 FAIL  src/components/Button.test.tsx > Button > renders with medium size (default)
 FAIL  src/components/Button.test.tsx > Button > renders with large size
 FAIL  src/components/Button.test.tsx > Button > applies disabled state styling
 FAIL  src/components/Button.test.tsx > Button > handles click events
 FAIL  src/components/Button.test.tsx > Button > does not call onClick when disabled
 FAIL  src/components/Button.test.tsx > Button > applies hover effects on mouseenter
 FAIL  src/components/Button.test.tsx > Button > removes hover effects on mouseleave
 FAIL  src/components/Button.test.tsx > Button > does not apply hover effects when disabled
 FAIL  src/components/Button.test.tsx > Button > renders with custom HTML attributes
ReferenceError: document is not defined
 ❯ src/components/Button.test.tsx:10:5
      8| 
      9|   beforeEach(() => {
     10|     container = document.createElement('div')
       |     ^
     11|     document.body.appendChild(container)
     12|   })

⎯⎯⎯⎯⎯⎯⎯⎯⎯⎯⎯⎯⎯⎯⎯⎯⎯⎯⎯⎯⎯⎯[3/266]⎯

 FAIL  src/components/Button.test.tsx > Button > renders with default props
 FAIL  src/components/Button.test.tsx > Button > renders with primary variant (default)
 FAIL  src/components/Button.test.tsx > Button > renders with secondary variant
 FAIL  src/components/Button.test.tsx > Button > renders with danger variant
 FAIL  src/components/Button.test.tsx > Button > renders with small size
 FAIL  src/components/Button.test.tsx > Button > renders with medium size (default)
 FAIL  src/components/Button.test.tsx > Button > renders with large size
 FAIL  src/components/Button.test.tsx > Button > applies disabled state styling
 FAIL  src/components/Button.test.tsx > Button > handles click events
 FAIL  src/components/Button.test.tsx > Button > does not call onClick when disabled
 FAIL  src/components/Button.test.tsx > Button > applies hover effects on mouseenter
 FAIL  src/components/Button.test.tsx > Button > removes hover effects on mouseleave
 FAIL  src/components/Button.test.tsx > Button > does not apply hover effects when disabled
 FAIL  src/components/Button.test.tsx > Button > renders with custom HTML attributes
Error: unmountComponentAtNode(...): Target container is not a DOM element.
 ❯ Object.unmountComponentAtNode node_modules/react-dom/cjs/react-dom.development.js:29759:11
 ❯ src/components/Button.test.tsx:15:14
     13| 
     14|   afterEach(() => {
     15|     ReactDOM.unmountComponentAtNode(container)
       |              ^
     16|     document.body.removeChild(container)
     17|   })

⎯⎯⎯⎯⎯⎯⎯⎯⎯⎯⎯⎯⎯⎯⎯⎯⎯⎯⎯⎯⎯⎯[4/266]⎯

 FAIL  src/components/Card.test.tsx > Card > renders children content
 FAIL  src/components/Card.test.tsx > Card > renders with title when provided
 FAIL  src/components/Card.test.tsx > Card > does not render title when not provided
 FAIL  src/components/Card.test.tsx > Card > applies default card styling
 FAIL  src/components/Card.test.tsx > Card > applies selected styling when selected is true
 FAIL  src/components/Card.test.tsx > Card > applies disabled styling when disabled is true
 FAIL  src/components/Card.test.tsx > Card > applies pointer cursor when onClick is provided
 FAIL  src/components/Card.test.tsx > Card > does not apply pointer cursor when onClick is provided but disabled is true
 FAIL  src/components/Card.test.tsx > Card > calls onClick handler when clicked
 FAIL  src/components/Card.test.tsx > Card > calls onClick handler even when disabled (HTML click behavior)
 FAIL  src/components/Card.test.tsx > Card > has transition effect
 FAIL  src/components/Card.test.tsx > Card > renders title with correct styling
 FAIL  src/components/Card.test.tsx > Card > renders children inside a wrapper div
ReferenceError: document is not defined
 ❯ src/components/Card.test.tsx:11:5
      9| 
     10|   beforeEach(() => {
     11|     container = document.createElement('div')
       |     ^
     12|     document.body.appendChild(container)
     13|     root = createRoot(container)

⎯⎯⎯⎯⎯⎯⎯⎯⎯⎯⎯⎯⎯⎯⎯⎯⎯⎯⎯⎯⎯⎯[5/266]⎯

 FAIL  src/components/Card.test.tsx > Card > renders children content
 FAIL  src/components/Card.test.tsx > Card > renders with title when provided
 FAIL  src/components/Card.test.tsx > Card > does not render title when not provided
 FAIL  src/components/Card.test.tsx > Card > applies default card styling
 FAIL  src/components/Card.test.tsx > Card > applies selected styling when selected is true
 FAIL  src/components/Card.test.tsx > Card > applies disabled styling when disabled is true
 FAIL  src/components/Card.test.tsx > Card > applies pointer cursor when onClick is provided
 FAIL  src/components/Card.test.tsx > Card > does not apply pointer cursor when onClick is provided but disabled is true
 FAIL  src/components/Card.test.tsx > Card > calls onClick handler when clicked
 FAIL  src/components/Card.test.tsx > Card > calls onClick handler even when disabled (HTML click behavior)
 FAIL  src/components/Card.test.tsx > Card > has transition effect
 FAIL  src/components/Card.test.tsx > Card > renders title with correct styling
 FAIL  src/components/Card.test.tsx > Card > renders children inside a wrapper div
TypeError: Cannot read properties of undefined (reading 'unmount')
 ❯ src/components/Card.test.tsx:17:10
     15| 
     16|   afterEach(() => {
     17|     root.unmount()
       |          ^
     18|     document.body.removeChild(container)
     19|   })

⎯⎯⎯⎯⎯⎯⎯⎯⎯⎯⎯⎯⎯⎯⎯⎯⎯⎯⎯⎯⎯⎯[6/266]⎯

 FAIL  src/components/StatBar.test.tsx > StatBar > renders label
 FAIL  src/components/StatBar.test.tsx > StatBar > displays current and max values by default
 FAIL  src/components/StatBar.test.tsx > StatBar > hides values when showValues is false
 FAIL  src/components/StatBar.test.tsx > StatBar > calculates percentage correctly at 50%
 FAIL  src/components/StatBar.test.tsx > StatBar > calculates percentage correctly at 100%
 FAIL  src/components/StatBar.test.tsx > StatBar > calculates percentage correctly at 0%
 FAIL  src/components/StatBar.test.tsx > StatBar > handles partial percentages
 FAIL  src/components/StatBar.test.tsx > StatBar > clamps percentage to 100% when current exceeds max
 FAIL  src/components/StatBar.test.tsx > StatBar > clamps percentage to 0% when current is negative
 FAIL  src/components/StatBar.test.tsx > StatBar > applies default color
 FAIL  src/components/StatBar.test.tsx > StatBar > applies custom color
 FAIL  src/components/StatBar.test.tsx > StatBar > shows percentage text when bar width > 20%
 FAIL  src/components/StatBar.test.tsx > StatBar > does not show percentage text when bar width <= 20%
 FAIL  src/components/StatBar.test.tsx > StatBar > shows percentage text at exactly 21% (> 20%)
 FAIL  src/components/StatBar.test.tsx > StatBar > has transition effect on fill bar
 FAIL  src/components/StatBar.test.tsx > StatBar > floors current value in display
 FAIL  src/components/StatBar.test.tsx > StatBar > floors max value in display
 FAIL  src/components/StatBar.test.tsx > StatBar > floors percentage in text display
 FAIL  src/components/StatBar.test.tsx > StatBar > renders with large stats
ReferenceError: document is not defined
 ❯ src/components/StatBar.test.tsx:11:5
      9| 
     10|   beforeEach(() => {
     11|     container = document.createElement('div')
       |     ^
     12|     document.body.appendChild(container)
     13|     root = createRoot(container)

⎯⎯⎯⎯⎯⎯⎯⎯⎯⎯⎯⎯⎯⎯⎯⎯⎯⎯⎯⎯⎯⎯[7/266]⎯

 FAIL  src/components/StatBar.test.tsx > StatBar > renders label
 FAIL  src/components/StatBar.test.tsx > StatBar > displays current and max values by default
 FAIL  src/components/StatBar.test.tsx > StatBar > hides values when showValues is false
 FAIL  src/components/StatBar.test.tsx > StatBar > calculates percentage correctly at 50%
 FAIL  src/components/StatBar.test.tsx > StatBar > calculates percentage correctly at 100%
 FAIL  src/components/StatBar.test.tsx > StatBar > calculates percentage correctly at 0%
 FAIL  src/components/StatBar.test.tsx > StatBar > handles partial percentages
 FAIL  src/components/StatBar.test.tsx > StatBar > clamps percentage to 100% when current exceeds max
 FAIL  src/components/StatBar.test.tsx > StatBar > clamps percentage to 0% when current is negative
 FAIL  src/components/StatBar.test.tsx > StatBar > applies default color
 FAIL  src/components/StatBar.test.tsx > StatBar > applies custom color
 FAIL  src/components/StatBar.test.tsx > StatBar > shows percentage text when bar width > 20%
 FAIL  src/components/StatBar.test.tsx > StatBar > does not show percentage text when bar width <= 20%
 FAIL  src/components/StatBar.test.tsx > StatBar > shows percentage text at exactly 21% (> 20%)
 FAIL  src/components/StatBar.test.tsx > StatBar > has transition effect on fill bar
 FAIL  src/components/StatBar.test.tsx > StatBar > floors current value in display
 FAIL  src/components/StatBar.test.tsx > StatBar > floors max value in display
 FAIL  src/components/StatBar.test.tsx > StatBar > floors percentage in text display
 FAIL  src/components/StatBar.test.tsx > StatBar > renders with large stats
TypeError: Cannot read properties of undefined (reading 'unmount')
 ❯ src/components/StatBar.test.tsx:17:10
     15| 
     16|   afterEach(() => {
     17|     root.unmount()
       |          ^
     18|     document.body.removeChild(container)
     19|   })

⎯⎯⎯⎯⎯⎯⎯⎯⎯⎯⎯⎯⎯⎯⎯⎯⎯⎯⎯⎯⎯⎯[8/266]⎯

 FAIL  src/components/BerryvolutionCard.test.tsx > BerryvolutionCard > renders member name in full mode
 FAIL  src/components/BerryvolutionCard.test.tsx > BerryvolutionCard > renders member name in compact mode
 FAIL  src/components/BerryvolutionCard.test.tsx > BerryvolutionCard > renders member level in full mode
 FAIL  src/components/BerryvolutionCard.test.tsx > BerryvolutionCard > renders member level in compact mode
 FAIL  src/components/BerryvolutionCard.test.tsx > BerryvolutionCard > renders type badge in full mode
 FAIL  src/components/BerryvolutionCard.test.tsx > BerryvolutionCard > renders type badge in compact mode
 FAIL  src/components/BerryvolutionCard.test.tsx > BerryvolutionCard > renders HP stat bar in full mode
 FAIL  src/components/BerryvolutionCard.test.tsx > BerryvolutionCard > renders all stat bars in full mode
 FAIL  src/components/BerryvolutionCard.test.tsx > BerryvolutionCard > renders only HP stat bar in compact mode
 FAIL  src/components/BerryvolutionCard.test.tsx > BerryvolutionCard > renders XP info in full mode
 FAIL  src/components/BerryvolutionCard.test.tsx > BerryvolutionCard > does not render XP info in compact mode
 FAIL  src/components/BerryvolutionCard.test.tsx > BerryvolutionCard > renders move count in full mode
 FAIL  src/components/BerryvolutionCard.test.tsx > BerryvolutionCard > does not render move count in full mode when no moves unlocked
 FAIL  src/components/BerryvolutionCard.test.tsx > BerryvolutionCard > applies selected styling when selected is true
 FAIL  src/components/BerryvolutionCard.test.tsx > BerryvolutionCard > applies default styling when selected is false
 FAIL  src/components/BerryvolutionCard.test.tsx > BerryvolutionCard > has pointer cursor when onClick is provided
 FAIL  src/components/BerryvolutionCard.test.tsx > BerryvolutionCard > calls onClick handler when clicked
 FAIL  src/components/BerryvolutionCard.test.tsx > BerryvolutionCard > renders berryvolution member with correct type
 FAIL  src/components/BerryvolutionCard.test.tsx > BerryvolutionCard > renders berryvolution with correct stats
 FAIL  src/components/BerryvolutionCard.test.tsx > BerryvolutionCard > shows correct move count for multiple moves
 FAIL  src/components/BerryvolutionCard.test.tsx > BerryvolutionCard > renders compact card with proper layout
 FAIL  src/components/BerryvolutionCard.test.tsx > BerryvolutionCard > full mode card is larger than compact mode
 FAIL  src/components/BerryvolutionCard.test.tsx > BerryvolutionCard > renders member with high level
 FAIL  src/components/BerryvolutionCard.test.tsx > BerryvolutionCard > renders member with zero HP
 FAIL  src/components/BerryvolutionCard.test.tsx > BerryvolutionCard > renders HP bar with correct values
 FAIL  src/components/BerryvolutionCard.test.tsx > BerryvolutionCard > responds to selection state changes
ReferenceError: document is not defined
 ❯ src/components/BerryvolutionCard.test.tsx:44:5
     42| 
     43|   beforeEach(() => {
     44|     container = document.createElement('div')
       |     ^
     45|     document.body.appendChild(container)
     46|     root = createRoot(container)

⎯⎯⎯⎯⎯⎯⎯⎯⎯⎯⎯⎯⎯⎯⎯⎯⎯⎯⎯⎯⎯⎯[9/266]⎯

 FAIL  src/components/BerryvolutionCard.test.tsx > BerryvolutionCard > renders member name in full mode
 FAIL  src/components/BerryvolutionCard.test.tsx > BerryvolutionCard > renders member name in compact mode
 FAIL  src/components/BerryvolutionCard.test.tsx > BerryvolutionCard > renders member level in full mode
 FAIL  src/components/BerryvolutionCard.test.tsx > BerryvolutionCard > renders member level in compact mode
 FAIL  src/components/BerryvolutionCard.test.tsx > BerryvolutionCard > renders type badge in full mode
 FAIL  src/components/BerryvolutionCard.test.tsx > BerryvolutionCard > renders type badge in compact mode
 FAIL  src/components/BerryvolutionCard.test.tsx > BerryvolutionCard > renders HP stat bar in full mode
 FAIL  src/components/BerryvolutionCard.test.tsx > BerryvolutionCard > renders all stat bars in full mode
 FAIL  src/components/BerryvolutionCard.test.tsx > BerryvolutionCard > renders only HP stat bar in compact mode
 FAIL  src/components/BerryvolutionCard.test.tsx > BerryvolutionCard > renders XP info in full mode
 FAIL  src/components/BerryvolutionCard.test.tsx > BerryvolutionCard > does not render XP info in compact mode
 FAIL  src/components/BerryvolutionCard.test.tsx > BerryvolutionCard > renders move count in full mode
 FAIL  src/components/BerryvolutionCard.test.tsx > BerryvolutionCard > does not render move count in full mode when no moves unlocked
 FAIL  src/components/BerryvolutionCard.test.tsx > BerryvolutionCard > applies selected styling when selected is true
 FAIL  src/components/BerryvolutionCard.test.tsx > BerryvolutionCard > applies default styling when selected is false
 FAIL  src/components/BerryvolutionCard.test.tsx > BerryvolutionCard > has pointer cursor when onClick is provided
 FAIL  src/components/BerryvolutionCard.test.tsx > BerryvolutionCard > calls onClick handler when clicked
 FAIL  src/components/BerryvolutionCard.test.tsx > BerryvolutionCard > renders berryvolution member with correct type
 FAIL  src/components/BerryvolutionCard.test.tsx > BerryvolutionCard > renders berryvolution with correct stats
 FAIL  src/components/BerryvolutionCard.test.tsx > BerryvolutionCard > shows correct move count for multiple moves
 FAIL  src/components/BerryvolutionCard.test.tsx > BerryvolutionCard > renders compact card with proper layout
 FAIL  src/components/BerryvolutionCard.test.tsx > BerryvolutionCard > full mode card is larger than compact mode
 FAIL  src/components/BerryvolutionCard.test.tsx > BerryvolutionCard > renders member with high level
 FAIL  src/components/BerryvolutionCard.test.tsx > BerryvolutionCard > renders member with zero HP
 FAIL  src/components/BerryvolutionCard.test.tsx > BerryvolutionCard > renders HP bar with correct values
 FAIL  src/components/BerryvolutionCard.test.tsx > BerryvolutionCard > responds to selection state changes
TypeError: Cannot read properties of undefined (reading 'unmount')
 ❯ src/components/BerryvolutionCard.test.tsx:50:10
     48| 
     49|   afterEach(() => {
     50|     root.unmount()
       |          ^
     51|     document.body.removeChild(container)
     52|   })

⎯⎯⎯⎯⎯⎯⎯⎯⎯⎯⎯⎯⎯⎯⎯⎯⎯⎯⎯⎯⎯[10/266]⎯

 FAIL  src/components/ConfirmDialog.test.tsx > ConfirmDialog > renders title
 FAIL  src/components/ConfirmDialog.test.tsx > ConfirmDialog > renders message
 FAIL  src/components/ConfirmDialog.test.tsx > ConfirmDialog > renders default confirm button text
 FAIL  src/components/ConfirmDialog.test.tsx > ConfirmDialog > renders default cancel button text
 FAIL  src/components/ConfirmDialog.test.tsx > ConfirmDialog > renders custom confirm button text
 FAIL  src/components/ConfirmDialog.test.tsx > ConfirmDialog > renders custom cancel button text
 FAIL  src/components/ConfirmDialog.test.tsx > ConfirmDialog > calls onConfirm when confirm button is clicked
 FAIL  src/components/ConfirmDialog.test.tsx > ConfirmDialog > calls onCancel when cancel button is clicked
 FAIL  src/components/ConfirmDialog.test.tsx > ConfirmDialog > calls onCancel when backdrop is clicked
 FAIL  src/components/ConfirmDialog.test.tsx > ConfirmDialog > does not call onCancel when dialog content is clicked
 FAIL  src/components/ConfirmDialog.test.tsx > ConfirmDialog > applies normal variant styling to confirm button by default
 FAIL  src/components/ConfirmDialog.test.tsx > ConfirmDialog > applies dangerous variant styling to confirm button when isDangerous is true
 FAIL  src/components/ConfirmDialog.test.tsx > ConfirmDialog > has backdrop overlay with semi-transparent background
 FAIL  src/components/ConfirmDialog.test.tsx > ConfirmDialog > centers dialog on screen
 FAIL  src/components/ConfirmDialog.test.tsx > ConfirmDialog > applies dialog styling
 FAIL  src/components/ConfirmDialog.test.tsx > ConfirmDialog > renders cancel button with correct styling
 FAIL  src/components/ConfirmDialog.test.tsx > ConfirmDialog > renders confirm button with white text
 FAIL  src/components/ConfirmDialog.test.tsx > ConfirmDialog > handles long title and message
ReferenceError: document is not defined
 ❯ src/components/ConfirmDialog.test.tsx:11:5
      9| 
     10|   beforeEach(() => {
     11|     container = document.createElement('div')
       |     ^
     12|     document.body.appendChild(container)
     13|     root = createRoot(container)

⎯⎯⎯⎯⎯⎯⎯⎯⎯⎯⎯⎯⎯⎯⎯⎯⎯⎯⎯⎯⎯[11/266]⎯

 FAIL  src/components/ConfirmDialog.test.tsx > ConfirmDialog > renders title
 FAIL  src/components/ConfirmDialog.test.tsx > ConfirmDialog > renders message
 FAIL  src/components/ConfirmDialog.test.tsx > ConfirmDialog > renders default confirm button text
 FAIL  src/components/ConfirmDialog.test.tsx > ConfirmDialog > renders default cancel button text
 FAIL  src/components/ConfirmDialog.test.tsx > ConfirmDialog > renders custom confirm button text
 FAIL  src/components/ConfirmDialog.test.tsx > ConfirmDialog > renders custom cancel button text
 FAIL  src/components/ConfirmDialog.test.tsx > ConfirmDialog > calls onConfirm when confirm button is clicked
 FAIL  src/components/ConfirmDialog.test.tsx > ConfirmDialog > calls onCancel when cancel button is clicked
 FAIL  src/components/ConfirmDialog.test.tsx > ConfirmDialog > calls onCancel when backdrop is clicked
 FAIL  src/components/ConfirmDialog.test.tsx > ConfirmDialog > does not call onCancel when dialog content is clicked
 FAIL  src/components/ConfirmDialog.test.tsx > ConfirmDialog > applies normal variant styling to confirm button by default
 FAIL  src/components/ConfirmDialog.test.tsx > ConfirmDialog > applies dangerous variant styling to confirm button when isDangerous is true
 FAIL  src/components/ConfirmDialog.test.tsx > ConfirmDialog > has backdrop overlay with semi-transparent background
 FAIL  src/components/ConfirmDialog.test.tsx > ConfirmDialog > centers dialog on screen
 FAIL  src/components/ConfirmDialog.test.tsx > ConfirmDialog > applies dialog styling
 FAIL  src/components/ConfirmDialog.test.tsx > ConfirmDialog > renders cancel button with correct styling
 FAIL  src/components/ConfirmDialog.test.tsx > ConfirmDialog > renders confirm button with white text
 FAIL  src/components/ConfirmDialog.test.tsx > ConfirmDialog > handles long title and message
TypeError: Cannot read properties of undefined (reading 'unmount')
 ❯ src/components/ConfirmDialog.test.tsx:17:10
     15| 
     16|   afterEach(() => {
     17|     root.unmount()
       |          ^
     18|     document.body.removeChild(container)
     19|   })

⎯⎯⎯⎯⎯⎯⎯⎯⎯⎯⎯⎯⎯⎯⎯⎯⎯⎯⎯⎯⎯[12/266]⎯

 FAIL  src/components/Grid.test.tsx > Grid > renders children
 FAIL  src/components/Grid.test.tsx > Grid > applies display: grid
 FAIL  src/components/Grid.test.tsx > Grid > applies default column (auto)
 FAIL  src/components/Grid.test.tsx > Grid > applies numeric columns as repeat pattern
 FAIL  src/components/Grid.test.tsx > Grid > applies string columns directly
 FAIL  src/components/Grid.test.tsx > Grid > applies default gap (1rem)
 FAIL  src/components/Grid.test.tsx > Grid > applies custom gap
 FAIL  src/components/Grid.test.tsx > Grid > combines columns and gap
 FAIL  src/components/Grid.test.tsx > Grid > handles numeric column 1
 FAIL  src/components/Grid.test.tsx > Grid > handles numeric column 4
 FAIL  src/components/Grid.test.tsx > Grid > handles auto-fit pattern
 FAIL  src/components/Grid.test.tsx > Grid > handles minmax pattern
 FAIL  src/components/Grid.test.tsx > Grid > renders multiple children in grid
 FAIL  src/components/Grid.test.tsx > Grid > applies gap with numeric value
 FAIL  src/components/Grid.test.tsx > Grid > applies gap with pixel value
 FAIL  src/components/Grid.test.tsx > Grid > applies columns with custom CSS values
ReferenceError: document is not defined
 ❯ src/components/Grid.test.tsx:11:5
      9| 
     10|   beforeEach(() => {
     11|     container = document.createElement('div')
       |     ^
     12|     document.body.appendChild(container)
     13|     root = createRoot(container)

⎯⎯⎯⎯⎯⎯⎯⎯⎯⎯⎯⎯⎯⎯⎯⎯⎯⎯⎯⎯⎯[13/266]⎯

 FAIL  src/components/Grid.test.tsx > Grid > renders children
 FAIL  src/components/Grid.test.tsx > Grid > applies display: grid
 FAIL  src/components/Grid.test.tsx > Grid > applies default column (auto)
 FAIL  src/components/Grid.test.tsx > Grid > applies numeric columns as repeat pattern
 FAIL  src/components/Grid.test.tsx > Grid > applies string columns directly
 FAIL  src/components/Grid.test.tsx > Grid > applies default gap (1rem)
 FAIL  src/components/Grid.test.tsx > Grid > applies custom gap
 FAIL  src/components/Grid.test.tsx > Grid > combines columns and gap
 FAIL  src/components/Grid.test.tsx > Grid > handles numeric column 1
 FAIL  src/components/Grid.test.tsx > Grid > handles numeric column 4
 FAIL  src/components/Grid.test.tsx > Grid > handles auto-fit pattern
 FAIL  src/components/Grid.test.tsx > Grid > handles minmax pattern
 FAIL  src/components/Grid.test.tsx > Grid > renders multiple children in grid
 FAIL  src/components/Grid.test.tsx > Grid > applies gap with numeric value
 FAIL  src/components/Grid.test.tsx > Grid > applies gap with pixel value
 FAIL  src/components/Grid.test.tsx > Grid > applies columns with custom CSS values
TypeError: Cannot read properties of undefined (reading 'unmount')
 ❯ src/components/Grid.test.tsx:17:10
     15| 
     16|   afterEach(() => {
     17|     root.unmount()
       |          ^
     18|     document.body.removeChild(container)
     19|   })

⎯⎯⎯⎯⎯⎯⎯⎯⎯⎯⎯⎯⎯⎯⎯⎯⎯⎯⎯⎯⎯[14/266]⎯

 Test Files  7 failed (7)
      Tests  133 failed (133)
   Start at  17:09:04
   Duration  7.69s


 FAIL  Tests failed. Watching for file changes...
       press h to show help, press q to quit
[3Jc
 RERUN  src/components/TypeBadge.test.tsx

 ❯ src/components/StatBar.test.tsx  (19 tests | 19 failed) 120ms
   ❯ src/components/StatBar.test.tsx > StatBar > renders label
     → document is not defined
     → Cannot read properties of undefined (reading 'unmount')
   ❯ src/components/StatBar.test.tsx > StatBar > displays current and max values by default
     → document is not defined
     → Cannot read properties of undefined (reading 'unmount')
   ❯ src/components/StatBar.test.tsx > StatBar > hides values when showValues is false
     → document is not defined
     → Cannot read properties of undefined (reading 'unmount')
   ❯ src/components/StatBar.test.tsx > StatBar > calculates percentage correctly at 50%
     → document is not defined
     → Cannot read properties of undefined (reading 'unmount')
   ❯ src/components/StatBar.test.tsx > StatBar > calculates percentage correctly at 100%
     → document is not defined
     → Cannot read properties of undefined (reading 'unmount')
   ❯ src/components/StatBar.test.tsx > StatBar > calculates percentage correctly at 0%
     → document is not defined
     → Cannot read properties of undefined (reading 'unmount')
   ❯ src/components/StatBar.test.tsx > StatBar > handles partial percentages
     → document is not defined
     → Cannot read properties of undefined (reading 'unmount')
   ❯ src/components/StatBar.test.tsx > StatBar > clamps percentage to 100% when current exceeds max
     → document is not defined
     → Cannot read properties of undefined (reading 'unmount')
   ❯ src/components/StatBar.test.tsx > StatBar > clamps percentage to 0% when current is negative
     → document is not defined
     → Cannot read properties of undefined (reading 'unmount')
   ❯ src/components/StatBar.test.tsx > StatBar > applies default color
     → document is not defined
     → Cannot read properties of undefined (reading 'unmount')
   ❯ src/components/StatBar.test.tsx > StatBar > applies custom color
     → document is not defined
     → Cannot read properties of undefined (reading 'unmount')
   ❯ src/components/StatBar.test.tsx > StatBar > shows percentage text when bar width > 20%
     → document is not defined
     → Cannot read properties of undefined (reading 'unmount')
   ❯ src/components/StatBar.test.tsx > StatBar > does not show percentage text when bar width <= 20%
     → document is not defined
     → Cannot read properties of undefined (reading 'unmount')
   ❯ src/components/StatBar.test.tsx > StatBar > shows percentage text at exactly 21% (> 20%)
     → document is not defined
     → Cannot read properties of undefined (reading 'unmount')
   ❯ src/components/StatBar.test.tsx > StatBar > has transition effect on fill bar
     → document is not defined
     → Cannot read properties of undefined (reading 'unmount')
   ❯ src/components/StatBar.test.tsx > StatBar > floors current value in display
     → document is not defined
     → Cannot read properties of undefined (reading 'unmount')
   ❯ src/components/StatBar.test.tsx > StatBar > floors max value in display
     → document is not defined
     → Cannot read properties of undefined (reading 'unmount')
   ❯ src/components/StatBar.test.tsx > StatBar > floors percentage in text display
     → document is not defined
     → Cannot read properties of undefined (reading 'unmount')
   ❯ src/components/StatBar.test.tsx > StatBar > renders with large stats
     → document is not defined
     → Cannot read properties of undefined (reading 'unmount')
 ❯ src/components/TypeBadge.test.tsx  (13 tests | 13 failed) 94ms
   ❯ src/components/TypeBadge.test.tsx > TypeBadge > renders with Fire type
     → document is not defined
     → Cannot read properties of undefined (reading 'unmount')
   ❯ src/components/TypeBadge.test.tsx > TypeBadge > renders with Water type
     → document is not defined
     → Cannot read properties of undefined (reading 'unmount')
   ❯ src/components/TypeBadge.test.tsx > TypeBadge > renders with Grass type
     → document is not defined
     → Cannot read properties of undefined (reading 'unmount')
   ❯ src/components/TypeBadge.test.tsx > TypeBadge > renders with Electric type
     → document is not defined
     → Cannot read properties of undefined (reading 'unmount')
   ❯ src/components/TypeBadge.test.tsx > TypeBadge > renders with Rock type
     → document is not defined
     → Cannot read properties of undefined (reading 'unmount')
   ❯ src/components/TypeBadge.test.tsx > TypeBadge > renders with Ice type
     → document is not defined
     → Cannot read properties of undefined (reading 'unmount')
   ❯ src/components/TypeBadge.test.tsx > TypeBadge > renders with Psychic type
     → document is not defined
     → Cannot read properties of undefined (reading 'unmount')
   ❯ src/components/TypeBadge.test.tsx > TypeBadge > applies small size
     → document is not defined
     → Cannot read properties of undefined (reading 'unmount')
   ❯ src/components/TypeBadge.test.tsx > TypeBadge > applies medium size (default)
     → document is not defined
     → Cannot read properties of undefined (reading 'unmount')
   ❯ src/components/TypeBadge.test.tsx > TypeBadge > applies large size
     → document is not defined
     → Cannot read properties of undefined (reading 'unmount')
   ❯ src/components/TypeBadge.test.tsx > TypeBadge > applies default medium size when size is not provided
     → document is not defined
     → Cannot read properties of undefined (reading 'unmount')
   ❯ src/components/TypeBadge.test.tsx > TypeBadge > applies badge styling
     → document is not defined
     → Cannot read properties of undefined (reading 'unmount')
   ❯ src/components/TypeBadge.test.tsx > TypeBadge > displays type in uppercase
     → document is not defined
     → Cannot read properties of undefined (reading 'unmount')

⎯⎯⎯⎯⎯⎯ Failed Tests 32 ⎯⎯⎯⎯⎯⎯⎯

 FAIL  src/components/StatBar.test.tsx > StatBar > renders label
 FAIL  src/components/StatBar.test.tsx > StatBar > displays current and max values by default
 FAIL  src/components/StatBar.test.tsx > StatBar > hides values when showValues is false
 FAIL  src/components/StatBar.test.tsx > StatBar > calculates percentage correctly at 50%
 FAIL  src/components/StatBar.test.tsx > StatBar > calculates percentage correctly at 100%
 FAIL  src/components/StatBar.test.tsx > StatBar > calculates percentage correctly at 0%
 FAIL  src/components/StatBar.test.tsx > StatBar > handles partial percentages
 FAIL  src/components/StatBar.test.tsx > StatBar > clamps percentage to 100% when current exceeds max
 FAIL  src/components/StatBar.test.tsx > StatBar > clamps percentage to 0% when current is negative
 FAIL  src/components/StatBar.test.tsx > StatBar > applies default color
 FAIL  src/components/StatBar.test.tsx > StatBar > applies custom color
 FAIL  src/components/StatBar.test.tsx > StatBar > shows percentage text when bar width > 20%
 FAIL  src/components/StatBar.test.tsx > StatBar > does not show percentage text when bar width <= 20%
 FAIL  src/components/StatBar.test.tsx > StatBar > shows percentage text at exactly 21% (> 20%)
 FAIL  src/components/StatBar.test.tsx > StatBar > has transition effect on fill bar
 FAIL  src/components/StatBar.test.tsx > StatBar > floors current value in display
 FAIL  src/components/StatBar.test.tsx > StatBar > floors max value in display
 FAIL  src/components/StatBar.test.tsx > StatBar > floors percentage in text display
 FAIL  src/components/StatBar.test.tsx > StatBar > renders with large stats
ReferenceError: document is not defined
 ❯ src/components/StatBar.test.tsx:11:5
      9| 
     10|   beforeEach(() => {
     11|     container = document.createElement('div')
       |     ^
     12|     document.body.appendChild(container)
     13|     root = createRoot(container)

⎯⎯⎯⎯⎯⎯⎯⎯⎯⎯⎯⎯⎯⎯⎯⎯⎯⎯⎯⎯⎯⎯⎯[1/64]⎯

 FAIL  src/components/StatBar.test.tsx > StatBar > renders label
 FAIL  src/components/StatBar.test.tsx > StatBar > displays current and max values by default
 FAIL  src/components/StatBar.test.tsx > StatBar > hides values when showValues is false
 FAIL  src/components/StatBar.test.tsx > StatBar > calculates percentage correctly at 50%
 FAIL  src/components/StatBar.test.tsx > StatBar > calculates percentage correctly at 100%
 FAIL  src/components/StatBar.test.tsx > StatBar > calculates percentage correctly at 0%
 FAIL  src/components/StatBar.test.tsx > StatBar > handles partial percentages
 FAIL  src/components/StatBar.test.tsx > StatBar > clamps percentage to 100% when current exceeds max
 FAIL  src/components/StatBar.test.tsx > StatBar > clamps percentage to 0% when current is negative
 FAIL  src/components/StatBar.test.tsx > StatBar > applies default color
 FAIL  src/components/StatBar.test.tsx > StatBar > applies custom color
 FAIL  src/components/StatBar.test.tsx > StatBar > shows percentage text when bar width > 20%
 FAIL  src/components/StatBar.test.tsx > StatBar > does not show percentage text when bar width <= 20%
 FAIL  src/components/StatBar.test.tsx > StatBar > shows percentage text at exactly 21% (> 20%)
 FAIL  src/components/StatBar.test.tsx > StatBar > has transition effect on fill bar
 FAIL  src/components/StatBar.test.tsx > StatBar > floors current value in display
 FAIL  src/components/StatBar.test.tsx > StatBar > floors max value in display
 FAIL  src/components/StatBar.test.tsx > StatBar > floors percentage in text display
 FAIL  src/components/StatBar.test.tsx > StatBar > renders with large stats
TypeError: Cannot read properties of undefined (reading 'unmount')
 ❯ src/components/StatBar.test.tsx:17:10
     15| 
     16|   afterEach(() => {
     17|     root.unmount()
       |          ^
     18|     document.body.removeChild(container)
     19|   })

⎯⎯⎯⎯⎯⎯⎯⎯⎯⎯⎯⎯⎯⎯⎯⎯⎯⎯⎯⎯⎯⎯⎯[2/64]⎯

 FAIL  src/components/TypeBadge.test.tsx > TypeBadge > renders with Fire type
 FAIL  src/components/TypeBadge.test.tsx > TypeBadge > renders with Water type
 FAIL  src/components/TypeBadge.test.tsx > TypeBadge > renders with Grass type
 FAIL  src/components/TypeBadge.test.tsx > TypeBadge > renders with Electric type
 FAIL  src/components/TypeBadge.test.tsx > TypeBadge > renders with Rock type
 FAIL  src/components/TypeBadge.test.tsx > TypeBadge > renders with Ice type
 FAIL  src/components/TypeBadge.test.tsx > TypeBadge > renders with Psychic type
 FAIL  src/components/TypeBadge.test.tsx > TypeBadge > applies small size
 FAIL  src/components/TypeBadge.test.tsx > TypeBadge > applies medium size (default)
 FAIL  src/components/TypeBadge.test.tsx > TypeBadge > applies large size
 FAIL  src/components/TypeBadge.test.tsx > TypeBadge > applies default medium size when size is not provided
 FAIL  src/components/TypeBadge.test.tsx > TypeBadge > applies badge styling
 FAIL  src/components/TypeBadge.test.tsx > TypeBadge > displays type in uppercase
ReferenceError: document is not defined
 ❯ src/components/TypeBadge.test.tsx:12:5
     10| 
     11|   beforeEach(() => {
     12|     container = document.createElement('div')
       |     ^
     13|     document.body.appendChild(container)
     14|     root = createRoot(container)

⎯⎯⎯⎯⎯⎯⎯⎯⎯⎯⎯⎯⎯⎯⎯⎯⎯⎯⎯⎯⎯⎯⎯[3/64]⎯

 FAIL  src/components/TypeBadge.test.tsx > TypeBadge > renders with Fire type
 FAIL  src/components/TypeBadge.test.tsx > TypeBadge > renders with Water type
 FAIL  src/components/TypeBadge.test.tsx > TypeBadge > renders with Grass type
 FAIL  src/components/TypeBadge.test.tsx > TypeBadge > renders with Electric type
 FAIL  src/components/TypeBadge.test.tsx > TypeBadge > renders with Rock type
 FAIL  src/components/TypeBadge.test.tsx > TypeBadge > renders with Ice type
 FAIL  src/components/TypeBadge.test.tsx > TypeBadge > renders with Psychic type
 FAIL  src/components/TypeBadge.test.tsx > TypeBadge > applies small size
 FAIL  src/components/TypeBadge.test.tsx > TypeBadge > applies medium size (default)
 FAIL  src/components/TypeBadge.test.tsx > TypeBadge > applies large size
 FAIL  src/components/TypeBadge.test.tsx > TypeBadge > applies default medium size when size is not provided
 FAIL  src/components/TypeBadge.test.tsx > TypeBadge > applies badge styling
 FAIL  src/components/TypeBadge.test.tsx > TypeBadge > displays type in uppercase
TypeError: Cannot read properties of undefined (reading 'unmount')
 ❯ src/components/TypeBadge.test.tsx:18:10
     16| 
     17|   afterEach(() => {
     18|     root.unmount()
       |          ^
     19|     document.body.removeChild(container)
     20|   })

⎯⎯⎯⎯⎯⎯⎯⎯⎯⎯⎯⎯⎯⎯⎯⎯⎯⎯⎯⎯⎯⎯⎯[4/64]⎯

 Test Files  2 failed (2)
      Tests  32 failed (32)
   Start at  17:09:07
   Duration  674ms


 FAIL  Tests failed. Watching for file changes...
       press h to show help, press q to quit
[3Jc
 RERUN  src/components/BerryvolutionCard.test.tsx x4

 ❯ src/components/BerryvolutionCard.test.tsx  (26 tests | 26 failed) 250ms
   ❯ src/components/BerryvolutionCard.test.tsx > BerryvolutionCard > renders member name in full mode
     → document is not defined
     → document is not defined
   ❯ src/components/BerryvolutionCard.test.tsx > BerryvolutionCard > renders member name in compact mode
     → document is not defined
     → document is not defined
   ❯ src/components/BerryvolutionCard.test.tsx > BerryvolutionCard > renders member level in full mode
     → document is not defined
     → document is not defined
   ❯ src/components/BerryvolutionCard.test.tsx > BerryvolutionCard > renders member level in compact mode
     → document is not defined
     → document is not defined
   ❯ src/components/BerryvolutionCard.test.tsx > BerryvolutionCard > renders type badge in full mode
     → document is not defined
     → document is not defined
   ❯ src/components/BerryvolutionCard.test.tsx > BerryvolutionCard > renders type badge in compact mode
     → document is not defined
     → document is not defined
   ❯ src/components/BerryvolutionCard.test.tsx > BerryvolutionCard > renders HP stat bar in full mode
     → document is not defined
     → document is not defined
   ❯ src/components/BerryvolutionCard.test.tsx > BerryvolutionCard > renders all stat bars in full mode
     → document is not defined
     → document is not defined
   ❯ src/components/BerryvolutionCard.test.tsx > BerryvolutionCard > renders only HP stat bar in compact mode
     → document is not defined
     → document is not defined
   ❯ src/components/BerryvolutionCard.test.tsx > BerryvolutionCard > renders XP info in full mode
     → document is not defined
     → document is not defined
   ❯ src/components/BerryvolutionCard.test.tsx > BerryvolutionCard > does not render XP info in compact mode
     → document is not defined
     → document is not defined
   ❯ src/components/BerryvolutionCard.test.tsx > BerryvolutionCard > renders move count in full mode
     → document is not defined
     → document is not defined
   ❯ src/components/BerryvolutionCard.test.tsx > BerryvolutionCard > does not render move count in full mode when no moves unlocked
     → document is not defined
     → document is not defined
   ❯ src/components/BerryvolutionCard.test.tsx > BerryvolutionCard > applies selected styling when selected is true
     → document is not defined
     → document is not defined
   ❯ src/components/BerryvolutionCard.test.tsx > BerryvolutionCard > applies default styling when selected is false
     → document is not defined
     → document is not defined
   ❯ src/components/BerryvolutionCard.test.tsx > BerryvolutionCard > has pointer cursor when onClick is provided
     → document is not defined
     → document is not defined
   ❯ src/components/BerryvolutionCard.test.tsx > BerryvolutionCard > calls onClick handler when clicked
     → document is not defined
     → document is not defined
   ❯ src/components/BerryvolutionCard.test.tsx > BerryvolutionCard > renders berryvolution member with correct type
     → document is not defined
     → document is not defined
   ❯ src/components/BerryvolutionCard.test.tsx > BerryvolutionCard > renders berryvolution with correct stats
     → document is not defined
     → document is not defined
   ❯ src/components/BerryvolutionCard.test.tsx > BerryvolutionCard > shows correct move count for multiple moves
     → document is not defined
     → document is not defined
   ❯ src/components/BerryvolutionCard.test.tsx > BerryvolutionCard > renders compact card with proper layout
     → document is not defined
     → document is not defined
   ❯ src/components/BerryvolutionCard.test.tsx > BerryvolutionCard > full mode card is larger than compact mode
     → document is not defined
     → document is not defined
   ❯ src/components/BerryvolutionCard.test.tsx > BerryvolutionCard > renders member with high level
     → document is not defined
     → document is not defined
   ❯ src/components/BerryvolutionCard.test.tsx > BerryvolutionCard > renders member with zero HP
     → document is not defined
     → document is not defined
   ❯ src/components/BerryvolutionCard.test.tsx > BerryvolutionCard > renders HP bar with correct values
     → document is not defined
     → document is not defined
   ❯ src/components/BerryvolutionCard.test.tsx > BerryvolutionCard > responds to selection state changes
     → document is not defined
     → document is not defined

⎯⎯⎯⎯⎯⎯ Failed Tests 26 ⎯⎯⎯⎯⎯⎯⎯

 FAIL  src/components/BerryvolutionCard.test.tsx > BerryvolutionCard > renders member name in full mode
 FAIL  src/components/BerryvolutionCard.test.tsx > BerryvolutionCard > renders member name in compact mode
 FAIL  src/components/BerryvolutionCard.test.tsx > BerryvolutionCard > renders member level in full mode
 FAIL  src/components/BerryvolutionCard.test.tsx > BerryvolutionCard > renders member level in compact mode
 FAIL  src/components/BerryvolutionCard.test.tsx > BerryvolutionCard > renders type badge in full mode
 FAIL  src/components/BerryvolutionCard.test.tsx > BerryvolutionCard > renders type badge in compact mode
 FAIL  src/components/BerryvolutionCard.test.tsx > BerryvolutionCard > renders HP stat bar in full mode
 FAIL  src/components/BerryvolutionCard.test.tsx > BerryvolutionCard > renders all stat bars in full mode
 FAIL  src/components/BerryvolutionCard.test.tsx > BerryvolutionCard > renders only HP stat bar in compact mode
 FAIL  src/components/BerryvolutionCard.test.tsx > BerryvolutionCard > renders XP info in full mode
 FAIL  src/components/BerryvolutionCard.test.tsx > BerryvolutionCard > does not render XP info in compact mode
 FAIL  src/components/BerryvolutionCard.test.tsx > BerryvolutionCard > renders move count in full mode
 FAIL  src/components/BerryvolutionCard.test.tsx > BerryvolutionCard > does not render move count in full mode when no moves unlocked
 FAIL  src/components/BerryvolutionCard.test.tsx > BerryvolutionCard > applies selected styling when selected is true
 FAIL  src/components/BerryvolutionCard.test.tsx > BerryvolutionCard > applies default styling when selected is false
 FAIL  src/components/BerryvolutionCard.test.tsx > BerryvolutionCard > has pointer cursor when onClick is provided
 FAIL  src/components/BerryvolutionCard.test.tsx > BerryvolutionCard > calls onClick handler when clicked
 FAIL  src/components/BerryvolutionCard.test.tsx > BerryvolutionCard > renders berryvolution member with correct type
 FAIL  src/components/BerryvolutionCard.test.tsx > BerryvolutionCard > renders berryvolution with correct stats
 FAIL  src/components/BerryvolutionCard.test.tsx > BerryvolutionCard > shows correct move count for multiple moves
 FAIL  src/components/BerryvolutionCard.test.tsx > BerryvolutionCard > renders compact card with proper layout
 FAIL  src/components/BerryvolutionCard.test.tsx > BerryvolutionCard > full mode card is larger than compact mode
 FAIL  src/components/BerryvolutionCard.test.tsx > BerryvolutionCard > renders member with high level
 FAIL  src/components/BerryvolutionCard.test.tsx > BerryvolutionCard > renders member with zero HP
 FAIL  src/components/BerryvolutionCard.test.tsx > BerryvolutionCard > renders HP bar with correct values
 FAIL  src/components/BerryvolutionCard.test.tsx > BerryvolutionCard > responds to selection state changes
ReferenceError: document is not defined
 ❯ src/components/BerryvolutionCard.test.tsx:43:5
     41| 
     42|   beforeEach(() => {
     43|     container = document.createElement('div')
       |     ^
     44|     document.body.appendChild(container)
     45|   })

⎯⎯⎯⎯⎯⎯⎯⎯⎯⎯⎯⎯⎯⎯⎯⎯⎯⎯⎯⎯⎯⎯⎯[1/52]⎯

 FAIL  src/components/BerryvolutionCard.test.tsx > BerryvolutionCard > renders member name in full mode
 FAIL  src/components/BerryvolutionCard.test.tsx > BerryvolutionCard > renders member name in compact mode
 FAIL  src/components/BerryvolutionCard.test.tsx > BerryvolutionCard > renders member level in full mode
 FAIL  src/components/BerryvolutionCard.test.tsx > BerryvolutionCard > renders member level in compact mode
 FAIL  src/components/BerryvolutionCard.test.tsx > BerryvolutionCard > renders type badge in full mode
 FAIL  src/components/BerryvolutionCard.test.tsx > BerryvolutionCard > renders type badge in compact mode
 FAIL  src/components/BerryvolutionCard.test.tsx > BerryvolutionCard > renders HP stat bar in full mode
 FAIL  src/components/BerryvolutionCard.test.tsx > BerryvolutionCard > renders all stat bars in full mode
 FAIL  src/components/BerryvolutionCard.test.tsx > BerryvolutionCard > renders only HP stat bar in compact mode
 FAIL  src/components/BerryvolutionCard.test.tsx > BerryvolutionCard > renders XP info in full mode
 FAIL  src/components/BerryvolutionCard.test.tsx > BerryvolutionCard > does not render XP info in compact mode
 FAIL  src/components/BerryvolutionCard.test.tsx > BerryvolutionCard > renders move count in full mode
 FAIL  src/components/BerryvolutionCard.test.tsx > BerryvolutionCard > does not render move count in full mode when no moves unlocked
 FAIL  src/components/BerryvolutionCard.test.tsx > BerryvolutionCard > applies selected styling when selected is true
 FAIL  src/components/BerryvolutionCard.test.tsx > BerryvolutionCard > applies default styling when selected is false
 FAIL  src/components/BerryvolutionCard.test.tsx > BerryvolutionCard > has pointer cursor when onClick is provided
 FAIL  src/components/BerryvolutionCard.test.tsx > BerryvolutionCard > calls onClick handler when clicked
 FAIL  src/components/BerryvolutionCard.test.tsx > BerryvolutionCard > renders berryvolution member with correct type
 FAIL  src/components/BerryvolutionCard.test.tsx > BerryvolutionCard > renders berryvolution with correct stats
 FAIL  src/components/BerryvolutionCard.test.tsx > BerryvolutionCard > shows correct move count for multiple moves
 FAIL  src/components/BerryvolutionCard.test.tsx > BerryvolutionCard > renders compact card with proper layout
 FAIL  src/components/BerryvolutionCard.test.tsx > BerryvolutionCard > full mode card is larger than compact mode
 FAIL  src/components/BerryvolutionCard.test.tsx > BerryvolutionCard > renders member with high level
 FAIL  src/components/BerryvolutionCard.test.tsx > BerryvolutionCard > renders member with zero HP
 FAIL  src/components/BerryvolutionCard.test.tsx > BerryvolutionCard > renders HP bar with correct values
 FAIL  src/components/BerryvolutionCard.test.tsx > BerryvolutionCard > responds to selection state changes
ReferenceError: document is not defined
 ❯ src/components/BerryvolutionCard.test.tsx:48:5
     46| 
     47|   afterEach(() => {
     48|     document.body.removeChild(container)
       |     ^
     49|   })
     50| 

⎯⎯⎯⎯⎯⎯⎯⎯⎯⎯⎯⎯⎯⎯⎯⎯⎯⎯⎯⎯⎯⎯⎯[2/52]⎯

 Test Files  1 failed (1)
      Tests  26 failed (26)
   Start at  17:09:27
   Duration  659ms


 FAIL  Tests failed. Watching for file changes...
       press h to show help, press q to quit
       rerun x4
[2K[1A[2K[G[3Jc
 RERUN  src/components/TypeBadge.test.tsx

 ❯ src/components/Button.test.tsx  (14 tests | 14 failed) 296ms
   ❯ src/components/Button.test.tsx > Button > renders with default props
     → document is not defined
     → document is not defined
   ❯ src/components/Button.test.tsx > Button > renders with primary variant (default)
     → document is not defined
     → document is not defined
   ❯ src/components/Button.test.tsx > Button > renders with secondary variant
     → document is not defined
     → document is not defined
   ❯ src/components/Button.test.tsx > Button > renders with danger variant
     → document is not defined
     → document is not defined
   ❯ src/components/Button.test.tsx > Button > renders with small size
     → document is not defined
     → document is not defined
   ❯ src/components/Button.test.tsx > Button > renders with medium size (default)
     → document is not defined
     → document is not defined
   ❯ src/components/Button.test.tsx > Button > renders with large size
     → document is not defined
     → document is not defined
   ❯ src/components/Button.test.tsx > Button > applies disabled state styling
     → document is not defined
     → document is not defined
   ❯ src/components/Button.test.tsx > Button > handles click events
     → document is not defined
     → document is not defined
   ❯ src/components/Button.test.tsx > Button > does not call onClick when disabled
     → document is not defined
     → document is not defined
   ❯ src/components/Button.test.tsx > Button > applies hover effects on mouseenter
     → document is not defined
     → document is not defined
   ❯ src/components/Button.test.tsx > Button > removes hover effects on mouseleave
     → document is not defined
     → document is not defined
   ❯ src/components/Button.test.tsx > Button > does not apply hover effects when disabled
     → document is not defined
     → document is not defined
   ❯ src/components/Button.test.tsx > Button > renders with custom HTML attributes
     → document is not defined
     → document is not defined
 ❯ src/components/Card.test.tsx  (13 tests | 13 failed) 239ms
   ❯ src/components/Card.test.tsx > Card > renders children content
     → document is not defined
     → document is not defined
   ❯ src/components/Card.test.tsx > Card > renders with title when provided
     → document is not defined
     → document is not defined
   ❯ src/components/Card.test.tsx > Card > does not render title when not provided
     → document is not defined
     → document is not defined
   ❯ src/components/Card.test.tsx > Card > applies default card styling
     → document is not defined
     → document is not defined
   ❯ src/components/Card.test.tsx > Card > applies selected styling when selected is true
     → document is not defined
     → document is not defined
   ❯ src/components/Card.test.tsx > Card > applies disabled styling when disabled is true
     → document is not defined
     → document is not defined
   ❯ src/components/Card.test.tsx > Card > applies pointer cursor when onClick is provided
     → document is not defined
     → document is not defined
   ❯ src/components/Card.test.tsx > Card > does not apply pointer cursor when onClick is provided but disabled is true
     → document is not defined
     → document is not defined
   ❯ src/components/Card.test.tsx > Card > calls onClick handler when clicked
     → document is not defined
     → document is not defined
   ❯ src/components/Card.test.tsx > Card > calls onClick handler even when disabled (HTML click behavior)
     → document is not defined
     → document is not defined
   ❯ src/components/Card.test.tsx > Card > has transition effect
     → document is not defined
     → document is not defined
   ❯ src/components/Card.test.tsx > Card > renders title with correct styling
     → document is not defined
     → document is not defined
   ❯ src/components/Card.test.tsx > Card > renders children inside a wrapper div
     → document is not defined
     → document is not defined
 ❯ src/components/Grid.test.tsx  (16 tests | 16 failed) 284ms
   ❯ src/components/Grid.test.tsx > Grid > renders children
     → document is not defined
     → document is not defined
   ❯ src/components/Grid.test.tsx > Grid > applies display: grid
     → document is not defined
     → document is not defined
   ❯ src/components/Grid.test.tsx > Grid > applies default column (auto)
     → document is not defined
     → document is not defined
   ❯ src/components/Grid.test.tsx > Grid > applies numeric columns as repeat pattern
     → document is not defined
     → document is not defined
   ❯ src/components/Grid.test.tsx > Grid > applies string columns directly
     → document is not defined
     → document is not defined
   ❯ src/components/Grid.test.tsx > Grid > applies default gap (1rem)
     → document is not defined
     → document is not defined
   ❯ src/components/Grid.test.tsx > Grid > applies custom gap
     → document is not defined
     → document is not defined
   ❯ src/components/Grid.test.tsx > Grid > combines columns and gap
     → document is not defined
     → document is not defined
   ❯ src/components/Grid.test.tsx > Grid > handles numeric column 1
     → document is not defined
     → document is not defined
   ❯ src/components/Grid.test.tsx > Grid > handles numeric column 4
     → document is not defined
     → document is not defined
   ❯ src/components/Grid.test.tsx > Grid > handles auto-fit pattern
     → document is not defined
     → document is not defined
   ❯ src/components/Grid.test.tsx > Grid > handles minmax pattern
     → document is not defined
     → document is not defined
   ❯ src/components/Grid.test.tsx > Grid > renders multiple children in grid
     → document is not defined
     → document is not defined
   ❯ src/components/Grid.test.tsx > Grid > applies gap with numeric value
     → document is not defined
     → document is not defined
   ❯ src/components/Grid.test.tsx > Grid > applies gap with pixel value
     → document is not defined
     → document is not defined
   ❯ src/components/Grid.test.tsx > Grid > applies columns with custom CSS values
     → document is not defined
     → document is not defined
 ❯ src/components/ConfirmDialog.test.tsx  (18 tests | 18 failed) 280ms
   ❯ src/components/ConfirmDialog.test.tsx > ConfirmDialog > renders title
     → document is not defined
     → document is not defined
   ❯ src/components/ConfirmDialog.test.tsx > ConfirmDialog > renders message
     → document is not defined
     → document is not defined
   ❯ src/components/ConfirmDialog.test.tsx > ConfirmDialog > renders default confirm button text
     → document is not defined
     → document is not defined
   ❯ src/components/ConfirmDialog.test.tsx > ConfirmDialog > renders default cancel button text
     → document is not defined
     → document is not defined
   ❯ src/components/ConfirmDialog.test.tsx > ConfirmDialog > renders custom confirm button text
     → document is not defined
     → document is not defined
   ❯ src/components/ConfirmDialog.test.tsx > ConfirmDialog > renders custom cancel button text
     → document is not defined
     → document is not defined
   ❯ src/components/ConfirmDialog.test.tsx > ConfirmDialog > calls onConfirm when confirm button is clicked
     → document is not defined
     → document is not defined
   ❯ src/components/ConfirmDialog.test.tsx > ConfirmDialog > calls onCancel when cancel button is clicked
     → document is not defined
     → document is not defined
   ❯ src/components/ConfirmDialog.test.tsx > ConfirmDialog > calls onCancel when backdrop is clicked
     → document is not defined
     → document is not defined
   ❯ src/components/ConfirmDialog.test.tsx > ConfirmDialog > does not call onCancel when dialog content is clicked
     → document is not defined
     → document is not defined
   ❯ src/components/ConfirmDialog.test.tsx > ConfirmDialog > applies normal variant styling to confirm button by default
     → document is not defined
     → document is not defined
   ❯ src/components/ConfirmDialog.test.tsx > ConfirmDialog > applies dangerous variant styling to confirm button when isDangerous is true
     → document is not defined
     → document is not defined
   ❯ src/components/ConfirmDialog.test.tsx > ConfirmDialog > has backdrop overlay with semi-transparent background
     → document is not defined
     → document is not defined
   ❯ src/components/ConfirmDialog.test.tsx > ConfirmDialog > centers dialog on screen
     → document is not defined
     → document is not defined
   ❯ src/components/ConfirmDialog.test.tsx > ConfirmDialog > applies dialog styling
     → document is not defined
     → document is not defined
   ❯ src/components/ConfirmDialog.test.tsx > ConfirmDialog > renders cancel button with correct styling
     → document is not defined
     → document is not defined
   ❯ src/components/ConfirmDialog.test.tsx > ConfirmDialog > renders confirm button with white text
     → document is not defined
     → document is not defined
   ❯ src/components/ConfirmDialog.test.tsx > ConfirmDialog > handles long title and message
     → document is not defined
     → document is not defined
 ❯ src/components/StatBar.test.tsx  (19 tests | 19 failed) 283ms
   ❯ src/components/StatBar.test.tsx > StatBar > renders label
     → document is not defined
     → document is not defined
   ❯ src/components/StatBar.test.tsx > StatBar > displays current and max values by default
     → document is not defined
     → document is not defined
   ❯ src/components/StatBar.test.tsx > StatBar > hides values when showValues is false
     → document is not defined
     → document is not defined
   ❯ src/components/StatBar.test.tsx > StatBar > calculates percentage correctly at 50%
     → document is not defined
     → document is not defined
   ❯ src/components/StatBar.test.tsx > StatBar > calculates percentage correctly at 100%
     → document is not defined
     → document is not defined
   ❯ src/components/StatBar.test.tsx > StatBar > calculates percentage correctly at 0%
     → document is not defined
     → document is not defined
   ❯ src/components/StatBar.test.tsx > StatBar > handles partial percentages
     → document is not defined
     → document is not defined
   ❯ src/components/StatBar.test.tsx > StatBar > clamps percentage to 100% when current exceeds max
     → document is not defined
     → document is not defined
   ❯ src/components/StatBar.test.tsx > StatBar > clamps percentage to 0% when current is negative
     → document is not defined
     → document is not defined
   ❯ src/components/StatBar.test.tsx > StatBar > applies default color
     → document is not defined
     → document is not defined
   ❯ src/components/StatBar.test.tsx > StatBar > applies custom color
     → document is not defined
     → document is not defined
   ❯ src/components/StatBar.test.tsx > StatBar > shows percentage text when bar width > 20%
     → document is not defined
     → document is not defined
   ❯ src/components/StatBar.test.tsx > StatBar > does not show percentage text when bar width <= 20%
     → document is not defined
     → document is not defined
   ❯ src/components/StatBar.test.tsx > StatBar > shows percentage text at exactly 21% (> 20%)
     → document is not defined
     → document is not defined
   ❯ src/components/StatBar.test.tsx > StatBar > has transition effect on fill bar
     → document is not defined
     → document is not defined
   ❯ src/components/StatBar.test.tsx > StatBar > floors current value in display
     → document is not defined
     → document is not defined
   ❯ src/components/StatBar.test.tsx > StatBar > floors max value in display
     → document is not defined
     → document is not defined
   ❯ src/components/StatBar.test.tsx > StatBar > floors percentage in text display
     → document is not defined
     → document is not defined
   ❯ src/components/StatBar.test.tsx > StatBar > renders with large stats
     → document is not defined
     → document is not defined
 ❯ src/components/MoveCard.test.tsx  (27 tests | 27 failed) 396ms
   ❯ src/components/MoveCard.test.tsx > MoveCard > renders move name
     → document is not defined
     → document is not defined
   ❯ src/components/MoveCard.test.tsx > MoveCard > renders move power
     → document is not defined
     → document is not defined
   ❯ src/components/MoveCard.test.tsx > MoveCard > renders move NRG cost
     → document is not defined
     → document is not defined
   ❯ src/components/MoveCard.test.tsx > MoveCard > renders move category
     → document is not defined
     → document is not defined
   ❯ src/components/MoveCard.test.tsx > MoveCard > renders move accuracy
     → document is not defined
     → document is not defined
   ❯ src/components/MoveCard.test.tsx > MoveCard > renders type badge
     → document is not defined
     → document is not defined
   ❯ src/components/MoveCard.test.tsx > MoveCard > shows "Not enough NRG!" when current NRG is less than cost
     → document is not defined
     → document is not defined
   ❯ src/components/MoveCard.test.tsx > MoveCard > does not show "Not enough NRG!" when current NRG is enough
     → document is not defined
     → document is not defined
   ❯ src/components/MoveCard.test.tsx > MoveCard > shows "Not enough NRG!" when current NRG equals cost minus one
     → document is not defined
     → document is not defined
   ❯ src/components/MoveCard.test.tsx > MoveCard > does not show "Not enough NRG!" when current NRG equals cost
     → document is not defined
     → document is not defined
   ❯ src/components/MoveCard.test.tsx > MoveCard > applies selected styling when selected is true
     → document is not defined
     → document is not defined
   ❯ src/components/MoveCard.test.tsx > MoveCard > applies default styling when selected is false
     → document is not defined
     → document is not defined
   ❯ src/components/MoveCard.test.tsx > MoveCard > applies disabled styling when disabled is true
     → document is not defined
     → document is not defined
   ❯ src/components/MoveCard.test.tsx > MoveCard > has pointer cursor when move is affordable and not disabled
     → document is not defined
     → document is not defined
   ❯ src/components/MoveCard.test.tsx > MoveCard > has not-allowed cursor when NRG is insufficient
     → document is not defined
     → document is not defined
   ❯ src/components/MoveCard.test.tsx > MoveCard > has not-allowed cursor when disabled
     → document is not defined
     → document is not defined
   ❯ src/components/MoveCard.test.tsx > MoveCard > calls onClick when clicked and affordable
     → document is not defined
     → document is not defined
   ❯ src/components/MoveCard.test.tsx > MoveCard > does not call onClick when clicked but NRG insufficient
     → document is not defined
     → document is not defined
   ❯ src/components/MoveCard.test.tsx > MoveCard > does not call onClick when clicked but disabled
     → document is not defined
     → document is not defined
   ❯ src/components/MoveCard.test.tsx > MoveCard > renders move with status effect
     → document is not defined
     → document is not defined
   ❯ src/components/MoveCard.test.tsx > MoveCard > renders move with stat modifier effect
     → document is not defined
     → document is not defined
   ❯ src/components/MoveCard.test.tsx > MoveCard > renders move with negative stat modifier
     → document is not defined
     → document is not defined
   ❯ src/components/MoveCard.test.tsx > MoveCard > renders move with both status and stat modifier
     → document is not defined
     → document is not defined
   ❯ src/components/MoveCard.test.tsx > MoveCard > does not render effect section when no effect
     → document is not defined
     → document is not defined
   ❯ src/components/MoveCard.test.tsx > MoveCard > uses default currentNrg of Infinity
     → document is not defined
     → document is not defined
   ❯ src/components/MoveCard.test.tsx > MoveCard > renders with various accuracy values
     → document is not defined
     → document is not defined
   ❯ src/components/MoveCard.test.tsx > MoveCard > renders with zero power move
     → document is not defined
     → document is not defined
 ❯ src/components/BerryvolutionCard.test.tsx  (26 tests | 26 failed) 387ms
   ❯ src/components/BerryvolutionCard.test.tsx > BerryvolutionCard > renders member name in full mode
     → document is not defined
     → document is not defined
   ❯ src/components/BerryvolutionCard.test.tsx > BerryvolutionCard > renders member name in compact mode
     → document is not defined
     → document is not defined
   ❯ src/components/BerryvolutionCard.test.tsx > BerryvolutionCard > renders member level in full mode
     → document is not defined
     → document is not defined
   ❯ src/components/BerryvolutionCard.test.tsx > BerryvolutionCard > renders member level in compact mode
     → document is not defined
     → document is not defined
   ❯ src/components/BerryvolutionCard.test.tsx > BerryvolutionCard > renders type badge in full mode
     → document is not defined
     → document is not defined
   ❯ src/components/BerryvolutionCard.test.tsx > BerryvolutionCard > renders type badge in compact mode
     → document is not defined
     → document is not defined
   ❯ src/components/BerryvolutionCard.test.tsx > BerryvolutionCard > renders HP stat bar in full mode
     → document is not defined
     → document is not defined
   ❯ src/components/BerryvolutionCard.test.tsx > BerryvolutionCard > renders all stat bars in full mode
     → document is not defined
     → document is not defined
   ❯ src/components/BerryvolutionCard.test.tsx > BerryvolutionCard > renders only HP stat bar in compact mode
     → document is not defined
     → document is not defined
   ❯ src/components/BerryvolutionCard.test.tsx > BerryvolutionCard > renders XP info in full mode
     → document is not defined
     → document is not defined
   ❯ src/components/BerryvolutionCard.test.tsx > BerryvolutionCard > does not render XP info in compact mode
     → document is not defined
     → document is not defined
   ❯ src/components/BerryvolutionCard.test.tsx > BerryvolutionCard > renders move count in full mode
     → document is not defined
     → document is not defined
   ❯ src/components/BerryvolutionCard.test.tsx > BerryvolutionCard > does not render move count in full mode when no moves unlocked
     → document is not defined
     → document is not defined
   ❯ src/components/BerryvolutionCard.test.tsx > BerryvolutionCard > applies selected styling when selected is true
     → document is not defined
     → document is not defined
   ❯ src/components/BerryvolutionCard.test.tsx > BerryvolutionCard > applies default styling when selected is false
     → document is not defined
     → document is not defined
   ❯ src/components/BerryvolutionCard.test.tsx > BerryvolutionCard > has pointer cursor when onClick is provided
     → document is not defined
     → document is not defined
   ❯ src/components/BerryvolutionCard.test.tsx > BerryvolutionCard > calls onClick handler when clicked
     → document is not defined
     → document is not defined
   ❯ src/components/BerryvolutionCard.test.tsx > BerryvolutionCard > renders berryvolution member with correct type
     → document is not defined
     → document is not defined
   ❯ src/components/BerryvolutionCard.test.tsx > BerryvolutionCard > renders berryvolution with correct stats
     → document is not defined
     → document is not defined
   ❯ src/components/BerryvolutionCard.test.tsx > BerryvolutionCard > shows correct move count for multiple moves
     → document is not defined
     → document is not defined
   ❯ src/components/BerryvolutionCard.test.tsx > BerryvolutionCard > renders compact card with proper layout
     → document is not defined
     → document is not defined
   ❯ src/components/BerryvolutionCard.test.tsx > BerryvolutionCard > full mode card is larger than compact mode
     → document is not defined
     → document is not defined
   ❯ src/components/BerryvolutionCard.test.tsx > BerryvolutionCard > renders member with high level
     → document is not defined
     → document is not defined
   ❯ src/components/BerryvolutionCard.test.tsx > BerryvolutionCard > renders member with zero HP
     → document is not defined
     → document is not defined
   ❯ src/components/BerryvolutionCard.test.tsx > BerryvolutionCard > renders HP bar with correct values
     → document is not defined
     → document is not defined
   ❯ src/components/BerryvolutionCard.test.tsx > BerryvolutionCard > responds to selection state changes
     → document is not defined
     → document is not defined
 ❯ src/components/TypeBadge.test.tsx  (13 tests | 13 failed) 128ms
   ❯ src/components/TypeBadge.test.tsx > TypeBadge > renders with Fire type
     → document is not defined
     → document is not defined
   ❯ src/components/TypeBadge.test.tsx > TypeBadge > renders with Water type
     → document is not defined
     → document is not defined
   ❯ src/components/TypeBadge.test.tsx > TypeBadge > renders with Grass type
     → document is not defined
     → document is not defined
   ❯ src/components/TypeBadge.test.tsx > TypeBadge > renders with Electric type
     → document is not defined
     → document is not defined
   ❯ src/components/TypeBadge.test.tsx > TypeBadge > renders with Rock type
     → document is not defined
     → document is not defined
   ❯ src/components/TypeBadge.test.tsx > TypeBadge > renders with Ice type
     → document is not defined
     → document is not defined
   ❯ src/components/TypeBadge.test.tsx > TypeBadge > renders with Psychic type
     → document is not defined
     → document is not defined
   ❯ src/components/TypeBadge.test.tsx > TypeBadge > applies small size
     → document is not defined
     → document is not defined
   ❯ src/components/TypeBadge.test.tsx > TypeBadge > applies medium size (default)
     → document is not defined
     → document is not defined
   ❯ src/components/TypeBadge.test.tsx > TypeBadge > applies large size
     → document is not defined
     → document is not defined
   ❯ src/components/TypeBadge.test.tsx > TypeBadge > applies default medium size when size is not provided
     → document is not defined
     → document is not defined
   ❯ src/components/TypeBadge.test.tsx > TypeBadge > applies badge styling
     → document is not defined
     → document is not defined
   ❯ src/components/TypeBadge.test.tsx > TypeBadge > displays type in uppercase
     → document is not defined
     → document is not defined

⎯⎯⎯⎯⎯⎯ Failed Tests 146 ⎯⎯⎯⎯⎯⎯

 FAIL  src/components/MoveCard.test.tsx > MoveCard > renders move name
 FAIL  src/components/MoveCard.test.tsx > MoveCard > renders move power
 FAIL  src/components/MoveCard.test.tsx > MoveCard > renders move NRG cost
 FAIL  src/components/MoveCard.test.tsx > MoveCard > renders move category
 FAIL  src/components/MoveCard.test.tsx > MoveCard > renders move accuracy
 FAIL  src/components/MoveCard.test.tsx > MoveCard > renders type badge
 FAIL  src/components/MoveCard.test.tsx > MoveCard > shows "Not enough NRG!" when current NRG is less than cost
 FAIL  src/components/MoveCard.test.tsx > MoveCard > does not show "Not enough NRG!" when current NRG is enough
 FAIL  src/components/MoveCard.test.tsx > MoveCard > shows "Not enough NRG!" when current NRG equals cost minus one
 FAIL  src/components/MoveCard.test.tsx > MoveCard > does not show "Not enough NRG!" when current NRG equals cost
 FAIL  src/components/MoveCard.test.tsx > MoveCard > applies selected styling when selected is true
 FAIL  src/components/MoveCard.test.tsx > MoveCard > applies default styling when selected is false
 FAIL  src/components/MoveCard.test.tsx > MoveCard > applies disabled styling when disabled is true
 FAIL  src/components/MoveCard.test.tsx > MoveCard > has pointer cursor when move is affordable and not disabled
 FAIL  src/components/MoveCard.test.tsx > MoveCard > has not-allowed cursor when NRG is insufficient
 FAIL  src/components/MoveCard.test.tsx > MoveCard > has not-allowed cursor when disabled
 FAIL  src/components/MoveCard.test.tsx > MoveCard > calls onClick when clicked and affordable
 FAIL  src/components/MoveCard.test.tsx > MoveCard > does not call onClick when clicked but NRG insufficient
 FAIL  src/components/MoveCard.test.tsx > MoveCard > does not call onClick when clicked but disabled
 FAIL  src/components/MoveCard.test.tsx > MoveCard > renders move with status effect
 FAIL  src/components/MoveCard.test.tsx > MoveCard > renders move with stat modifier effect
 FAIL  src/components/MoveCard.test.tsx > MoveCard > renders move with negative stat modifier
 FAIL  src/components/MoveCard.test.tsx > MoveCard > renders move with both status and stat modifier
 FAIL  src/components/MoveCard.test.tsx > MoveCard > does not render effect section when no effect
 FAIL  src/components/MoveCard.test.tsx > MoveCard > uses default currentNrg of Infinity
 FAIL  src/components/MoveCard.test.tsx > MoveCard > renders with various accuracy values
 FAIL  src/components/MoveCard.test.tsx > MoveCard > renders with zero power move
ReferenceError: document is not defined
 ❯ src/components/MoveCard.test.tsx:22:5
     20| 
     21|   beforeEach(() => {
     22|     container = document.createElement('div')
       |     ^
     23|     document.body.appendChild(container)
     24|   })

⎯⎯⎯⎯⎯⎯⎯⎯⎯⎯⎯⎯⎯⎯⎯⎯⎯⎯⎯⎯⎯⎯[1/292]⎯

 FAIL  src/components/MoveCard.test.tsx > MoveCard > renders move name
 FAIL  src/components/MoveCard.test.tsx > MoveCard > renders move power
 FAIL  src/components/MoveCard.test.tsx > MoveCard > renders move NRG cost
 FAIL  src/components/MoveCard.test.tsx > MoveCard > renders move category
 FAIL  src/components/MoveCard.test.tsx > MoveCard > renders move accuracy
 FAIL  src/components/MoveCard.test.tsx > MoveCard > renders type badge
 FAIL  src/components/MoveCard.test.tsx > MoveCard > shows "Not enough NRG!" when current NRG is less than cost
 FAIL  src/components/MoveCard.test.tsx > MoveCard > does not show "Not enough NRG!" when current NRG is enough
 FAIL  src/components/MoveCard.test.tsx > MoveCard > shows "Not enough NRG!" when current NRG equals cost minus one
 FAIL  src/components/MoveCard.test.tsx > MoveCard > does not show "Not enough NRG!" when current NRG equals cost
 FAIL  src/components/MoveCard.test.tsx > MoveCard > applies selected styling when selected is true
 FAIL  src/components/MoveCard.test.tsx > MoveCard > applies default styling when selected is false
 FAIL  src/components/MoveCard.test.tsx > MoveCard > applies disabled styling when disabled is true
 FAIL  src/components/MoveCard.test.tsx > MoveCard > has pointer cursor when move is affordable and not disabled
 FAIL  src/components/MoveCard.test.tsx > MoveCard > has not-allowed cursor when NRG is insufficient
 FAIL  src/components/MoveCard.test.tsx > MoveCard > has not-allowed cursor when disabled
 FAIL  src/components/MoveCard.test.tsx > MoveCard > calls onClick when clicked and affordable
 FAIL  src/components/MoveCard.test.tsx > MoveCard > does not call onClick when clicked but NRG insufficient
 FAIL  src/components/MoveCard.test.tsx > MoveCard > does not call onClick when clicked but disabled
 FAIL  src/components/MoveCard.test.tsx > MoveCard > renders move with status effect
 FAIL  src/components/MoveCard.test.tsx > MoveCard > renders move with stat modifier effect
 FAIL  src/components/MoveCard.test.tsx > MoveCard > renders move with negative stat modifier
 FAIL  src/components/MoveCard.test.tsx > MoveCard > renders move with both status and stat modifier
 FAIL  src/components/MoveCard.test.tsx > MoveCard > does not render effect section when no effect
 FAIL  src/components/MoveCard.test.tsx > MoveCard > uses default currentNrg of Infinity
 FAIL  src/components/MoveCard.test.tsx > MoveCard > renders with various accuracy values
 FAIL  src/components/MoveCard.test.tsx > MoveCard > renders with zero power move
ReferenceError: document is not defined
 ❯ src/components/MoveCard.test.tsx:27:5
     25| 
     26|   afterEach(() => {
     27|     document.body.removeChild(container)
       |     ^
     28|   })
     29| 

⎯⎯⎯⎯⎯⎯⎯⎯⎯⎯⎯⎯⎯⎯⎯⎯⎯⎯⎯⎯⎯⎯[2/292]⎯

 FAIL  src/components/Button.test.tsx > Button > renders with default props
 FAIL  src/components/Button.test.tsx > Button > renders with primary variant (default)
 FAIL  src/components/Button.test.tsx > Button > renders with secondary variant
 FAIL  src/components/Button.test.tsx > Button > renders with danger variant
 FAIL  src/components/Button.test.tsx > Button > renders with small size
 FAIL  src/components/Button.test.tsx > Button > renders with medium size (default)
 FAIL  src/components/Button.test.tsx > Button > renders with large size
 FAIL  src/components/Button.test.tsx > Button > applies disabled state styling
 FAIL  src/components/Button.test.tsx > Button > handles click events
 FAIL  src/components/Button.test.tsx > Button > does not call onClick when disabled
 FAIL  src/components/Button.test.tsx > Button > applies hover effects on mouseenter
 FAIL  src/components/Button.test.tsx > Button > removes hover effects on mouseleave
 FAIL  src/components/Button.test.tsx > Button > does not apply hover effects when disabled
 FAIL  src/components/Button.test.tsx > Button > renders with custom HTML attributes
ReferenceError: document is not defined
 ❯ src/components/Button.test.tsx:10:5
      8| 
      9|   beforeEach(() => {
     10|     container = document.createElement('div')
       |     ^
     11|     document.body.appendChild(container)
     12|   })

⎯⎯⎯⎯⎯⎯⎯⎯⎯⎯⎯⎯⎯⎯⎯⎯⎯⎯⎯⎯⎯⎯[3/292]⎯

 FAIL  src/components/Button.test.tsx > Button > renders with default props
 FAIL  src/components/Button.test.tsx > Button > renders with primary variant (default)
 FAIL  src/components/Button.test.tsx > Button > renders with secondary variant
 FAIL  src/components/Button.test.tsx > Button > renders with danger variant
 FAIL  src/components/Button.test.tsx > Button > renders with small size
 FAIL  src/components/Button.test.tsx > Button > renders with medium size (default)
 FAIL  src/components/Button.test.tsx > Button > renders with large size
 FAIL  src/components/Button.test.tsx > Button > applies disabled state styling
 FAIL  src/components/Button.test.tsx > Button > handles click events
 FAIL  src/components/Button.test.tsx > Button > does not call onClick when disabled
 FAIL  src/components/Button.test.tsx > Button > applies hover effects on mouseenter
 FAIL  src/components/Button.test.tsx > Button > removes hover effects on mouseleave
 FAIL  src/components/Button.test.tsx > Button > does not apply hover effects when disabled
 FAIL  src/components/Button.test.tsx > Button > renders with custom HTML attributes
ReferenceError: document is not defined
 ❯ src/components/Button.test.tsx:16:5
     14|   afterEach(() => {
     15|     
     16|     document.body.removeChild(container)
       |     ^
     17|   })
     18| 

⎯⎯⎯⎯⎯⎯⎯⎯⎯⎯⎯⎯⎯⎯⎯⎯⎯⎯⎯⎯⎯⎯[4/292]⎯

 FAIL  src/components/Card.test.tsx > Card > renders children content
 FAIL  src/components/Card.test.tsx > Card > renders with title when provided
 FAIL  src/components/Card.test.tsx > Card > does not render title when not provided
 FAIL  src/components/Card.test.tsx > Card > applies default card styling
 FAIL  src/components/Card.test.tsx > Card > applies selected styling when selected is true
 FAIL  src/components/Card.test.tsx > Card > applies disabled styling when disabled is true
 FAIL  src/components/Card.test.tsx > Card > applies pointer cursor when onClick is provided
 FAIL  src/components/Card.test.tsx > Card > does not apply pointer cursor when onClick is provided but disabled is true
 FAIL  src/components/Card.test.tsx > Card > calls onClick handler when clicked
 FAIL  src/components/Card.test.tsx > Card > calls onClick handler even when disabled (HTML click behavior)
 FAIL  src/components/Card.test.tsx > Card > has transition effect
 FAIL  src/components/Card.test.tsx > Card > renders title with correct styling
 FAIL  src/components/Card.test.tsx > Card > renders children inside a wrapper div
ReferenceError: document is not defined
 ❯ src/components/Card.test.tsx:10:5
      8| 
      9|   beforeEach(() => {
     10|     container = document.createElement('div')
       |     ^
     11|     document.body.appendChild(container)
     12|   })

⎯⎯⎯⎯⎯⎯⎯⎯⎯⎯⎯⎯⎯⎯⎯⎯⎯⎯⎯⎯⎯⎯[5/292]⎯

 FAIL  src/components/Card.test.tsx > Card > renders children content
 FAIL  src/components/Card.test.tsx > Card > renders with title when provided
 FAIL  src/components/Card.test.tsx > Card > does not render title when not provided
 FAIL  src/components/Card.test.tsx > Card > applies default card styling
 FAIL  src/components/Card.test.tsx > Card > applies selected styling when selected is true
 FAIL  src/components/Card.test.tsx > Card > applies disabled styling when disabled is true
 FAIL  src/components/Card.test.tsx > Card > applies pointer cursor when onClick is provided
 FAIL  src/components/Card.test.tsx > Card > does not apply pointer cursor when onClick is provided but disabled is true
 FAIL  src/components/Card.test.tsx > Card > calls onClick handler when clicked
 FAIL  src/components/Card.test.tsx > Card > calls onClick handler even when disabled (HTML click behavior)
 FAIL  src/components/Card.test.tsx > Card > has transition effect
 FAIL  src/components/Card.test.tsx > Card > renders title with correct styling
 FAIL  src/components/Card.test.tsx > Card > renders children inside a wrapper div
ReferenceError: document is not defined
 ❯ src/components/Card.test.tsx:15:5
     13| 
     14|   afterEach(() => {
     15|     document.body.removeChild(container)
       |     ^
     16|   })
     17| 

⎯⎯⎯⎯⎯⎯⎯⎯⎯⎯⎯⎯⎯⎯⎯⎯⎯⎯⎯⎯⎯⎯[6/292]⎯

 FAIL  src/components/StatBar.test.tsx > StatBar > renders label
 FAIL  src/components/StatBar.test.tsx > StatBar > displays current and max values by default
 FAIL  src/components/StatBar.test.tsx > StatBar > hides values when showValues is false
 FAIL  src/components/StatBar.test.tsx > StatBar > calculates percentage correctly at 50%
 FAIL  src/components/StatBar.test.tsx > StatBar > calculates percentage correctly at 100%
 FAIL  src/components/StatBar.test.tsx > StatBar > calculates percentage correctly at 0%
 FAIL  src/components/StatBar.test.tsx > StatBar > handles partial percentages
 FAIL  src/components/StatBar.test.tsx > StatBar > clamps percentage to 100% when current exceeds max
 FAIL  src/components/StatBar.test.tsx > StatBar > clamps percentage to 0% when current is negative
 FAIL  src/components/StatBar.test.tsx > StatBar > applies default color
 FAIL  src/components/StatBar.test.tsx > StatBar > applies custom color
 FAIL  src/components/StatBar.test.tsx > StatBar > shows percentage text when bar width > 20%
 FAIL  src/components/StatBar.test.tsx > StatBar > does not show percentage text when bar width <= 20%
 FAIL  src/components/StatBar.test.tsx > StatBar > shows percentage text at exactly 21% (> 20%)
 FAIL  src/components/StatBar.test.tsx > StatBar > has transition effect on fill bar
 FAIL  src/components/StatBar.test.tsx > StatBar > floors current value in display
 FAIL  src/components/StatBar.test.tsx > StatBar > floors max value in display
 FAIL  src/components/StatBar.test.tsx > StatBar > floors percentage in text display
 FAIL  src/components/StatBar.test.tsx > StatBar > renders with large stats
ReferenceError: document is not defined
 ❯ src/components/StatBar.test.tsx:10:5
      8| 
      9|   beforeEach(() => {
     10|     container = document.createElement('div')
       |     ^
     11|     document.body.appendChild(container)
     12|   })

⎯⎯⎯⎯⎯⎯⎯⎯⎯⎯⎯⎯⎯⎯⎯⎯⎯⎯⎯⎯⎯⎯[7/292]⎯

 FAIL  src/components/StatBar.test.tsx > StatBar > renders label
 FAIL  src/components/StatBar.test.tsx > StatBar > displays current and max values by default
 FAIL  src/components/StatBar.test.tsx > StatBar > hides values when showValues is false
 FAIL  src/components/StatBar.test.tsx > StatBar > calculates percentage correctly at 50%
 FAIL  src/components/StatBar.test.tsx > StatBar > calculates percentage correctly at 100%
 FAIL  src/components/StatBar.test.tsx > StatBar > calculates percentage correctly at 0%
 FAIL  src/components/StatBar.test.tsx > StatBar > handles partial percentages
 FAIL  src/components/StatBar.test.tsx > StatBar > clamps percentage to 100% when current exceeds max
 FAIL  src/components/StatBar.test.tsx > StatBar > clamps percentage to 0% when current is negative
 FAIL  src/components/StatBar.test.tsx > StatBar > applies default color
 FAIL  src/components/StatBar.test.tsx > StatBar > applies custom color
 FAIL  src/components/StatBar.test.tsx > StatBar > shows percentage text when bar width > 20%
 FAIL  src/components/StatBar.test.tsx > StatBar > does not show percentage text when bar width <= 20%
 FAIL  src/components/StatBar.test.tsx > StatBar > shows percentage text at exactly 21% (> 20%)
 FAIL  src/components/StatBar.test.tsx > StatBar > has transition effect on fill bar
 FAIL  src/components/StatBar.test.tsx > StatBar > floors current value in display
 FAIL  src/components/StatBar.test.tsx > StatBar > floors max value in display
 FAIL  src/components/StatBar.test.tsx > StatBar > floors percentage in text display
 FAIL  src/components/StatBar.test.tsx > StatBar > renders with large stats
ReferenceError: document is not defined
 ❯ src/components/StatBar.test.tsx:15:5
     13| 
     14|   afterEach(() => {
     15|     document.body.removeChild(container)
       |     ^
     16|   })
     17| 

⎯⎯⎯⎯⎯⎯⎯⎯⎯⎯⎯⎯⎯⎯⎯⎯⎯⎯⎯⎯⎯⎯[8/292]⎯

 FAIL  src/components/Grid.test.tsx > Grid > renders children
 FAIL  src/components/Grid.test.tsx > Grid > applies display: grid
 FAIL  src/components/Grid.test.tsx > Grid > applies default column (auto)
 FAIL  src/components/Grid.test.tsx > Grid > applies numeric columns as repeat pattern
 FAIL  src/components/Grid.test.tsx > Grid > applies string columns directly
 FAIL  src/components/Grid.test.tsx > Grid > applies default gap (1rem)
 FAIL  src/components/Grid.test.tsx > Grid > applies custom gap
 FAIL  src/components/Grid.test.tsx > Grid > combines columns and gap
 FAIL  src/components/Grid.test.tsx > Grid > handles numeric column 1
 FAIL  src/components/Grid.test.tsx > Grid > handles numeric column 4
 FAIL  src/components/Grid.test.tsx > Grid > handles auto-fit pattern
 FAIL  src/components/Grid.test.tsx > Grid > handles minmax pattern
 FAIL  src/components/Grid.test.tsx > Grid > renders multiple children in grid
 FAIL  src/components/Grid.test.tsx > Grid > applies gap with numeric value
 FAIL  src/components/Grid.test.tsx > Grid > applies gap with pixel value
 FAIL  src/components/Grid.test.tsx > Grid > applies columns with custom CSS values
ReferenceError: document is not defined
 ❯ src/components/Grid.test.tsx:10:5
      8| 
      9|   beforeEach(() => {
     10|     container = document.createElement('div')
       |     ^
     11|     document.body.appendChild(container)
     12|   })

⎯⎯⎯⎯⎯⎯⎯⎯⎯⎯⎯⎯⎯⎯⎯⎯⎯⎯⎯⎯⎯⎯[9/292]⎯

 FAIL  src/components/Grid.test.tsx > Grid > renders children
 FAIL  src/components/Grid.test.tsx > Grid > applies display: grid
 FAIL  src/components/Grid.test.tsx > Grid > applies default column (auto)
 FAIL  src/components/Grid.test.tsx > Grid > applies numeric columns as repeat pattern
 FAIL  src/components/Grid.test.tsx > Grid > applies string columns directly
 FAIL  src/components/Grid.test.tsx > Grid > applies default gap (1rem)
 FAIL  src/components/Grid.test.tsx > Grid > applies custom gap
 FAIL  src/components/Grid.test.tsx > Grid > combines columns and gap
 FAIL  src/components/Grid.test.tsx > Grid > handles numeric column 1
 FAIL  src/components/Grid.test.tsx > Grid > handles numeric column 4
 FAIL  src/components/Grid.test.tsx > Grid > handles auto-fit pattern
 FAIL  src/components/Grid.test.tsx > Grid > handles minmax pattern
 FAIL  src/components/Grid.test.tsx > Grid > renders multiple children in grid
 FAIL  src/components/Grid.test.tsx > Grid > applies gap with numeric value
 FAIL  src/components/Grid.test.tsx > Grid > applies gap with pixel value
 FAIL  src/components/Grid.test.tsx > Grid > applies columns with custom CSS values
ReferenceError: document is not defined
 ❯ src/components/Grid.test.tsx:15:5
     13| 
     14|   afterEach(() => {
     15|     document.body.removeChild(container)
       |     ^
     16|   })
     17| 

⎯⎯⎯⎯⎯⎯⎯⎯⎯⎯⎯⎯⎯⎯⎯⎯⎯⎯⎯⎯⎯[10/292]⎯

 FAIL  src/components/ConfirmDialog.test.tsx > ConfirmDialog > renders title
 FAIL  src/components/ConfirmDialog.test.tsx > ConfirmDialog > renders message
 FAIL  src/components/ConfirmDialog.test.tsx > ConfirmDialog > renders default confirm button text
 FAIL  src/components/ConfirmDialog.test.tsx > ConfirmDialog > renders default cancel button text
 FAIL  src/components/ConfirmDialog.test.tsx > ConfirmDialog > renders custom confirm button text
 FAIL  src/components/ConfirmDialog.test.tsx > ConfirmDialog > renders custom cancel button text
 FAIL  src/components/ConfirmDialog.test.tsx > ConfirmDialog > calls onConfirm when confirm button is clicked
 FAIL  src/components/ConfirmDialog.test.tsx > ConfirmDialog > calls onCancel when cancel button is clicked
 FAIL  src/components/ConfirmDialog.test.tsx > ConfirmDialog > calls onCancel when backdrop is clicked
 FAIL  src/components/ConfirmDialog.test.tsx > ConfirmDialog > does not call onCancel when dialog content is clicked
 FAIL  src/components/ConfirmDialog.test.tsx > ConfirmDialog > applies normal variant styling to confirm button by default
 FAIL  src/components/ConfirmDialog.test.tsx > ConfirmDialog > applies dangerous variant styling to confirm button when isDangerous is true
 FAIL  src/components/ConfirmDialog.test.tsx > ConfirmDialog > has backdrop overlay with semi-transparent background
 FAIL  src/components/ConfirmDialog.test.tsx > ConfirmDialog > centers dialog on screen
 FAIL  src/components/ConfirmDialog.test.tsx > ConfirmDialog > applies dialog styling
 FAIL  src/components/ConfirmDialog.test.tsx > ConfirmDialog > renders cancel button with correct styling
 FAIL  src/components/ConfirmDialog.test.tsx > ConfirmDialog > renders confirm button with white text
 FAIL  src/components/ConfirmDialog.test.tsx > ConfirmDialog > handles long title and message
ReferenceError: document is not defined
 ❯ src/components/ConfirmDialog.test.tsx:10:5
      8| 
      9|   beforeEach(() => {
     10|     container = document.createElement('div')
       |     ^
     11|     document.body.appendChild(container)
     12|   })

⎯⎯⎯⎯⎯⎯⎯⎯⎯⎯⎯⎯⎯⎯⎯⎯⎯⎯⎯⎯⎯[11/292]⎯

 FAIL  src/components/ConfirmDialog.test.tsx > ConfirmDialog > renders title
 FAIL  src/components/ConfirmDialog.test.tsx > ConfirmDialog > renders message
 FAIL  src/components/ConfirmDialog.test.tsx > ConfirmDialog > renders default confirm button text
 FAIL  src/components/ConfirmDialog.test.tsx > ConfirmDialog > renders default cancel button text
 FAIL  src/components/ConfirmDialog.test.tsx > ConfirmDialog > renders custom confirm button text
 FAIL  src/components/ConfirmDialog.test.tsx > ConfirmDialog > renders custom cancel button text
 FAIL  src/components/ConfirmDialog.test.tsx > ConfirmDialog > calls onConfirm when confirm button is clicked
 FAIL  src/components/ConfirmDialog.test.tsx > ConfirmDialog > calls onCancel when cancel button is clicked
 FAIL  src/components/ConfirmDialog.test.tsx > ConfirmDialog > calls onCancel when backdrop is clicked
 FAIL  src/components/ConfirmDialog.test.tsx > ConfirmDialog > does not call onCancel when dialog content is clicked
 FAIL  src/components/ConfirmDialog.test.tsx > ConfirmDialog > applies normal variant styling to confirm button by default
 FAIL  src/components/ConfirmDialog.test.tsx > ConfirmDialog > applies dangerous variant styling to confirm button when isDangerous is true
 FAIL  src/components/ConfirmDialog.test.tsx > ConfirmDialog > has backdrop overlay with semi-transparent background
 FAIL  src/components/ConfirmDialog.test.tsx > ConfirmDialog > centers dialog on screen
 FAIL  src/components/ConfirmDialog.test.tsx > ConfirmDialog > applies dialog styling
 FAIL  src/components/ConfirmDialog.test.tsx > ConfirmDialog > renders cancel button with correct styling
 FAIL  src/components/ConfirmDialog.test.tsx > ConfirmDialog > renders confirm button with white text
 FAIL  src/components/ConfirmDialog.test.tsx > ConfirmDialog > handles long title and message
ReferenceError: document is not defined
 ❯ src/components/ConfirmDialog.test.tsx:15:5
     13| 
     14|   afterEach(() => {
     15|     document.body.removeChild(container)
       |     ^
     16|   })
     17| 

⎯⎯⎯⎯⎯⎯⎯⎯⎯⎯⎯⎯⎯⎯⎯⎯⎯⎯⎯⎯⎯[12/292]⎯

 FAIL  src/components/BerryvolutionCard.test.tsx > BerryvolutionCard > renders member name in full mode
 FAIL  src/components/BerryvolutionCard.test.tsx > BerryvolutionCard > renders member name in compact mode
 FAIL  src/components/BerryvolutionCard.test.tsx > BerryvolutionCard > renders member level in full mode
 FAIL  src/components/BerryvolutionCard.test.tsx > BerryvolutionCard > renders member level in compact mode
 FAIL  src/components/BerryvolutionCard.test.tsx > BerryvolutionCard > renders type badge in full mode
 FAIL  src/components/BerryvolutionCard.test.tsx > BerryvolutionCard > renders type badge in compact mode
 FAIL  src/components/BerryvolutionCard.test.tsx > BerryvolutionCard > renders HP stat bar in full mode
 FAIL  src/components/BerryvolutionCard.test.tsx > BerryvolutionCard > renders all stat bars in full mode
 FAIL  src/components/BerryvolutionCard.test.tsx > BerryvolutionCard > renders only HP stat bar in compact mode
 FAIL  src/components/BerryvolutionCard.test.tsx > BerryvolutionCard > renders XP info in full mode
 FAIL  src/components/BerryvolutionCard.test.tsx > BerryvolutionCard > does not render XP info in compact mode
 FAIL  src/components/BerryvolutionCard.test.tsx > BerryvolutionCard > renders move count in full mode
 FAIL  src/components/BerryvolutionCard.test.tsx > BerryvolutionCard > does not render move count in full mode when no moves unlocked
 FAIL  src/components/BerryvolutionCard.test.tsx > BerryvolutionCard > applies selected styling when selected is true
 FAIL  src/components/BerryvolutionCard.test.tsx > BerryvolutionCard > applies default styling when selected is false
 FAIL  src/components/BerryvolutionCard.test.tsx > BerryvolutionCard > has pointer cursor when onClick is provided
 FAIL  src/components/BerryvolutionCard.test.tsx > BerryvolutionCard > calls onClick handler when clicked
 FAIL  src/components/BerryvolutionCard.test.tsx > BerryvolutionCard > renders berryvolution member with correct type
 FAIL  src/components/BerryvolutionCard.test.tsx > BerryvolutionCard > renders berryvolution with correct stats
 FAIL  src/components/BerryvolutionCard.test.tsx > BerryvolutionCard > shows correct move count for multiple moves
 FAIL  src/components/BerryvolutionCard.test.tsx > BerryvolutionCard > renders compact card with proper layout
 FAIL  src/components/BerryvolutionCard.test.tsx > BerryvolutionCard > full mode card is larger than compact mode
 FAIL  src/components/BerryvolutionCard.test.tsx > BerryvolutionCard > renders member with high level
 FAIL  src/components/BerryvolutionCard.test.tsx > BerryvolutionCard > renders member with zero HP
 FAIL  src/components/BerryvolutionCard.test.tsx > BerryvolutionCard > renders HP bar with correct values
 FAIL  src/components/BerryvolutionCard.test.tsx > BerryvolutionCard > responds to selection state changes
ReferenceError: document is not defined
 ❯ src/components/BerryvolutionCard.test.tsx:43:5
     41| 
     42|   beforeEach(() => {
     43|     container = document.createElement('div')
       |     ^
     44|     document.body.appendChild(container)
     45|   })

⎯⎯⎯⎯⎯⎯⎯⎯⎯⎯⎯⎯⎯⎯⎯⎯⎯⎯⎯⎯⎯[13/292]⎯

 FAIL  src/components/BerryvolutionCard.test.tsx > BerryvolutionCard > renders member name in full mode
 FAIL  src/components/BerryvolutionCard.test.tsx > BerryvolutionCard > renders member name in compact mode
 FAIL  src/components/BerryvolutionCard.test.tsx > BerryvolutionCard > renders member level in full mode
 FAIL  src/components/BerryvolutionCard.test.tsx > BerryvolutionCard > renders member level in compact mode
 FAIL  src/components/BerryvolutionCard.test.tsx > BerryvolutionCard > renders type badge in full mode
 FAIL  src/components/BerryvolutionCard.test.tsx > BerryvolutionCard > renders type badge in compact mode
 FAIL  src/components/BerryvolutionCard.test.tsx > BerryvolutionCard > renders HP stat bar in full mode
 FAIL  src/components/BerryvolutionCard.test.tsx > BerryvolutionCard > renders all stat bars in full mode
 FAIL  src/components/BerryvolutionCard.test.tsx > BerryvolutionCard > renders only HP stat bar in compact mode
 FAIL  src/components/BerryvolutionCard.test.tsx > BerryvolutionCard > renders XP info in full mode
 FAIL  src/components/BerryvolutionCard.test.tsx > BerryvolutionCard > does not render XP info in compact mode
 FAIL  src/components/BerryvolutionCard.test.tsx > BerryvolutionCard > renders move count in full mode
 FAIL  src/components/BerryvolutionCard.test.tsx > BerryvolutionCard > does not render move count in full mode when no moves unlocked
 FAIL  src/components/BerryvolutionCard.test.tsx > BerryvolutionCard > applies selected styling when selected is true
 FAIL  src/components/BerryvolutionCard.test.tsx > BerryvolutionCard > applies default styling when selected is false
 FAIL  src/components/BerryvolutionCard.test.tsx > BerryvolutionCard > has pointer cursor when onClick is provided
 FAIL  src/components/BerryvolutionCard.test.tsx > BerryvolutionCard > calls onClick handler when clicked
 FAIL  src/components/BerryvolutionCard.test.tsx > BerryvolutionCard > renders berryvolution member with correct type
 FAIL  src/components/BerryvolutionCard.test.tsx > BerryvolutionCard > renders berryvolution with correct stats
 FAIL  src/components/BerryvolutionCard.test.tsx > BerryvolutionCard > shows correct move count for multiple moves
 FAIL  src/components/BerryvolutionCard.test.tsx > BerryvolutionCard > renders compact card with proper layout
 FAIL  src/components/BerryvolutionCard.test.tsx > BerryvolutionCard > full mode card is larger than compact mode
 FAIL  src/components/BerryvolutionCard.test.tsx > BerryvolutionCard > renders member with high level
 FAIL  src/components/BerryvolutionCard.test.tsx > BerryvolutionCard > renders member with zero HP
 FAIL  src/components/BerryvolutionCard.test.tsx > BerryvolutionCard > renders HP bar with correct values
 FAIL  src/components/BerryvolutionCard.test.tsx > BerryvolutionCard > responds to selection state changes
ReferenceError: document is not defined
 ❯ src/components/BerryvolutionCard.test.tsx:48:5
     46| 
     47|   afterEach(() => {
     48|     document.body.removeChild(container)
       |     ^
     49|   })
     50| 

⎯⎯⎯⎯⎯⎯⎯⎯⎯⎯⎯⎯⎯⎯⎯⎯⎯⎯⎯⎯⎯[14/292]⎯

 FAIL  src/components/TypeBadge.test.tsx > TypeBadge > renders with Fire type
 FAIL  src/components/TypeBadge.test.tsx > TypeBadge > renders with Water type
 FAIL  src/components/TypeBadge.test.tsx > TypeBadge > renders with Grass type
 FAIL  src/components/TypeBadge.test.tsx > TypeBadge > renders with Electric type
 FAIL  src/components/TypeBadge.test.tsx > TypeBadge > renders with Rock type
 FAIL  src/components/TypeBadge.test.tsx > TypeBadge > renders with Ice type
 FAIL  src/components/TypeBadge.test.tsx > TypeBadge > renders with Psychic type
 FAIL  src/components/TypeBadge.test.tsx > TypeBadge > applies small size
 FAIL  src/components/TypeBadge.test.tsx > TypeBadge > applies medium size (default)
 FAIL  src/components/TypeBadge.test.tsx > TypeBadge > applies large size
 FAIL  src/components/TypeBadge.test.tsx > TypeBadge > applies default medium size when size is not provided
 FAIL  src/components/TypeBadge.test.tsx > TypeBadge > applies badge styling
 FAIL  src/components/TypeBadge.test.tsx > TypeBadge > displays type in uppercase
ReferenceError: document is not defined
 ❯ src/components/TypeBadge.test.tsx:11:5
      9| 
     10|   beforeEach(() => {
     11|     container = document.createElement('div')
       |     ^
     12|     document.body.appendChild(container)
     13|   })

⎯⎯⎯⎯⎯⎯⎯⎯⎯⎯⎯⎯⎯⎯⎯⎯⎯⎯⎯⎯⎯[15/292]⎯

 FAIL  src/components/TypeBadge.test.tsx > TypeBadge > renders with Fire type
 FAIL  src/components/TypeBadge.test.tsx > TypeBadge > renders with Water type
 FAIL  src/components/TypeBadge.test.tsx > TypeBadge > renders with Grass type
 FAIL  src/components/TypeBadge.test.tsx > TypeBadge > renders with Electric type
 FAIL  src/components/TypeBadge.test.tsx > TypeBadge > renders with Rock type
 FAIL  src/components/TypeBadge.test.tsx > TypeBadge > renders with Ice type
 FAIL  src/components/TypeBadge.test.tsx > TypeBadge > renders with Psychic type
 FAIL  src/components/TypeBadge.test.tsx > TypeBadge > applies small size
 FAIL  src/components/TypeBadge.test.tsx > TypeBadge > applies medium size (default)
 FAIL  src/components/TypeBadge.test.tsx > TypeBadge > applies large size
 FAIL  src/components/TypeBadge.test.tsx > TypeBadge > applies default medium size when size is not provided
 FAIL  src/components/TypeBadge.test.tsx > TypeBadge > applies badge styling
 FAIL  src/components/TypeBadge.test.tsx > TypeBadge > displays type in uppercase
ReferenceError: document is not defined
 ❯ src/components/TypeBadge.test.tsx:16:5
     14| 
     15|   afterEach(() => {
     16|     document.body.removeChild(container)
       |     ^
     17|   })
     18| 

⎯⎯⎯⎯⎯⎯⎯⎯⎯⎯⎯⎯⎯⎯⎯⎯⎯⎯⎯⎯⎯[16/292]⎯

 Test Files  8 failed (8)
      Tests  146 failed (146)
   Start at  17:09:28
   Duration  8.61s


 FAIL  Tests failed. Watching for file changes...
       press h to show help, press q to quit
[1;1H[JTest removed... [ src/components/Card.test.tsx ]


⎯⎯⎯⎯ Unhandled Rejection ⎯⎯⎯⎯⎯
TypeError: Cannot read properties of undefined (reading 'logUpdate')
 ❯ createListRenderer node_modules/vitest/dist/vendor/index.-xs08BYx.js:1936:30
 ❯ DefaultReporter.onTestRemoved node_modules/vitest/dist/vendor/index.-xs08BYx.js:2007:5
 ❯ Vitest.report node_modules/vitest/dist/vendor/cli-api.OdDWuB7Y.js:11537:5




